ARM Linker, 5.03 [Build 24] [MDK-ARM Professional]

==============================================================================

Section Cross References

    main.o(.text) refers to sys.o(.text) for NVIC_Configuration
    main.o(.text) refers to delay.o(.text) for delay_init
    main.o(.text) refers to os_core.o(.text) for OSInit
    main.o(.text) refers to os_task.o(.text) for OSTaskCreate
    main.o(.text) refers to task.o(.bss) for START_TASK_STK
    main.o(.text) refers to task.o(.text) for start_task
    system_stm32f10x.o(.text) refers to system_stm32f10x.o(.data) for SystemCoreClock
    myspi.o(.text) refers to stm32f10x_rcc.o(.text) for RCC_APB2PeriphClockCmd
    myspi.o(.text) refers to stm32f10x_gpio.o(.text) for GPIO_Init
    stm32spi1.o(.text) refers to stm32f10x_rcc.o(.text) for RCC_APB2PeriphClockCmd
    stm32spi1.o(.text) refers to stm32f10x_gpio.o(.text) for GPIO_Init
    stm32spi1.o(.text) refers to stm32f10x_spi.o(.text) for SPI_Init
    stm32spi2.o(.text) refers to stm32f10x_rcc.o(.text) for RCC_APB2PeriphClockCmd
    stm32spi2.o(.text) refers to stm32f10x_gpio.o(.text) for GPIO_Init
    stm32spi2.o(.text) refers to stm32f10x_spi.o(.text) for SPI_Init
    myiic.o(.text) refers to stm32f10x_rcc.o(.text) for RCC_APB2PeriphClockCmd
    myiic.o(.text) refers to stm32f10x_gpio.o(.text) for GPIO_Init
    myiic.o(.text) refers to delay.o(.text) for delay_us
    led.o(.text) refers to stm32f10x_rcc.o(.text) for RCC_APB2PeriphClockCmd
    led.o(.text) refers to stm32f10x_gpio.o(.text) for GPIO_Init
    beep.o(.text) refers to stm32f10x_rcc.o(.text) for RCC_APB2PeriphClockCmd
    beep.o(.text) refers to stm32f10x_gpio.o(.text) for GPIO_Init
    lock.o(.text) refers to stm32f10x_rcc.o(.text) for RCC_APB2PeriphClockCmd
    lock.o(.text) refers to stm32f10x_gpio.o(.text) for GPIO_Init
    lock.o(.text) refers to delay.o(.text) for delay_ms
    speaker.o(.text) refers to stm32f10x_rcc.o(.text) for RCC_APB2PeriphClockCmd
    speaker.o(.text) refers to stm32f10x_gpio.o(.text) for GPIO_Init
    speaker.o(.text) refers to delay.o(.text) for delay_ms
    wt588d16.o(.text) refers to stm32f10x_gpio.o(.text) for GPIO_ResetBits
    wt588d16.o(.text) refers to stm32f10x_rcc.o(.text) for RCC_APB2PeriphClockCmd
    wt588d16.o(.text) refers to delay.o(.text) for delay_ms
    wt588d16.o(.text) refers to usart3.o(.text) for uart3_putString
    wt588d16.o(.text) refers to wt588d16.o(.bss) for pagebuf
    wt588d16.o(.text) refers to wt588d16.o(.data) for voiceFlashEraseFlag
    sst25vf016.o(.text) refers to myspi.o(.text) for Rec_1_Char
    sst25vf016.o(.text) refers to rt_memcpy_v6.o(.text) for __aeabi_memcpy
    sst25vf016.o(.text) refers to sst25vf016.o(.data) for fac_id
    sst25vf016.o(.text) refers to sst25vf016.o(.bss) for SPI_FLASH_BUF
    sst25vf016.o(.text) refers to memcmp.o(.text) for memcmp
    lcd12864.o(.text) refers to stm32f10x_rcc.o(.text) for RCC_APB2PeriphClockCmd
    lcd12864.o(.text) refers to stm32f10x_gpio.o(.text) for GPIO_Init
    lcd12864.o(.text) refers to sst25vf016.o(.text) for SST25_ReadFlash
    myflash.o(.text) refers to stm32f10x_flash.o(.text) for FLASH_Unlock
    myflash.o(.text) refers to myflash.o(.data) for FLASHStatus
    rtc.o(.text) refers to misc.o(.text) for NVIC_Init
    rtc.o(.text) refers to stm32f10x_rtc.o(.text) for RTC_GetCounter
    rtc.o(.text) refers to stm32f10x_rcc.o(.text) for RCC_APB1PeriphClockCmd
    rtc.o(.text) refers to stm32f10x_pwr.o(.text) for PWR_BackupAccessCmd
    rtc.o(.text) refers to stm32f10x_bkp.o(.text) for BKP_ReadBackupRegister
    rtc.o(.text) refers to delay.o(.text) for delay_ms
    rtc.o(.text) refers to os_cpu_a.o(.text) for OS_CPU_SR_Save
    rtc.o(.text) refers to rtc.o(.constdata) for table_week
    rtc.o(.text) refers to rtc.o(.data) for daycnt
    rtc.o(.text) refers to rtc.o(.bss) for calendar
    oled.o(.text) refers to stm32f10x_rcc.o(.text) for RCC_APB2PeriphClockCmd
    oled.o(.text) refers to stm32f10x_gpio.o(.text) for GPIO_Init
    oled.o(.text) refers to sst25vf016.o(.text) for SST25_ReadFlash
    bikerc522.o(.text) refers to stm32spi1.o(.text) for SPI1_ReadWriteByte
    bikerc522.o(.text) refers to stm32f10x_rcc.o(.text) for RCC_APB2PeriphClockCmd
    bikerc522.o(.text) refers to stm32f10x_gpio.o(.text) for GPIO_Init
    bikerc522.o(.text) refers to delay.o(.text) for delay_ms
    userrc522.o(.text) refers to stm32spi2.o(.text) for SPI2_ReadWriteByte
    userrc522.o(.text) refers to stm32f10x_rcc.o(.text) for RCC_APB2PeriphClockCmd
    userrc522.o(.text) refers to stm32f10x_gpio.o(.text) for GPIO_Init
    userrc522.o(.text) refers to delay.o(.text) for delay_ms
    userrc522.o(.text) refers to userrc522.o(.data) for Pcb
    userrc522.o(.text) refers to rt_memclr_w.o(.text) for __aeabi_memclr4
    mytimer.o(.text) refers to stm32f10x_rcc.o(.text) for RCC_APB1PeriphClockCmd
    mytimer.o(.text) refers to stm32f10x_tim.o(.text) for TIM_TimeBaseInit
    mytimer.o(.text) refers to misc.o(.text) for NVIC_Init
[...]
    MYSPI2_WriteByte                         0x08010bbd   Thumb Code    80  wt588d16.o(.text)
    SPIFLASH_ChipInfo                        0x08010c0d   Thumb Code    54  wt588d16.o(.text)
    VoiceRead_CMD                            0x08010c43   Thumb Code    38  wt588d16.o(.text)
    VoiceBusy_Test                           0x08010c69   Thumb Code    20  wt588d16.o(.text)
    SPIFLASH_Write_EN                        0x08010c7d   Thumb Code    30  wt588d16.o(.text)
    SPIFLASH_Write_DIS                       0x08010c9b   Thumb Code    34  wt588d16.o(.text)
    SPIFLASH_EraseSector                     0x08010cbd   Thumb Code    68  wt588d16.o(.text)
    SPIFLASH_EraseChip                       0x08010d01   Thumb Code    42  wt588d16.o(.text)
    SPIFLASH_EraseSecs                       0x08010d2b   Thumb Code    36  wt588d16.o(.text)
    VoiceFLASH_Read                          0x08010d4f   Thumb Code    84  wt588d16.o(.text)
    SPI_FLASH_Write                          0x08010da3   Thumb Code   138  wt588d16.o(.text)
    VoiceFlash_Write                         0x08010e2d   Thumb Code   290  wt588d16.o(.text)
    voiceFlashErase                          0x08010f4f   Thumb Code    14  wt588d16.o(.text)
    SPI_FLASH_ERASE                          0x08010f5d   Thumb Code    98  wt588d16.o(.text)
    EraseDataProgram                         0x08010fbf   Thumb Code    66  wt588d16.o(.text)
    voiceWrite                               0x08011001   Thumb Code    68  wt588d16.o(.text)
    voiceFlashTest                           0x08011045   Thumb Code    36  wt588d16.o(.text)
    SPI_Flash_ReadByte                       0x08011085   Thumb Code     8  sst25vf016.o(.text)
    SPI_Flash_SendByte                       0x0801108d   Thumb Code    12  sst25vf016.o(.text)
    SST25_Init                               0x08011099   Thumb Code    14  sst25vf016.o(.text)
    Read_CMD                                 0x080110a7   Thumb Code    32  sst25vf016.o(.text)
    FlashReadID                              0x080110c7   Thumb Code    58  sst25vf016.o(.text)
    Busy_Test                                0x08011101   Thumb Code    20  sst25vf016.o(.text)
    Write_EN                                 0x08011115   Thumb Code    24  sst25vf016.o(.text)
    Write_DIS                                0x0801112d   Thumb Code    28  sst25vf016.o(.text)
    Write_CMD                                0x08011149   Thumb Code    48  sst25vf016.o(.text)
    SST25_ReadFlash                          0x08011179   Thumb Code    78  sst25vf016.o(.text)
    Page_Clr                                 0x080111c7   Thumb Code    60  sst25vf016.o(.text)
    EraseSectors                             0x08011203   Thumb Code    28  sst25vf016.o(.text)
    SST25_WriteFlash                         0x0801121f   Thumb Code   168  sst25vf016.o(.text)
    SST25_WriteFlash2                        0x080112c7   Thumb Code   158  sst25vf016.o(.text)
    SPI_Flash_Write                          0x08011365   Thumb Code   126  sst25vf016.o(.text)
    writeInfoToSpiFlash                      0x080113e3   Thumb Code   194  sst25vf016.o(.text)
    readInfoFromSpiFlash                     0x080114a5   Thumb Code    82  sst25vf016.o(.text)
    testFlash                                0x080114f7   Thumb Code   106  sst25vf016.o(.text)
    delay                                    0x08011571   Thumb Code    26  lcd12864.o(.text)
    LCD_Pin_Init                             0x0801158b   Thumb Code    68  lcd12864.o(.text)
    writecommand                             0x080115cf   Thumb Code    84  lcd12864.o(.text)
    writedata                                0x08011623   Thumb Code    86  lcd12864.o(.text)
    disp_clear                               0x08011679   Thumb Code    62  lcd12864.o(.text)
    disp_full                                0x080116b7   Thumb Code    62  lcd12864.o(.text)
    lcd12864_init                            0x080116f5   Thumb Code   144  lcd12864.o(.text)
    lcd_address                              0x08011785   Thumb Code    58  lcd12864.o(.text)
    display_graphic_8x16                     0x080117bf   Thumb Code    82  lcd12864.o(.text)
    display_graphic_16x16                    0x08011811   Thumb Code   100  lcd12864.o(.text)
    Show_Str                                 0x08011875   Thumb Code    76  lcd12864.o(.text)
    Show_StrInLine                           0x080118c1   Thumb Code    36  lcd12864.o(.text)
    FlashRead                                0x080118ed   Thumb Code     6  myflash.o(.text)
    FlashWrite                               0x080118f3   Thumb Code   138  myflash.o(.text)
    RTC_Get_Week                             0x080119a3   Thumb Code   114  rtc.o(.text)
    Is_Leap_Year                             0x08011a15   Thumb Code    58  rtc.o(.text)
    RTC_Get                                  0x08011a4f   Thumb Code   330  rtc.o(.text)
    RTC_Set                                  0x08011b99   Thumb Code   230  rtc.o(.text)
    RTC_Init                                 0x08011c7f   Thumb Code   188  rtc.o(.text)
    RTC_IRQHandler                           0x08011d3b   Thumb Code    54  rtc.o(.text)
    oled_delay                               0x08011d8d   Thumb Code    26  oled.o(.text)
    OLED_Pin_Init                            0x08011da7   Thumb Code    48  oled.o(.text)
    oled_writecommand                        0x08011dd7   Thumb Code    80  oled.o(.text)
    oled_writedata                           0x08011e27   Thumb Code    82  oled.o(.text)
    oled_disp_clear                          0x08011e79   Thumb Code    56  oled.o(.text)
    oled_disp_full                           0x08011eb1   Thumb Code    56  oled.o(.text)
    oled_init                                0x08011ee9   Thumb Code   192  oled.o(.text)
    oled_address                             0x08011fa9   Thumb Code    42  oled.o(.text)
    oled_display_graphic_8x16                0x08011fd3   Thumb Code    82  oled.o(.text)
    oled_display_graphic_16x16               0x08012025   Thumb Code   100  oled.o(.text)
    oled_Show_Str                            0x08012089   Thumb Code    76  oled.o(.text)
    oled_Show_StrInLine                      0x080120d5   Thumb Code    36  oled.o(.text)
    bikeRC522_delay_ns                       0x080120fd   Thumb Code    18  bikerc522.o(.text)
    bikeRC522_ReadRawRC                      0x0801210f   Thumb Code    48  bikerc522.o(.text)
    bikeRC522_WriteRawRC                     0x0801213f   Thumb Code    40  bikerc522.o(.text)
    bikeRC522_SetBitMask                     0x08012167   Thumb Code    28  bikerc522.o(.text)
    bikeRC522_ClearBitMask                   0x08012183   Thumb Code    28  bikerc522.o(.text)
    bikeRC522_PcdAntennaOn                   0x0801219f   Thumb Code    26  bikerc522.o(.text)
    bikeRC522_PcdAntennaOff                  0x080121b9   Thumb Code    12  bikerc522.o(.text)
    bikeRC522_PcdReset                       0x080121c5   Thumb Code   112  bikerc522.o(.text)
    bikeRC522_M500PcdConfigISOType           0x08012235   Thumb Code    94  bikerc522.o(.text)
    bikeRC522_InitRc522                      0x08012293   Thumb Code    66  bikerc522.o(.text)
    bikeRC522_Reset_RC522                    0x080122d5   Thumb Code    22  bikerc522.o(.text)
    bikeRC522_CalulateCRC                    0x080122eb   Thumb Code   106  bikerc522.o(.text)
    bikeRC522_PcdComMF522                    0x08012355   Thumb Code   322  bikerc522.o(.text)
    bikeRC522_PcdRequest                     0x08012497   Thumb Code    86  bikerc522.o(.text)
    bikeRC522_PcdAnticoll                    0x080124ed   Thumb Code   122  bikerc522.o(.text)
    bikeRC522_PcdSelect                      0x08012567   Thumb Code   116  bikerc522.o(.text)
    bikeRC522_PcdAuthState                   0x080125db   Thumb Code    86  bikerc522.o(.text)
    bikeRC522_PcdRead                        0x08012631   Thumb Code    86  bikerc522.o(.text)
    bikeRC522_PcdWrite                       0x08012687   Thumb Code   150  bikerc522.o(.text)
    bikeRC522_PcdHalt                        0x0801271d   Thumb Code    52  bikerc522.o(.text)
    userRC522_delay_ns                       0x08012751   Thumb Code    18  userrc522.o(.text)
    userRC522_ReadRawRC                      0x08012763   Thumb Code    52  userrc522.o(.text)
    userRC522_WriteRawRC                     0x08012797   Thumb Code    44  userrc522.o(.text)
    userRC522_SetBitMask                     0x080127c3   Thumb Code    28  userrc522.o(.text)
    userRC522_ClearBitMask                   0x080127df   Thumb Code    28  userrc522.o(.text)
    userRC522_PcdAntennaOn                   0x080127fb   Thumb Code    26  userrc522.o(.text)
    userRC522_PcdAntennaOff                  0x08012815   Thumb Code    12  userrc522.o(.text)
    userRC522_PcdReset                       0x08012821   Thumb Code   112  userrc522.o(.text)
    userRC522_M500PcdConfigISOType           0x08012891   Thumb Code    94  userrc522.o(.text)
    userRC522_InitRc522                      0x080128ef   Thumb Code    66  userrc522.o(.text)
    userRC522_Reset_RC522                    0x08012931   Thumb Code    22  userrc522.o(.text)
    userRC522_PcdSwitchPCB                   0x08012947   Thumb Code    44  userrc522.o(.text)
    userRC522_CalulateCRC                    0x08012973   Thumb Code   106  userrc522.o(.text)
    userRC522_PcdComMF522                    0x080129dd   Thumb Code   320  userrc522.o(.text)
    userRC522_PcdRequest                     0x08012b1d   Thumb Code   100  userrc522.o(.text)
    userRC522_PcdAnticoll                    0x08012b81   Thumb Code   112  userrc522.o(.text)
    userRC522_PcdSelect                      0x08012bf1   Thumb Code   116  userrc522.o(.text)
    userRC522_PcdAuthState                   0x08012c65   Thumb Code    86  userrc522.o(.text)
    userRC522_PcdRead                        0x08012cbb   Thumb Code    86  userrc522.o(.text)
    userRC522_PcdWrite                       0x08012d11   Thumb Code   150  userrc522.o(.text)
    userRC522_PcdHalt                        0x08012da7   Thumb Code    52  userrc522.o(.text)
    userRC522_PcdRats                        0x08012ddb   Thumb Code    78  userrc522.o(.text)
    userRC522_PcdGetChallenge                0x08012e29   Thumb Code   166  userrc522.o(.text)
    userRC522_PcdExAuth                      0x08012ecf   Thumb Code   202  userrc522.o(.text)
    userRC522_PcdSelectFile                  0x08012f99   Thumb Code   192  userrc522.o(.text)
    userRC522_PcdReadBinary                  0x08013059   Thumb Code   186  userrc522.o(.text)
    userRC522_PcdUpdateBinary                0x08013113   Thumb Code   196  userrc522.o(.text)
    Time2_Init                               0x080131e1   Thumb Code    94  mytimer.o(.text)
    TIM2_IRQHandler                          0x0801323f   Thumb Code    50  mytimer.o(.text)
    Time3_Init                               0x08013271   Thumb Code    92  mytimer.o(.text)
    TIM3_IRQHandler                          0x080132cd   Thumb Code    46  mytimer.o(.text)
    timer3_GetCount                          0x080132fb   Thumb Code     6  mytimer.o(.text)
    timer3_ResetCount                        0x08013301   Thumb Code     8  mytimer.o(.text)
    App_DelayMs                              0x08013315   Thumb Code    30  app.o(.text)
    AppInit                                  0x08013333   Thumb Code    62  app.o(.text)
    AppInitSysPrmt                           0x08013371   Thumb Code     8  app.o(.text)
    TaskInit                                 0x08013379   Thumb Code    12  task.o(.text)
    start_task                               0x080134d9   Thumb Code    72  task.o(.text)
    CRC_Config                               0x080135c1   Thumb Code    12  crc.o(.text)
    CRC_GetVal                               0x080135cd   Thumb Code    52  crc.o(.text)
    progWrite                                0x08013605   Thumb Code    72  prog.o(.text)
    eraseZikuFlash                           0x08013659   Thumb Code    14  ziku.o(.text)
    WriteCharToFlash                         0x08013667   Thumb Code    30  ziku.o(.text)
    ziku_Write                               0x08013685   Thumb Code    64  ziku.o(.text)
    UserCard_Check                           0x080136d9   Thumb Code   134  usercard.o(.text)
    userCardCheck                            0x0801375f   Thumb Code   138  usercard.o(.text)
    SFT_Timer2_Irq                           0x08013801   Thumb Code   104  softtimer.o(.text)
    SFT_LED_Start                            0x080138a5   Thumb Code    28  softtimer.o(.text)
    SFT_LED_Stop                             0x080138c1   Thumb Code    12  softtimer.o(.text)
    SFTStartBlkTime                          0x080138cd   Thumb Code    18  softtimer.o(.text)
    comm3_Analyse                            0x08013a3d   Thumb Code    28  communication3.o(.text)
    uart3_init                               0x08013a95   Thumb Code   182  usart3.o(.text)
    Uart3RcvData                             0x08013b4b   Thumb Code   236  usart3.o(.text)
    USART3_IRQHandler                        0x08013c37   Thumb Code    54  usart3.o(.text)
    uart3_putchar                            0x08013c6d   Thumb Code    20  usart3.o(.text)
    uart3_send                               0x08013c81   Thumb Code    28  usart3.o(.text)
    uart3_putString                          0x08013c9d   Thumb Code    22  usart3.o(.text)
    Rcv3BufClearAll                          0x08013cb3   Thumb Code    22  usart3.o(.text)
    Rcv3BufInit                              0x08013cc9   Thumb Code    10  usart3.o(.text)
    RcvCan1BufClearAll                       0x08013ce5   Thumb Code    22  can1comm.o(.text)
    myMin                                    0x08013cfb   Thumb Code    14  can1comm.o(.text)
    CAN1_SendData                            0x08013d09   Thumb Code   168  can1comm.o(.text)
    CANRxDeal                                0x08013db1   Thumb Code   248  can1comm.o(.text)
    CanCommDeal                              0x08013ea9   Thumb Code   270  can1comm.o(.text)
    Can1_Send_SyncTime                       0x08013fb7   Thumb Code    26  can1comm.o(.text)
    Can1_Send_SyncCharge                     0x08013fd1   Thumb Code    28  can1comm.o(.text)
    Can1_Send_QueryStatus                    0x08013fed   Thumb Code    56  can1comm.o(.text)
    Can1_Send_Unlock                         0x08014025   Thumb Code    28  can1comm.o(.text)
    Can1_Send_EAD_RentBike                   0x08014041   Thumb Code    28  can1comm.o(.text)
    Can1_Send_EAD_ReturnBike                 0x0801405d   Thumb Code    28  can1comm.o(.text)
    Can1_Send_ReportTradeStart               0x08014079   Thumb Code    28  can1comm.o(.text)
    Can1_Send_ReportTradeEnd                 0x08014095   Thumb Code    28  can1comm.o(.text)
    Can1_Send_ReportStatus                   0x080140b1   Thumb Code    28  can1comm.o(.text)
    CAN_GPIO_Configuration                   0x080140e5   Thumb Code    76  can1.o(.text)
    CAN_Address_GPIO_Config                  0x08014131   Thumb Code    64  can1.o(.text)
    Read_CAN_Address                         0x08014171   Thumb Code    88  can1.o(.text)
    CAN_NVIC_Configuration                   0x080141c9   Thumb Code    32  can1.o(.text)
    CAN_ConfigFilter                         0x080141e9   Thumb Code    74  can1.o(.text)
    can1_init                                0x08014233   Thumb Code   158  can1.o(.text)
    USB_LP_CAN1_RX0_IRQHandler               0x080142d1   Thumb Code    42  can1.o(.text)
    CAN1_SendOneFrame                        0x080142fb   Thumb Code    46  can1.o(.text)
    SysTick_Handler                          0x08014345   Thumb Code    16  delay.o(.text)
    delay_init                               0x08014355   Thumb Code    76  delay.o(.text)
    delay_us                                 0x080143a1   Thumb Code    70  delay.o(.text)
    delay_ms                                 0x080143e7   Thumb Code    62  delay.o(.text)
    NVIC_Configuration                       0x08014439   Thumb Code    22  sys.o(.text)
    Reset_Handler                            0x08014451   Thumb Code     8  startup_stm32f10x_hd.o(.text)
    ADC1_2_IRQHandler                        0x0801446b   Thumb Code     0  startup_stm32f10x_hd.o(.text)
    ADC3_IRQHandler                          0x0801446b   Thumb Code     0  startup_stm32f10x_hd.o(.text)
    CAN1_RX1_IRQHandler                      0x0801446b   Thumb Code     0  startup_stm32f10x_hd.o(.text)
    CAN1_SCE_IRQHandler                      0x0801446b   Thumb Code     0  startup_stm32f10x_hd.o(.text)
    DMA1_Channel1_IRQHandler                 0x0801446b   Thumb Code     0  startup_stm32f10x_hd.o(.text)
    DMA1_Channel2_IRQHandler                 0x0801446b   Thumb Code     0  startup_stm32f10x_hd.o(.text)
    DMA1_Channel3_IRQHandler                 0x0801446b   Thumb Code     0  startup_stm32f10x_hd.o(.text)
    DMA1_Channel4_IRQHandler                 0x0801446b   Thumb Code     0  startup_stm32f10x_hd.o(.text)
    DMA1_Channel5_IRQHandler                 0x0801446b   Thumb Code     0  startup_stm32f10x_hd.o(.text)
    DMA1_Channel6_IRQHandler                 0x0801446b   Thumb Code     0  startup_stm32f10x_hd.o(.text)
    DMA1_Channel7_IRQHandler                 0x0801446b   Thumb Code     0  startup_stm32f10x_hd.o(.text)
    DMA2_Channel1_IRQHandler                 0x0801446b   Thumb Code     0  startup_stm32f10x_hd.o(.text)
    DMA2_Channel2_IRQHandler                 0x0801446b   Thumb Code     0  startup_stm32f10x_hd.o(.text)
    DMA2_Channel3_IRQHandler                 0x0801446b   Thumb Code     0  startup_stm32f10x_hd.o(.text)
    DMA2_Channel4_5_IRQHandler               0x0801446b   Thumb Code     0  startup_stm32f10x_hd.o(.text)
    EXTI0_IRQHandler                         0x0801446b   Thumb Code     0  startup_stm32f10x_hd.o(.text)
    EXTI15_10_IRQHandler                     0x0801446b   Thumb Code     0  startup_stm32f10x_hd.o(.text)
    EXTI1_IRQHandler                         0x0801446b   Thumb Code     0  startup_stm32f10x_hd.o(.text)
    EXTI2_IRQHandler                         0x0801446b   Thumb Code     0  startup_stm32f10x_hd.o(.text)
    EXTI3_IRQHandler                         0x0801446b   Thumb Code     0  startup_stm32f10x_hd.o(.text)
    EXTI4_IRQHandler                         0x0801446b   Thumb Code     0  startup_stm32f10x_hd.o(.text)
    EXTI9_5_IRQHandler                       0x0801446b   Thumb Code     0  startup_stm32f10x_hd.o(.text)
    FLASH_IRQHandler                         0x0801446b   Thumb Code     0  startup_stm32f10x_hd.o(.text)
    FSMC_IRQHandler                          0x0801446b   Thumb Code     0  startup_stm32f10x_hd.o(.text)
    I2C1_ER_IRQHandler                       0x0801446b   Thumb Code     0  startup_stm32f10x_hd.o(.text)
    I2C1_EV_IRQHandler                       0x0801446b   Thumb Code     0  startup_stm32f10x_hd.o(.text)
    I2C2_ER_IRQHandler                       0x0801446b   Thumb Code     0  startup_stm32f10x_hd.o(.text)
    I2C2_EV_IRQHandler                       0x0801446b   Thumb Code     0  startup_stm32f10x_hd.o(.text)
    PVD_IRQHandler                           0x0801446b   Thumb Code     0  startup_stm32f10x_hd.o(.text)
    RCC_IRQHandler                           0x0801446b   Thumb Code     0  startup_stm32f10x_hd.o(.text)
    RTCAlarm_IRQHandler                      0x0801446b   Thumb Code     0  startup_stm32f10x_hd.o(.text)
    SDIO_IRQHandler                          0x0801446b   Thumb Code     0  startup_stm32f10x_hd.o(.text)
    SPI1_IRQHandler                          0x0801446b   Thumb Code     0  startup_stm32f10x_hd.o(.text)
    SPI2_IRQHandler                          0x0801446b   Thumb Code     0  startup_stm32f10x_hd.o(.text)
    SPI3_IRQHandler                          0x0801446b   Thumb Code     0  startup_stm32f10x_hd.o(.text)
    TAMPER_IRQHandler                        0x0801446b   Thumb Code     0  startup_stm32f10x_hd.o(.text)
    TIM1_BRK_IRQHandler                      0x0801446b   Thumb Code     0  startup_stm32f10x_hd.o(.text)
    TIM1_CC_IRQHandler                       0x0801446b   Thumb Code     0  startup_stm32f10x_hd.o(.text)
    TIM1_TRG_COM_IRQHandler                  0x0801446b   Thumb Code     0  startup_stm32f10x_hd.o(.text)
    TIM1_UP_IRQHandler                       0x0801446b   Thumb Code     0  startup_stm32f10x_hd.o(.text)
    TIM4_IRQHandler                          0x0801446b   Thumb Code     0  startup_stm32f10x_hd.o(.text)
    TIM5_IRQHandler                          0x0801446b   Thumb Code     0  startup_stm32f10x_hd.o(.text)
    TIM6_IRQHandler                          0x0801446b   Thumb Code     0  startup_stm32f10x_hd.o(.text)
    TIM7_IRQHandler                          0x0801446b   Thumb Code     0  startup_stm32f10x_hd.o(.text)
    TIM8_BRK_IRQHandler                      0x0801446b   Thumb Code     0  startup_stm32f10x_hd.o(.text)
    TIM8_CC_IRQHandler                       0x0801446b   Thumb Code     0  startup_stm32f10x_hd.o(.text)
    TIM8_TRG_COM_IRQHandler                  0x0801446b   Thumb Code     0  startup_stm32f10x_hd.o(.text)
    TIM8_UP_IRQHandler                       0x0801446b   Thumb Code     0  startup_stm32f10x_hd.o(.text)
    UART4_IRQHandler                         0x0801446b   Thumb Code     0  startup_stm32f10x_hd.o(.text)
    UART5_IRQHandler                         0x0801446b   Thumb Code     0  startup_stm32f10x_hd.o(.text)
    USART1_IRQHandler                        0x0801446b   Thumb Code     0  startup_stm32f10x_hd.o(.text)
    USART2_IRQHandler                        0x0801446b   Thumb Code     0  startup_stm32f10x_hd.o(.text)
    USBWakeUp_IRQHandler                     0x0801446b   Thumb Code     0  startup_stm32f10x_hd.o(.text)
    USB_HP_CAN1_TX_IRQHandler                0x0801446b   Thumb Code     0  startup_stm32f10x_hd.o(.text)
    WWDG_IRQHandler                          0x0801446b   Thumb Code     0  startup_stm32f10x_hd.o(.text)
    __user_initial_stackheap                 0x0801446d   Thumb Code     0  startup_stm32f10x_hd.o(.text)
    NVIC_PriorityGroupConfig                 0x08014491   Thumb Code    10  misc.o(.text)
    NVIC_Init                                0x0801449b   Thumb Code   102  misc.o(.text)
    NVIC_SetVectorTable                      0x08014501   Thumb Code    14  misc.o(.text)
    NVIC_SystemLPConfig                      0x0801450f   Thumb Code    34  misc.o(.text)
    SysTick_CLKSourceConfig                  0x08014531   Thumb Code    40  misc.o(.text)
    GPIO_DeInit                              0x0801456d   Thumb Code   172  stm32f10x_gpio.o(.text)
    GPIO_AFIODeInit                          0x08014619   Thumb Code    20  stm32f10x_gpio.o(.text)
    GPIO_Init                                0x0801462d   Thumb Code   274  stm32f10x_gpio.o(.text)
    GPIO_StructInit                          0x0801473f   Thumb Code    16  stm32f10x_gpio.o(.text)
    GPIO_ReadInputDataBit                    0x0801474f   Thumb Code    18  stm32f10x_gpio.o(.text)
    GPIO_ReadInputData                       0x08014761   Thumb Code     8  stm32f10x_gpio.o(.text)
    GPIO_ReadOutputDataBit                   0x08014769   Thumb Code    18  stm32f10x_gpio.o(.text)
    GPIO_ReadOutputData                      0x0801477b   Thumb Code     8  stm32f10x_gpio.o(.text)
    GPIO_SetBits                             0x08014783   Thumb Code     4  stm32f10x_gpio.o(.text)
    GPIO_ResetBits                           0x08014787   Thumb Code     4  stm32f10x_gpio.o(.text)
    GPIO_WriteBit                            0x0801478b   Thumb Code    10  stm32f10x_gpio.o(.text)
    GPIO_Write                               0x08014795   Thumb Code     4  stm32f10x_gpio.o(.text)
    GPIO_PinLockConfig                       0x08014799   Thumb Code    18  stm32f10x_gpio.o(.text)
    GPIO_EventOutputConfig                   0x080147ab   Thumb Code    26  stm32f10x_gpio.o(.text)
    GPIO_EventOutputCmd                      0x080147c5   Thumb Code     6  stm32f10x_gpio.o(.text)
    GPIO_PinRemapConfig                      0x080147cb   Thumb Code   138  stm32f10x_gpio.o(.text)
    GPIO_EXTILineConfig                      0x08014855   Thumb Code    66  stm32f10x_gpio.o(.text)
    GPIO_ETH_MediaInterfaceConfig            0x08014897   Thumb Code     6  stm32f10x_gpio.o(.text)
    RCC_DeInit                               0x080148c5   Thumb Code    64  stm32f10x_rcc.o(.text)
    RCC_HSEConfig                            0x08014905   Thumb Code    70  stm32f10x_rcc.o(.text)
    RCC_GetFlagStatus                        0x0801494b   Thumb Code    56  stm32f10x_rcc.o(.text)
    RCC_WaitForHSEStartUp                    0x08014983   Thumb Code    56  stm32f10x_rcc.o(.text)
    RCC_AdjustHSICalibrationValue            0x080149bb   Thumb Code    20  stm32f10x_rcc.o(.text)
    RCC_HSICmd                               0x080149cf   Thumb Code     6  stm32f10x_rcc.o(.text)
    RCC_PLLConfig                            0x080149d5   Thumb Code    24  stm32f10x_rcc.o(.text)
    RCC_PLLCmd                               0x080149ed   Thumb Code     6  stm32f10x_rcc.o(.text)
    RCC_SYSCLKConfig                         0x080149f3   Thumb Code    18  stm32f10x_rcc.o(.text)
    RCC_GetSYSCLKSource                      0x08014a05   Thumb Code    10  stm32f10x_rcc.o(.text)
    RCC_HCLKConfig                           0x08014a0f   Thumb Code    18  stm32f10x_rcc.o(.text)
    RCC_PCLK1Config                          0x08014a21   Thumb Code    18  stm32f10x_rcc.o(.text)
    RCC_PCLK2Config                          0x08014a33   Thumb Code    20  stm32f10x_rcc.o(.text)
    RCC_ITConfig                             0x08014a47   Thumb Code    26  stm32f10x_rcc.o(.text)
    RCC_USBCLKConfig                         0x08014a61   Thumb Code     6  stm32f10x_rcc.o(.text)
    RCC_ADCCLKConfig                         0x08014a67   Thumb Code    18  stm32f10x_rcc.o(.text)
    RCC_LSEConfig                            0x08014a79   Thumb Code    44  stm32f10x_rcc.o(.text)
    RCC_LSICmd                               0x08014aa5   Thumb Code     6  stm32f10x_rcc.o(.text)
    RCC_RTCCLKConfig                         0x08014aab   Thumb Code    12  stm32f10x_rcc.o(.text)
    RCC_RTCCLKCmd                            0x08014ab7   Thumb Code     8  stm32f10x_rcc.o(.text)
    RCC_GetClocksFreq                        0x08014abf   Thumb Code   192  stm32f10x_rcc.o(.text)
    RCC_AHBPeriphClockCmd                    0x08014b7f   Thumb Code    26  stm32f10x_rcc.o(.text)
    RCC_APB2PeriphClockCmd                   0x08014b99   Thumb Code    26  stm32f10x_rcc.o(.text)
    RCC_APB1PeriphClockCmd                   0x08014bb3   Thumb Code    26  stm32f10x_rcc.o(.text)
    RCC_APB2PeriphResetCmd                   0x08014bcd   Thumb Code    26  stm32f10x_rcc.o(.text)
    RCC_APB1PeriphResetCmd                   0x08014be7   Thumb Code    26  stm32f10x_rcc.o(.text)
    RCC_BackupResetCmd                       0x08014c01   Thumb Code     8  stm32f10x_rcc.o(.text)
    RCC_ClockSecuritySystemCmd               0x08014c09   Thumb Code     6  stm32f10x_rcc.o(.text)
    RCC_MCOConfig                            0x08014c0f   Thumb Code     6  stm32f10x_rcc.o(.text)
    RCC_ClearFlag                            0x08014c15   Thumb Code    14  stm32f10x_rcc.o(.text)
    RCC_GetITStatus                          0x08014c23   Thumb Code    20  stm32f10x_rcc.o(.text)
    RCC_ClearITPendingBit                    0x08014c37   Thumb Code     6  stm32f10x_rcc.o(.text)
    SPI_I2S_DeInit                           0x08014c69   Thumb Code    76  stm32f10x_spi.o(.text)
    SPI_Init                                 0x08014cb5   Thumb Code    60  stm32f10x_spi.o(.text)
    I2S_Init                                 0x08014cf1   Thumb Code   226  stm32f10x_spi.o(.text)
    SPI_StructInit                           0x08014dd3   Thumb Code    24  stm32f10x_spi.o(.text)
    I2S_StructInit                           0x08014deb   Thumb Code    20  stm32f10x_spi.o(.text)
    SPI_Cmd                                  0x08014dff   Thumb Code    24  stm32f10x_spi.o(.text)
    I2S_Cmd                                  0x08014e17   Thumb Code    24  stm32f10x_spi.o(.text)
    SPI_I2S_ITConfig                         0x08014e2f   Thumb Code    32  stm32f10x_spi.o(.text)
    SPI_I2S_DMACmd                           0x08014e4f   Thumb Code    18  stm32f10x_spi.o(.text)
    SPI_I2S_SendData                         0x08014e61   Thumb Code     4  stm32f10x_spi.o(.text)
    SPI_I2S_ReceiveData                      0x08014e65   Thumb Code     6  stm32f10x_spi.o(.text)
    SPI_NSSInternalSoftwareConfig            0x08014e6b   Thumb Code    30  stm32f10x_spi.o(.text)
    SPI_SSOutputCmd                          0x08014e89   Thumb Code    24  stm32f10x_spi.o(.text)
    SPI_DataSizeConfig                       0x08014ea1   Thumb Code    18  stm32f10x_spi.o(.text)
    SPI_TransmitCRC                          0x08014eb3   Thumb Code    10  stm32f10x_spi.o(.text)
    SPI_CalculateCRC                         0x08014ebd   Thumb Code    24  stm32f10x_spi.o(.text)
    SPI_GetCRC                               0x08014ed5   Thumb Code    16  stm32f10x_spi.o(.text)
    SPI_GetCRCPolynomial                     0x08014ee5   Thumb Code     6  stm32f10x_spi.o(.text)
    SPI_BiDirectionalLineConfig              0x08014eeb   Thumb Code    28  stm32f10x_spi.o(.text)
    SPI_I2S_GetFlagStatus                    0x08014f07   Thumb Code    18  stm32f10x_spi.o(.text)
    SPI_I2S_ClearFlag                        0x08014f19   Thumb Code     6  stm32f10x_spi.o(.text)
    SPI_I2S_GetITStatus                      0x08014f1f   Thumb Code    52  stm32f10x_spi.o(.text)
    SPI_I2S_ClearITPendingBit                0x08014f53   Thumb Code    20  stm32f10x_spi.o(.text)
    USART_DeInit                             0x08014f75   Thumb Code   134  stm32f10x_usart.o(.text)
    USART_Init                               0x08014ffb   Thumb Code   210  stm32f10x_usart.o(.text)
    USART_StructInit                         0x080150cd   Thumb Code    24  stm32f10x_usart.o(.text)
    USART_ClockInit                          0x080150e5   Thumb Code    34  stm32f10x_usart.o(.text)
    USART_ClockStructInit                    0x08015107   Thumb Code    12  stm32f10x_usart.o(.text)
    USART_Cmd                                0x08015113   Thumb Code    24  stm32f10x_usart.o(.text)
    USART_ITConfig                           0x0801512b   Thumb Code    74  stm32f10x_usart.o(.text)
    USART_DMACmd                             0x08015175   Thumb Code    18  stm32f10x_usart.o(.text)
    USART_SetAddress                         0x08015187   Thumb Code    18  stm32f10x_usart.o(.text)
    USART_WakeUpConfig                       0x08015199   Thumb Code    18  stm32f10x_usart.o(.text)
    USART_ReceiverWakeUpCmd                  0x080151ab   Thumb Code    24  stm32f10x_usart.o(.text)
    USART_LINBreakDetectLengthConfig         0x080151c3   Thumb Code    18  stm32f10x_usart.o(.text)
    USART_LINCmd                             0x080151d5   Thumb Code    24  stm32f10x_usart.o(.text)
    USART_SendData                           0x080151ed   Thumb Code     8  stm32f10x_usart.o(.text)
    USART_ReceiveData                        0x080151f5   Thumb Code    10  stm32f10x_usart.o(.text)
    USART_SendBreak                          0x080151ff   Thumb Code    10  stm32f10x_usart.o(.text)
    USART_SetGuardTime                       0x08015209   Thumb Code    16  stm32f10x_usart.o(.text)
    USART_SetPrescaler                       0x08015219   Thumb Code    16  stm32f10x_usart.o(.text)
    USART_SmartCardCmd                       0x08015229   Thumb Code    24  stm32f10x_usart.o(.text)
    USART_SmartCardNACKCmd                   0x08015241   Thumb Code    24  stm32f10x_usart.o(.text)
    USART_HalfDuplexCmd                      0x08015259   Thumb Code    24  stm32f10x_usart.o(.text)
    USART_OverSampling8Cmd                   0x08015271   Thumb Code    22  stm32f10x_usart.o(.text)
    USART_OneBitMethodCmd                    0x08015287   Thumb Code    24  stm32f10x_usart.o(.text)
    USART_IrDAConfig                         0x0801529f   Thumb Code    18  stm32f10x_usart.o(.text)
    USART_IrDACmd                            0x080152b1   Thumb Code    24  stm32f10x_usart.o(.text)
    USART_GetFlagStatus                      0x080152c9   Thumb Code    26  stm32f10x_usart.o(.text)
    USART_ClearFlag                          0x080152e3   Thumb Code    18  stm32f10x_usart.o(.text)
    USART_GetITStatus                        0x080152f5   Thumb Code    84  stm32f10x_usart.o(.text)
    USART_ClearITPendingBit                  0x08015349   Thumb Code    52  stm32f10x_usart.o(.text)
    BKP_DeInit                               0x0801537d   Thumb Code    16  stm32f10x_bkp.o(.text)
    BKP_TamperPinLevelConfig                 0x0801538d   Thumb Code     6  stm32f10x_bkp.o(.text)
    BKP_TamperPinCmd                         0x08015393   Thumb Code     8  stm32f10x_bkp.o(.text)
    BKP_ITConfig                             0x0801539b   Thumb Code     8  stm32f10x_bkp.o(.text)
    BKP_RTCOutputConfig                      0x080153a3   Thumb Code    22  stm32f10x_bkp.o(.text)
    BKP_SetRTCCalibrationValue               0x080153b9   Thumb Code    22  stm32f10x_bkp.o(.text)
    BKP_WriteBackupRegister                  0x080153cf   Thumb Code    24  stm32f10x_bkp.o(.text)
    BKP_ReadBackupRegister                   0x080153e7   Thumb Code    26  stm32f10x_bkp.o(.text)
    BKP_GetFlagStatus                        0x08015401   Thumb Code    10  stm32f10x_bkp.o(.text)
    BKP_ClearFlag                            0x0801540b   Thumb Code    18  stm32f10x_bkp.o(.text)
    BKP_GetITStatus                          0x0801541d   Thumb Code    10  stm32f10x_bkp.o(.text)
    BKP_ClearITPendingBit                    0x08015427   Thumb Code    18  stm32f10x_bkp.o(.text)
    CAN_DeInit                               0x08015441   Thumb Code    50  stm32f10x_can.o(.text)
    CAN_Init                                 0x08015473   Thumb Code   276  stm32f10x_can.o(.text)
    CAN_FilterInit                           0x08015587   Thumb Code   258  stm32f10x_can.o(.text)
    CAN_StructInit                           0x08015689   Thumb Code    32  stm32f10x_can.o(.text)
    CAN_SlaveStartBank                       0x080156a9   Thumb Code    48  stm32f10x_can.o(.text)
    CAN_DBGFreeze                            0x080156d9   Thumb Code    22  stm32f10x_can.o(.text)
    CAN_TTComModeCmd                         0x080156ef   Thumb Code   118  stm32f10x_can.o(.text)
    CAN_Transmit                             0x08015765   Thumb Code   304  stm32f10x_can.o(.text)
    CAN_TransmitStatus                       0x08015895   Thumb Code   136  stm32f10x_can.o(.text)
    CAN_CancelTransmit                       0x0801591d   Thumb Code    48  stm32f10x_can.o(.text)
    CAN_Receive                              0x0801594d   Thumb Code   240  stm32f10x_can.o(.text)
    CAN_FIFORelease                          0x08015a3d   Thumb Code    22  stm32f10x_can.o(.text)
    CAN_MessagePending                       0x08015a53   Thumb Code    30  stm32f10x_can.o(.text)
    CAN_OperatingModeRequest                 0x08015a71   Thumb Code   162  stm32f10x_can.o(.text)
    CAN_Sleep                                0x08015b13   Thumb Code    30  stm32f10x_can.o(.text)
    CAN_WakeUp                               0x08015b31   Thumb Code    48  stm32f10x_can.o(.text)
    CAN_GetLastErrorCode                     0x08015b61   Thumb Code    12  stm32f10x_can.o(.text)
    CAN_GetReceiveErrorCounter               0x08015b6d   Thumb Code    10  stm32f10x_can.o(.text)
    CAN_GetLSBTransmitErrorCounter           0x08015b77   Thumb Code    12  stm32f10x_can.o(.text)
    CAN_ITConfig                             0x08015b83   Thumb Code    18  stm32f10x_can.o(.text)
    CAN_GetFlagStatus                        0x08015b95   Thumb Code   120  stm32f10x_can.o(.text)
    CAN_ClearFlag                            0x08015c0d   Thumb Code    52  stm32f10x_can.o(.text)
    CAN_GetITStatus                          0x08015c51   Thumb Code   306  stm32f10x_can.o(.text)
    CAN_ClearITPendingBit                    0x08015d83   Thumb Code   162  stm32f10x_can.o(.text)
    CRC_ResetDR                              0x08015e29   Thumb Code     8  stm32f10x_crc.o(.text)
    CRC_CalcCRC                              0x08015e31   Thumb Code    10  stm32f10x_crc.o(.text)
    CRC_CalcBlockCRC                         0x08015e3b   Thumb Code    32  stm32f10x_crc.o(.text)
    CRC_GetCRC                               0x08015e5b   Thumb Code     6  stm32f10x_crc.o(.text)
    CRC_SetIDRegister                        0x08015e61   Thumb Code     6  stm32f10x_crc.o(.text)
    CRC_GetIDRegister                        0x08015e67   Thumb Code     6  stm32f10x_crc.o(.text)
    FLASH_SetLatency                         0x08015e71   Thumb Code    18  stm32f10x_flash.o(.text)
    FLASH_HalfCycleAccessCmd                 0x08015e83   Thumb Code    22  stm32f10x_flash.o(.text)
    FLASH_PrefetchBufferCmd                  0x08015e99   Thumb Code    22  stm32f10x_flash.o(.text)
    FLASH_Unlock                             0x08015eaf   Thumb Code    12  stm32f10x_flash.o(.text)
    FLASH_UnlockBank1                        0x08015ebb   Thumb Code    12  stm32f10x_flash.o(.text)
    FLASH_Lock                               0x08015ec7   Thumb Code    14  stm32f10x_flash.o(.text)
    FLASH_LockBank1                          0x08015ed5   Thumb Code    14  stm32f10x_flash.o(.text)
    FLASH_GetBank1Status                     0x08015ee3   Thumb Code    48  stm32f10x_flash.o(.text)
    FLASH_WaitForLastOperation               0x08015f13   Thumb Code    38  stm32f10x_flash.o(.text)
    FLASH_ErasePage                          0x08015f39   Thumb Code    72  stm32f10x_flash.o(.text)
    FLASH_EraseAllPages                      0x08015f81   Thumb Code    68  stm32f10x_flash.o(.text)
    FLASH_WaitForLastBank1Operation          0x08015fc5   Thumb Code    38  stm32f10x_flash.o(.text)
    FLASH_EraseAllBank1Pages                 0x08015feb   Thumb Code    68  stm32f10x_flash.o(.text)
    FLASH_GetReadOutProtectionStatus         0x0801602f   Thumb Code    20  stm32f10x_flash.o(.text)
    FLASH_EraseOptionBytes                   0x08016043   Thumb Code   150  stm32f10x_flash.o(.text)
    FLASH_ProgramWord                        0x080160d9   Thumb Code   102  stm32f10x_flash.o(.text)
    FLASH_ProgramHalfWord                    0x0801613f   Thumb Code    60  stm32f10x_flash.o(.text)
    FLASH_ProgramOptionByteData              0x0801617b   Thumb Code    72  stm32f10x_flash.o(.text)
    FLASH_EnableWriteProtection              0x080161c3   Thumb Code   200  stm32f10x_flash.o(.text)
    FLASH_ReadOutProtection                  0x0801628b   Thumb Code   156  stm32f10x_flash.o(.text)
    FLASH_UserOptionByteConfig               0x08016327   Thumb Code    88  stm32f10x_flash.o(.text)
    FLASH_GetUserOptionByte                  0x0801637f   Thumb Code     8  stm32f10x_flash.o(.text)
    FLASH_GetWriteProtectionOptionByte       0x08016387   Thumb Code     6  stm32f10x_flash.o(.text)
    FLASH_GetPrefetchBufferStatus            0x0801638d   Thumb Code    20  stm32f10x_flash.o(.text)
    FLASH_ITConfig                           0x080163a1   Thumb Code    26  stm32f10x_flash.o(.text)
    FLASH_GetFlagStatus                      0x080163bb   Thumb Code    42  stm32f10x_flash.o(.text)
    FLASH_ClearFlag                          0x080163e5   Thumb Code     6  stm32f10x_flash.o(.text)
    FLASH_GetStatus                          0x080163eb   Thumb Code    48  stm32f10x_flash.o(.text)
    PWR_DeInit                               0x0801642d   Thumb Code    22  stm32f10x_pwr.o(.text)
    PWR_BackupAccessCmd                      0x08016443   Thumb Code     6  stm32f10x_pwr.o(.text)
    PWR_PVDCmd                               0x08016449   Thumb Code     6  stm32f10x_pwr.o(.text)
    PWR_PVDLevelConfig                       0x0801644f   Thumb Code    18  stm32f10x_pwr.o(.text)
    PWR_WakeUpPinCmd                         0x08016461   Thumb Code     6  stm32f10x_pwr.o(.text)
    PWR_EnterSTOPMode                        0x08016467   Thumb Code    54  stm32f10x_pwr.o(.text)
    PWR_EnterSTANDBYMode                     0x0801649d   Thumb Code    42  stm32f10x_pwr.o(.text)
    PWR_GetFlagStatus                        0x080164c7   Thumb Code    20  stm32f10x_pwr.o(.text)
    PWR_ClearFlag                            0x080164db   Thumb Code    14  stm32f10x_pwr.o(.text)
    RTC_ITConfig                             0x080164f9   Thumb Code    26  stm32f10x_rtc.o(.text)
    RTC_EnterConfigMode                      0x08016513   Thumb Code    18  stm32f10x_rtc.o(.text)
    RTC_ExitConfigMode                       0x08016525   Thumb Code    20  stm32f10x_rtc.o(.text)
    RTC_GetCounter                           0x08016539   Thumb Code    18  stm32f10x_rtc.o(.text)
    RTC_SetCounter                           0x0801654b   Thumb Code    26  stm32f10x_rtc.o(.text)
    RTC_SetPrescaler                         0x08016565   Thumb Code    28  stm32f10x_rtc.o(.text)
    RTC_SetAlarm                             0x08016581   Thumb Code    26  stm32f10x_rtc.o(.text)
    RTC_GetDivider                           0x0801659b   Thumb Code    22  stm32f10x_rtc.o(.text)
    RTC_WaitForLastTask                      0x080165b1   Thumb Code    16  stm32f10x_rtc.o(.text)
    RTC_WaitForSynchro                       0x080165c1   Thumb Code    34  stm32f10x_rtc.o(.text)
    RTC_GetFlagStatus                        0x080165e3   Thumb Code    22  stm32f10x_rtc.o(.text)
    RTC_ClearFlag                            0x080165f9   Thumb Code    16  stm32f10x_rtc.o(.text)
    RTC_GetITStatus                          0x08016609   Thumb Code    32  stm32f10x_rtc.o(.text)
    RTC_ClearITPendingBit                    0x08016629   Thumb Code    16  stm32f10x_rtc.o(.text)
    TIM_DeInit                               0x0801663d   Thumb Code   424  stm32f10x_tim.o(.text)
    TIM_TimeBaseInit                         0x080167e5   Thumb Code   122  stm32f10x_tim.o(.text)
    TIM_OC1Init                              0x0801685f   Thumb Code   132  stm32f10x_tim.o(.text)
    TIM_OC2Init                              0x080168e3   Thumb Code   154  stm32f10x_tim.o(.text)
    TIM_OC3Init                              0x0801697d   Thumb Code   150  stm32f10x_tim.o(.text)
    TIM_OC4Init                              0x08016a13   Thumb Code   182  stm32f10x_tim.o(.text)
    TIM_SetIC4Prescaler                      0x08016ac9   Thumb Code    26  stm32f10x_tim.o(.text)
    TIM_SetIC3Prescaler                      0x08016b65   Thumb Code    18  stm32f10x_tim.o(.text)
    TIM_SetIC2Prescaler                      0x08016bf1   Thumb Code    26  stm32f10x_tim.o(.text)
    TIM_SetIC1Prescaler                      0x08016c8d   Thumb Code    18  stm32f10x_tim.o(.text)
    TIM_ICInit                               0x08016d0b   Thumb Code   150  stm32f10x_tim.o(.text)
    TIM_PWMIConfig                           0x08016da1   Thumb Code   124  stm32f10x_tim.o(.text)
    TIM_BDTRConfig                           0x08016e1d   Thumb Code    32  stm32f10x_tim.o(.text)
    TIM_TimeBaseStructInit                   0x08016e3d   Thumb Code    18  stm32f10x_tim.o(.text)
    TIM_OCStructInit                         0x08016e4f   Thumb Code    20  stm32f10x_tim.o(.text)
    TIM_ICStructInit                         0x08016e63   Thumb Code    18  stm32f10x_tim.o(.text)
    TIM_BDTRStructInit                       0x08016e75   Thumb Code    40  stm32f10x_tim.o(.text)
    TIM_Cmd                                  0x08016e9d   Thumb Code    24  stm32f10x_tim.o(.text)
    TIM_CtrlPWMOutputs                       0x08016eb5   Thumb Code    30  stm32f10x_tim.o(.text)
    TIM_ITConfig                             0x08016ed3   Thumb Code    18  stm32f10x_tim.o(.text)
    TIM_GenerateEvent                        0x08016ee5   Thumb Code     4  stm32f10x_tim.o(.text)
    TIM_DMAConfig                            0x08016ee9   Thumb Code    10  stm32f10x_tim.o(.text)
    TIM_DMACmd                               0x08016ef3   Thumb Code    18  stm32f10x_tim.o(.text)
    TIM_InternalClockConfig                  0x08016f05   Thumb Code    12  stm32f10x_tim.o(.text)
    TIM_SelectInputTrigger                   0x08016f11   Thumb Code    18  stm32f10x_tim.o(.text)
    TIM_ITRxExternalClockConfig              0x08016f23   Thumb Code    24  stm32f10x_tim.o(.text)
    TIM_TIxExternalClockConfig               0x08016f3b   Thumb Code    62  stm32f10x_tim.o(.text)
    TIM_ETRConfig                            0x08016f79   Thumb Code    28  stm32f10x_tim.o(.text)
    TIM_ETRClockMode1Config                  0x08016f95   Thumb Code    54  stm32f10x_tim.o(.text)
    TIM_ETRClockMode2Config                  0x08016fcb   Thumb Code    32  stm32f10x_tim.o(.text)
    TIM_PrescalerConfig                      0x08016feb   Thumb Code     6  stm32f10x_tim.o(.text)
    TIM_CounterModeConfig                    0x08016ff1   Thumb Code    18  stm32f10x_tim.o(.text)
    TIM_EncoderInterfaceConfig               0x08017003   Thumb Code    66  stm32f10x_tim.o(.text)
    TIM_ForcedOC1Config                      0x08017045   Thumb Code    18  stm32f10x_tim.o(.text)
    TIM_ForcedOC2Config                      0x08017057   Thumb Code    26  stm32f10x_tim.o(.text)
    TIM_ForcedOC3Config                      0x08017071   Thumb Code    18  stm32f10x_tim.o(.text)
    TIM_ForcedOC4Config                      0x08017083   Thumb Code    26  stm32f10x_tim.o(.text)
    TIM_ARRPreloadConfig                     0x0801709d   Thumb Code    24  stm32f10x_tim.o(.text)
    TIM_SelectCOM                            0x080170b5   Thumb Code    24  stm32f10x_tim.o(.text)
    TIM_SelectCCDMA                          0x080170cd   Thumb Code    24  stm32f10x_tim.o(.text)
    TIM_CCPreloadControl                     0x080170e5   Thumb Code    24  stm32f10x_tim.o(.text)
    TIM_OC1PreloadConfig                     0x080170fd   Thumb Code    18  stm32f10x_tim.o(.text)
    TIM_OC2PreloadConfig                     0x0801710f   Thumb Code    26  stm32f10x_tim.o(.text)
    TIM_OC3PreloadConfig                     0x08017129   Thumb Code    18  stm32f10x_tim.o(.text)
    TIM_OC4PreloadConfig                     0x0801713b   Thumb Code    26  stm32f10x_tim.o(.text)
    TIM_OC1FastConfig                        0x08017155   Thumb Code    18  stm32f10x_tim.o(.text)
    TIM_OC2FastConfig                        0x08017167   Thumb Code    26  stm32f10x_tim.o(.text)
    TIM_OC3FastConfig                        0x08017181   Thumb Code    18  stm32f10x_tim.o(.text)
    TIM_OC4FastConfig                        0x08017193   Thumb Code    26  stm32f10x_tim.o(.text)
    TIM_ClearOC1Ref                          0x080171ad   Thumb Code    18  stm32f10x_tim.o(.text)
    TIM_ClearOC2Ref                          0x080171bf   Thumb Code    24  stm32f10x_tim.o(.text)
    TIM_ClearOC3Ref                          0x080171d7   Thumb Code    18  stm32f10x_tim.o(.text)
    TIM_ClearOC4Ref                          0x080171e9   Thumb Code    24  stm32f10x_tim.o(.text)
    TIM_OC1PolarityConfig                    0x08017201   Thumb Code    18  stm32f10x_tim.o(.text)
    TIM_OC1NPolarityConfig                   0x08017213   Thumb Code    18  stm32f10x_tim.o(.text)
    TIM_OC2PolarityConfig                    0x08017225   Thumb Code    26  stm32f10x_tim.o(.text)
    TIM_OC2NPolarityConfig                   0x0801723f   Thumb Code    26  stm32f10x_tim.o(.text)
    TIM_OC3PolarityConfig                    0x08017259   Thumb Code    26  stm32f10x_tim.o(.text)
    TIM_OC3NPolarityConfig                   0x08017273   Thumb Code    26  stm32f10x_tim.o(.text)
    TIM_OC4PolarityConfig                    0x0801728d   Thumb Code    26  stm32f10x_tim.o(.text)
    TIM_CCxCmd                               0x080172a7   Thumb Code    30  stm32f10x_tim.o(.text)
    TIM_CCxNCmd                              0x080172c5   Thumb Code    30  stm32f10x_tim.o(.text)
    TIM_SelectOCxM                           0x080172e3   Thumb Code    82  stm32f10x_tim.o(.text)
    TIM_UpdateDisableConfig                  0x08017335   Thumb Code    24  stm32f10x_tim.o(.text)
    TIM_UpdateRequestConfig                  0x0801734d   Thumb Code    24  stm32f10x_tim.o(.text)
    TIM_SelectHallSensor                     0x08017365   Thumb Code    24  stm32f10x_tim.o(.text)
    TIM_SelectOnePulseMode                   0x0801737d   Thumb Code    18  stm32f10x_tim.o(.text)
    TIM_SelectOutputTrigger                  0x0801738f   Thumb Code    18  stm32f10x_tim.o(.text)
    TIM_SelectSlaveMode                      0x080173a1   Thumb Code    18  stm32f10x_tim.o(.text)
    TIM_SelectMasterSlaveMode                0x080173b3   Thumb Code    18  stm32f10x_tim.o(.text)
    TIM_SetCounter                           0x080173c5   Thumb Code     4  stm32f10x_tim.o(.text)
    TIM_SetAutoreload                        0x080173c9   Thumb Code     4  stm32f10x_tim.o(.text)
    TIM_SetCompare1                          0x080173cd   Thumb Code     4  stm32f10x_tim.o(.text)
    TIM_SetCompare2                          0x080173d1   Thumb Code     4  stm32f10x_tim.o(.text)
    TIM_SetCompare3                          0x080173d5   Thumb Code     4  stm32f10x_tim.o(.text)
    TIM_SetCompare4                          0x080173d9   Thumb Code     6  stm32f10x_tim.o(.text)
    TIM_SetClockDivision                     0x080173df   Thumb Code    18  stm32f10x_tim.o(.text)
    TIM_GetCapture1                          0x080173f1   Thumb Code     6  stm32f10x_tim.o(.text)
    TIM_GetCapture2                          0x080173f7   Thumb Code     6  stm32f10x_tim.o(.text)
    TIM_GetCapture3                          0x080173fd   Thumb Code     6  stm32f10x_tim.o(.text)
    TIM_GetCapture4                          0x08017403   Thumb Code     8  stm32f10x_tim.o(.text)
    TIM_GetCounter                           0x0801740b   Thumb Code     6  stm32f10x_tim.o(.text)
    TIM_GetPrescaler                         0x08017411   Thumb Code     6  stm32f10x_tim.o(.text)
    TIM_GetFlagStatus                        0x08017417   Thumb Code    18  stm32f10x_tim.o(.text)
    TIM_ClearFlag                            0x08017429   Thumb Code     6  stm32f10x_tim.o(.text)
    TIM_GetITStatus                          0x0801742f   Thumb Code    34  stm32f10x_tim.o(.text)
    TIM_ClearITPendingBit                    0x08017451   Thumb Code     6  stm32f10x_tim.o(.text)
    OS_TaskStatStkChk                        0x08017459   Thumb Code    54  os_core.o(.text)
    OS_TaskStat                              0x0801748f   Thumb Code   116  os_core.o(.text)
    OS_TaskIdle                              0x08017537   Thumb Code    34  os_core.o(.text)
    OS_MemClr                                0x0801758d   Thumb Code    18  os_core.o(.text)
    OSInit                                   0x080176ab   Thumb Code    44  os_core.o(.text)
    OSIntEnter                               0x080176d7   Thumb Code    28  os_core.o(.text)
    OSIntExit                                0x0801770d   Thumb Code   112  os_core.o(.text)
    OSSchedLock                              0x0801777d   Thumb Code    50  os_core.o(.text)
    OS_Sched                                 0x080177af   Thumb Code    88  os_core.o(.text)
    OSSchedUnlock                            0x08017807   Thumb Code   238  os_core.o(.text)
    OSStart                                  0x080178f5   Thumb Code    48  os_core.o(.text)
    OSStatInit                               0x08017925   Thumb Code    62  os_core.o(.text)
    OSTimeTick                               0x08017963   Thumb Code   218  os_core.o(.text)
    OSVersion                                0x08017a3d   Thumb Code     6  os_core.o(.text)
    OS_Dummy                                 0x08017a43   Thumb Code     2  os_core.o(.text)
    OS_EventTaskRemove                       0x08017a45   Thumb Code    42  os_core.o(.text)
    OS_EventTaskRdy                          0x08017a6f   Thumb Code   118  os_core.o(.text)
    OS_EventTaskWait                         0x08017ae5   Thumb Code   112  os_core.o(.text)
    OS_EventWaitListInit                     0x08017b55   Thumb Code    28  os_core.o(.text)
    OS_MemCopy                               0x08017b71   Thumb Code    20  os_core.o(.text)
    OS_StrLen                                0x08017b85   Thumb Code    20  os_core.o(.text)
    OS_TCBInit                               0x08017b99   Thumb Code   294  os_core.o(.text)
    OSFlagAccept                             0x08017d05   Thumb Code   252  os_flag.o(.text)
    OSFlagCreate                             0x08017e01   Thumb Code    86  os_flag.o(.text)
    OS_FlagUnlink                            0x08017e57   Thumb Code    36  os_flag.o(.text)
    OSFlagDel                                0x08017edb   Thumb Code   214  os_flag.o(.text)
    OSFlagNameGet                            0x08017fb1   Thumb Code    80  os_flag.o(.text)
    OSFlagNameSet                            0x08018001   Thumb Code    66  os_flag.o(.text)
    OSFlagPend                               0x080180db   Thumb Code   614  os_flag.o(.text)
    OSFlagPendGetFlagsRdy                    0x08018341   Thumb Code    26  os_flag.o(.text)
    OSFlagPost                               0x0801835b   Thumb Code   312  os_flag.o(.text)
    OSFlagQuery                              0x08018493   Thumb Code    48  os_flag.o(.text)
    OS_FlagInit                              0x080184c3   Thumb Code    78  os_flag.o(.text)
    OSQAccept                                0x0801851d   Thumb Code    88  os_q.o(.text)
    OSQCreate                                0x08018575   Thumb Code   140  os_q.o(.text)
    OSQDel                                   0x08018601   Thumb Code   236  os_q.o(.text)
    OSQFlush                                 0x080186ed   Thumb Code    36  os_q.o(.text)
    OSQPend                                  0x08018711   Thumb Code   272  os_q.o(.text)
    OSQPendAbort                             0x08018821   Thumb Code   126  os_q.o(.text)
    OSQPost                                  0x0801889f   Thumb Code   114  os_q.o(.text)
    OSQPostFront                             0x08018911   Thumb Code   138  os_q.o(.text)
    OSQPostOpt                               0x0801899b   Thumb Code   182  os_q.o(.text)
    OSQQuery                                 0x08018a51   Thumb Code    98  os_q.o(.text)
    OS_QInit                                 0x08018ab3   Thumb Code    72  os_q.o(.text)
    OSSemAccept                              0x08018b05   Thumb Code    42  os_sem.o(.text)
    OSSemCreate                              0x08018b2f   Thumb Code    68  os_sem.o(.text)
    OSSemDel                                 0x08018b73   Thumb Code   200  os_sem.o(.text)
    OSSemPend                                0x08018c3b   Thumb Code   222  os_sem.o(.text)
    OSSemPendAbort                           0x08018d19   Thumb Code   126  os_sem.o(.text)
    OSSemPost                                0x08018d97   Thumb Code    88  os_sem.o(.text)
    OSSemQuery                               0x08018def   Thumb Code    76  os_sem.o(.text)
    OSSemSet                                 0x08018e3b   Thumb Code    66  os_sem.o(.text)
    OSTaskChangePrio                         0x08018e8d   Thumb Code   310  os_task.o(.text)
    OSTaskCreate                             0x08018fc3   Thumb Code   148  os_task.o(.text)
    OS_TaskStkClr                            0x08019057   Thumb Code    26  os_task.o(.text)
    OSTaskCreateExt                          0x08019071   Thumb Code   170  os_task.o(.text)
    OSTaskDel                                0x0801911b   Thumb Code   294  os_task.o(.text)
    OSTaskDelReq                             0x08019241   Thumb Code   146  os_task.o(.text)
    OSTaskNameGet                            0x080192d3   Thumb Code   114  os_task.o(.text)
    OSTaskNameSet                            0x08019345   Thumb Code    98  os_task.o(.text)
    OSTaskResume                             0x080193a7   Thumb Code   160  os_task.o(.text)
    OSTaskStkChk                             0x08019447   Thumb Code   132  os_task.o(.text)
    OSTaskSuspend                            0x080194cb   Thumb Code   152  os_task.o(.text)
    OSTaskQuery                              0x08019563   Thumb Code    82  os_task.o(.text)
    OSTaskRegGet                             0x080195b5   Thumb Code    60  os_task.o(.text)
    OSTaskRegSet                             0x080195f1   Thumb Code    62  os_task.o(.text)
    OS_TaskReturn                            0x0801962f   Thumb Code    18  os_task.o(.text)
    OSTimeDly                                0x08019659   Thumb Code   100  os_time.o(.text)
    OSTimeDlyHMSM                            0x080196bd   Thumb Code    86  os_time.o(.text)
    OSTimeDlyResume                          0x08019713   Thumb Code   176  os_time.o(.text)
    OSTimeGet                                0x080197c3   Thumb Code    24  os_time.o(.text)
    OSTimeSet                                0x080197db   Thumb Code    24  os_time.o(.text)
    OS_CPU_SR_Save                           0x08019811   Thumb Code     0  os_cpu_a.o(.text)
    OS_CPU_SR_Restore                        0x08019819   Thumb Code     0  os_cpu_a.o(.text)
    OSStartHighRdy                           0x0801981f   Thumb Code     0  os_cpu_a.o(.text)
    OSCtxSw                                  0x08019841   Thumb Code     0  os_cpu_a.o(.text)
    OSIntCtxSw                               0x0801984f   Thumb Code     0  os_cpu_a.o(.text)
    PendSV_Handler                           0x0801985f   Thumb Code     0  os_cpu_a.o(.text)
    OSInitHookBegin                          0x080198c5   Thumb Code     2  os_cpu_c.o(.text)
    OSInitHookEnd                            0x080198c7   Thumb Code     2  os_cpu_c.o(.text)
    OSTaskCreateHook                         0x080198c9   Thumb Code     2  os_cpu_c.o(.text)
    OSTaskDelHook                            0x080198cb   Thumb Code     2  os_cpu_c.o(.text)
    OSTaskIdleHook                           0x080198cd   Thumb Code     2  os_cpu_c.o(.text)
    OSTaskStatHook                           0x080198cf   Thumb Code     2  os_cpu_c.o(.text)
    OSTaskStkInit                            0x080198d1   Thumb Code   154  os_cpu_c.o(.text)
    OSTaskSwHook                             0x0801996b   Thumb Code     2  os_cpu_c.o(.text)
    OSTCBInitHook                            0x0801996d   Thumb Code     2  os_cpu_c.o(.text)
    OSTimeTickHook                           0x0801996f   Thumb Code     2  os_cpu_c.o(.text)
    OSTaskReturnHook                         0x08019971   Thumb Code     2  os_cpu_c.o(.text)
    __2sprintf                               0x08019975   Thumb Code    34  noretval__2sprintf.o(.text)
    _printf_pre_padding                      0x0801999d   Thumb Code    46  _printf_pad.o(.text)
    _printf_post_padding                     0x080199cb   Thumb Code    36  _printf_pad.o(.text)
    _printf_int_dec                          0x080199f1   Thumb Code   102  _printf_dec.o(.text)
    __printf                                 0x08019a69   Thumb Code   270  __printf_wp.o(.text)
    memcmp                                   0x08019b77   Thumb Code    88  memcmp.o(.text)
    __aeabi_memcpy                           0x08019bcf   Thumb Code     0  rt_memcpy_v6.o(.text)
    __rt_memcpy                              0x08019bcf   Thumb Code   138  rt_memcpy_v6.o(.text)
    _memcpy_lastbytes                        0x08019c35   Thumb Code     0  rt_memcpy_v6.o(.text)
    __aeabi_memclr                           0x08019c59   Thumb Code     0  rt_memclr.o(.text)
    __rt_memclr                              0x08019c59   Thumb Code    68  rt_memclr.o(.text)
    _memset                                  0x08019c5d   Thumb Code     0  rt_memclr.o(.text)
    __aeabi_memclr4                          0x08019c9d   Thumb Code     0  rt_memclr_w.o(.text)
    __aeabi_memclr8                          0x08019c9d   Thumb Code     0  rt_memclr_w.o(.text)
    __rt_memclr_w                            0x08019c9d   Thumb Code    78  rt_memclr_w.o(.text)
    _memset_w                                0x08019ca1   Thumb Code     0  rt_memclr_w.o(.text)
    __use_two_region_memory                  0x08019ceb   Thumb Code     2  heapauxi.o(.text)
    __rt_heap_escrow$2region                 0x08019ced   Thumb Code     2  heapauxi.o(.text)
    __rt_heap_expand$2region                 0x08019cef   Thumb Code     2  heapauxi.o(.text)
    _printf_int_common                       0x08019cf1   Thumb Code   184  _printf_intcommon.o(.text)
    _printf_char_common                      0x08019db3   Thumb Code    32  _printf_char_common.o(.text)
    _sputc                                   0x08019dd9   Thumb Code    10  _sputc.o(.text)
    __aeabi_memcpy4                          0x08019de3   Thumb Code     0  rt_memcpy_w.o(.text)
    __aeabi_memcpy8                          0x08019de3   Thumb Code     0  rt_memcpy_w.o(.text)
    __rt_memcpy_w                            0x08019de3   Thumb Code   100  rt_memcpy_w.o(.text)
    _memcpy_lastbytes_aligned                0x08019e2b   Thumb Code     0  rt_memcpy_w.o(.text)
    __user_setup_stackheap                   0x08019e47   Thumb Code    74  sys_stackheap_outer.o(.text)
    exit                                     0x08019e91   Thumb Code    12  exit.o(.text)
    __user_libspace                          0x08019e9d   Thumb Code     8  libspace.o(.text)
    __user_perproc_libspace                  0x08019e9d   Thumb Code     0  libspace.o(.text)
    __user_perthread_libspace                0x08019e9d   Thumb Code     0  libspace.o(.text)
    _sys_exit                                0x08019ea5   Thumb Code     8  sys_exit.o(.text)
    __I$use$semihosting                      0x08019eb1   Thumb Code     0  use_no_semi.o(.text)
    __use_no_semihosting_swi                 0x08019eb1   Thumb Code     2  use_no_semi.o(.text)
    __semihosting_library_function           0x08019eb3   Thumb Code     0  indicate_semi.o(.text)
    _is_digit                                0x08019eb3   Thumb Code    14  __printf_wp.o(i._is_digit)
    table_week                               0x08019ec0   Data          12  rtc.o(.constdata)
    mon_table                                0x08019ecc   Data          12  rtc.o(.constdata)
    asc2_1608                                0x08019ed8   Data        1520  ziku.o(.constdata)
    OSUnMapTbl                               0x0801a4c8   Data         256  os_core.o(.constdata)
    Region$$Table$$Base                      0x0801a5c8   Number         0  anon$$obj.o(Region$$Table)
    Region$$Table$$Limit                     0x0801a5e8   Number         0  anon$$obj.o(Region$$Table)
    SystemCoreClock                          0x20000000   Data           4  system_stm32f10x.o(.data)
    AHBPrescTable                            0x20000004   Data          16  system_stm32f10x.o(.data)
    voiceFlashEraseFlag                      0x20000014   Data           1  wt588d16.o(.data)
    fac_id                                   0x20000016   Data           1  sst25vf016.o(.data)
    dev_id                                   0x20000017   Data           1  sst25vf016.o(.data)
    flashIndex                               0x20000018   Data           2  sst25vf016.o(.data)
    FLASHStatus                              0x2000001a   Data           1  myflash.o(.data)
    Pcb                                      0x2000001e   Data           1  userrc522.o(.data)
    sw                                       0x2000001f   Data           2  userrc522.o(.data)
    Comm3Sem                                 0x2000002c   Data           4  task.o(.data)
    Can1Sem                                  0x20000030   Data           4  task.o(.data)
    UART3_RxLen                              0x20000034   Data           2  task.o(.data)
    CAN1_RxLen                               0x20000036   Data           2  task.o(.data)
    cardtype                                 0x20000038   Data           2  task.o(.data)
    defaultKey2                              0x2000003b   Data           6  usercard.o(.data)
    MF                                       0x20000041   Data           2  usercard.o(.data)
    MIF                                      0x20000043   Data           2  usercard.o(.data)
    DF                                       0x20000045   Data           2  usercard.o(.data)
    DIF                                      0x20000047   Data           2  usercard.o(.data)
    userID                                   0x20000049   Data           4  usercard.o(.data)
    R_iapRequestInfo                         0x200000a4   Data           6  communication3.o(.data)
    can1_Exid                                0x200000ae   Data           8  can1comm.o(.data)
    CardEad                                  0x200000bc   Data           8  can1comm.o(.data)
    BaudTable                                0x200000c4   Data         120  can1.o(.data)
    OSCtxSwCtr                               0x20000154   Data           4  os_core.o(.data)
    OSEventFreeList                          0x20000158   Data           4  os_core.o(.data)
    OSFlagFreeList                           0x2000015c   Data           4  os_core.o(.data)
    OSCPUUsage                               0x20000160   Data           1  os_core.o(.data)
    OSIdleCtrMax                             0x20000164   Data           4  os_core.o(.data)
    OSIdleCtrRun                             0x20000168   Data           4  os_core.o(.data)
    OSStatRdy                                0x2000016c   Data           1  os_core.o(.data)
    OSIntNesting                             0x2000016d   Data           1  os_core.o(.data)
    OSLockNesting                            0x2000016e   Data           1  os_core.o(.data)
    OSPrioCur                                0x2000016f   Data           1  os_core.o(.data)
    OSPrioHighRdy                            0x20000170   Data           1  os_core.o(.data)
    OSRdyGrp                                 0x20000171   Data           1  os_core.o(.data)
    OSRdyTbl                                 0x20000172   Data           8  os_core.o(.data)
    OSRunning                                0x2000017a   Data           1  os_core.o(.data)
    OSTaskCtr                                0x2000017b   Data           1  os_core.o(.data)
    OSIdleCtr                                0x2000017c   Data           4  os_core.o(.data)
    OSTCBCur                                 0x20000180   Data           4  os_core.o(.data)
    OSTCBFreeList                            0x20000184   Data           4  os_core.o(.data)
    OSTCBHighRdy                             0x20000188   Data           4  os_core.o(.data)
    OSTCBList                                0x2000018c   Data           4  os_core.o(.data)
    OSTickStepState                          0x20000190   Data           1  os_core.o(.data)
    OSQFreeList                              0x20000194   Data           4  os_core.o(.data)
    OSTime                                   0x20000198   Data           4  os_core.o(.data)
    voicebuf                                 0x2000019c   Data        1024  wt588d16.o(.bss)
    pagebuf                                  0x2000059c   Data         256  wt588d16.o(.bss)
    SPI_FLASH_BUF                            0x2000069c   Data        4096  sst25vf016.o(.bss)
    spiFlashTest1                            0x2000169c   Data          32  sst25vf016.o(.bss)
    testbuf                                  0x200016bc   Data          65  sst25vf016.o(.bss)
    calendar                                 0x200016fe   Data          10  rtc.o(.bss)
    START_TASK_STK                           0x20001708   Data         512  task.o(.bss)
    BEEP_TASK_STK                            0x20001908   Data         512  task.o(.bss)
    UART3_TASK_STK                           0x20001b08   Data         512  task.o(.bss)
    CAN1_TASK_STK                            0x20001d08   Data         512  task.o(.bss)
    UART3_Rx                                 0x20001f08   Data        1060  task.o(.bss)
    CAN1_Rx                                  0x2000232c   Data        1060  task.o(.bss)
    timeshow                                 0x20002750   Data          30  task.o(.bss)
    dateshow                                 0x2000276e   Data          30  task.o(.bss)
    R_zikuUpdateInfo                         0x2000278c   Data        1032  communication3.o(.bss)
    R_programUpdateInfo                      0x20002b94   Data        1032  communication3.o(.bss)
    R_voiceUpdateInfo                        0x20002f9c   Data        1032  communication3.o(.bss)
    uart3_Rx                                 0x200033a4   Data        1064  usart3.o(.bss)
    uart3_Tx                                 0x200037cc   Data        1064  usart3.o(.bss)
    can1_Rx                                  0x20003bf4   Data        1064  can1comm.o(.bss)
    rxMessage                                0x2000401c   Data          20  can1.o(.bss)
    OSEventTbl                               0x20004030   Data         200  os_core.o(.bss)
    OSFlagTbl                                0x200040f8   Data          80  os_core.o(.bss)
    OSTaskStatStk                            0x20004148   Data         512  os_core.o(.bss)
    OSTaskIdleStk                            0x20004348   Data         512  os_core.o(.bss)
    OSTCBPrioTbl                             0x20004548   Data         256  os_core.o(.bss)
    OSTCBTbl                                 0x20004648   Data        1008  os_core.o(.bss)
    OSQTbl                                   0x20004a38   Data         120  os_core.o(.bss)
    __libspace_start                         0x20004ab0   Data          96  libspace.o(.bss)
    __temporary_stack_top$libspace           0x20004b10   Data           0  libspace.o(.bss)



==============================================================================

Memory Map of the image

  Image Entry point : 0x08010131

  Load Region LR_IROM1 (Base: 0x08010000, Size: 0x0000a784, Max: 0x00040000, ABSOLUTE, COMPRESSED[0x0000a690])

    Execution Region ER_IROM1 (Base: 0x08010000, Size: 0x0000a5e8, Max: 0x00040000, ABSOLUTE)

    Base Addr    Size         Type   Attr      Idx    E Section Name        Object

    0x08010000   0x00000130   Data   RO          796    RESET               startup_stm32f10x_hd.o
    0x08010130   0x00000008   Code   RO         1273  * !!!main             c_w.l(__main.o)
    0x08010138   0x00000034   Code   RO         1440    !!!scatter          c_w.l(__scatter.o)
    0x0801016c   0x0000005a   Code   RO         1438    !!dczerorl2         c_w.l(__dczerorl2.o)
    0x080101c6   0x00000002   PAD
    0x080101c8   0x0000001c   Code   RO         1442    !!handler_zi        c_w.l(__scatter_zi.o)
    0x080101e4   0x00000000   Code   RO         1262    .ARM.Collect$$_printf_percent$$00000000  c_w.l(_printf_percent.o)
    0x080101e4   0x00000006   Code   RO         1261    .ARM.Collect$$_printf_percent$$00000009  c_w.l(_printf_d.o)
    0x080101ea   0x00000004   Code   RO         1282    .ARM.Collect$$_printf_percent$$00000017  c_w.l(_printf_percent_end.o)
    0x080101ee   0x00000002   Code   RO         1311    .ARM.Collect$$libinit$$00000000  c_w.l(libinit.o)
    0x080101f0   0x00000000   Code   RO         1318    .ARM.Collect$$libinit$$00000002  c_w.l(libinit2.o)
    0x080101f0   0x00000000   Code   RO         1321    .ARM.Collect$$libinit$$00000008  c_w.l(libinit2.o)
    0x080101f0   0x00000000   Code   RO         1323    .ARM.Collect$$libinit$$0000000A  c_w.l(libinit2.o)
    0x080101f0   0x00000000   Code   RO         1325    .ARM.Collect$$libinit$$0000000C  c_w.l(libinit2.o)
    0x080101f0   0x00000000   Code   RO         1328    .ARM.Collect$$libinit$$0000000F  c_w.l(libinit2.o)
    0x080101f0   0x00000000   Code   RO         1330    .ARM.Collect$$libinit$$00000011  c_w.l(libinit2.o)
    0x080101f0   0x00000000   Code   RO         1332    .ARM.Collect$$libinit$$00000013  c_w.l(libinit2.o)
    0x080101f0   0x00000000   Code   RO         1334    .ARM.Collect$$libinit$$00000015  c_w.l(libinit2.o)
    0x080101f0   0x00000000   Code   RO         1336    .ARM.Collect$$libinit$$00000017  c_w.l(libinit2.o)
    0x080101f0   0x00000000   Code   RO         1338    .ARM.Collect$$libinit$$00000019  c_w.l(libinit2.o)
    0x080101f0   0x00000000   Code   RO         1340    .ARM.Collect$$libinit$$0000001B  c_w.l(libinit2.o)
    0x080101f0   0x00000000   Code   RO         1342    .ARM.Collect$$libinit$$0000001D  c_w.l(libinit2.o)
    0x080101f0   0x00000000   Code   RO         1344    .ARM.Collect$$libinit$$0000001F  c_w.l(libinit2.o)
    0x080101f0   0x00000000   Code   RO         1346    .ARM.Collect$$libinit$$00000021  c_w.l(libinit2.o)
    0x080101f0   0x00000000   Code   RO         1348    .ARM.Collect$$libinit$$00000023  c_w.l(libinit2.o)
    0x080101f0   0x00000000   Code   RO         1352    .ARM.Collect$$libinit$$0000002A  c_w.l(libinit2.o)
    0x080101f0   0x00000000   Code   RO         1354    .ARM.Collect$$libinit$$0000002C  c_w.l(libinit2.o)
    0x080101f0   0x00000000   Code   RO         1356    .ARM.Collect$$libinit$$0000002E  c_w.l(libinit2.o)
    0x080101f0   0x00000000   Code   RO         1358    .ARM.Collect$$libinit$$00000030  c_w.l(libinit2.o)
    0x080101f0   0x00000002   Code   RO         1359    .ARM.Collect$$libinit$$00000031  c_w.l(libinit2.o)
    0x080101f2   0x00000002   Code   RO         1379    .ARM.Collect$$libshutdown$$00000000  c_w.l(libshutdown.o)
    0x080101f4   0x00000000   Code   RO         1393    .ARM.Collect$$libshutdown$$00000003  c_w.l(libshutdown2.o)
    0x080101f4   0x00000000   Code   RO         1396    .ARM.Collect$$libshutdown$$00000006  c_w.l(libshutdown2.o)
    0x080101f4   0x00000000   Code   RO         1399    .ARM.Collect$$libshutdown$$00000009  c_w.l(libshutdown2.o)
    0x080101f4   0x00000000   Code   RO         1401    .ARM.Collect$$libshutdown$$0000000B  c_w.l(libshutdown2.o)
    0x080101f4   0x00000000   Code   RO         1404    .ARM.Collect$$libshutdown$$0000000E  c_w.l(libshutdown2.o)
    0x080101f4   0x00000002   Code   RO         1405    .ARM.Collect$$libshutdown$$0000000F  c_w.l(libshutdown2.o)
    0x080101f6   0x00000000   Code   RO         1275    .ARM.Collect$$rtentry$$00000000  c_w.l(rtentry.o)
    0x080101f6   0x00000000   Code   RO         1286    .ARM.Collect$$rtentry$$00000002  c_w.l(rtentry2.o)
    0x080101f6   0x00000006   Code   RO         1298    .ARM.Collect$$rtentry$$00000004  c_w.l(rtentry4.o)
    0x080101fc   0x00000000   Code   RO         1288    .ARM.Collect$$rtentry$$00000009  c_w.l(rtentry2.o)
    0x080101fc   0x00000004   Code   RO         1289    .ARM.Collect$$rtentry$$0000000A  c_w.l(rtentry2.o)
    0x08010200   0x00000000   Code   RO         1291    .ARM.Collect$$rtentry$$0000000C  c_w.l(rtentry2.o)
    0x08010200   0x00000008   Code   RO         1292    .ARM.Collect$$rtentry$$0000000D  c_w.l(rtentry2.o)
    0x08010208   0x00000002   Code   RO         1315    .ARM.Collect$$rtexit$$00000000  c_w.l(rtexit.o)
    0x0801020a   0x00000000   Code   RO         1361    .ARM.Collect$$rtexit$$00000002  c_w.l(rtexit2.o)
    0x0801020a   0x00000004   Code   RO         1362    .ARM.Collect$$rtexit$$00000003  c_w.l(rtexit2.o)
    0x0801020e   0x00000006   Code   RO         1363    .ARM.Collect$$rtexit$$00000004  c_w.l(rtexit2.o)
    0x08010214   0x0000002c   Code   RO            1    .text               main.o
    0x08010240   0x00000016   Code   RO          142    .text               stm32f10x_it.o
    0x08010256   0x00000002   PAD
    0x08010258   0x000001dc   Code   RO          183    .text               system_stm32f10x.o
    0x08010434   0x00000108   Code   RO          201    .text               myspi.o
    0x0801053c   0x00000110   Code   RO          216    .text               stm32spi1.o
    0x0801064c   0x0000011c   Code   RO          231    .text               stm32spi2.o
    0x08010768   0x00000078   Code   RO          261    .text               led.o
    0x080107e0   0x00000074   Code   RO          276    .text               beep.o
    0x08010854   0x0000017c   Code   RO          306    .text               speaker.o
    0x080109d0   0x000006b4   Code   RO          321    .text               wt588d16.o
    0x08011084   0x000004ec   Code   RO          351    .text               sst25vf016.o
    0x08011570   0x0000037c   Code   RO          373    .text               lcd12864.o
    0x080118ec   0x00000098   Code   RO          388    .text               myflash.o
    0x08011984   0x00000408   Code   RO          406    .text               rtc.o
    0x08011d8c   0x00000370   Code   RO          426    .text               oled.o
    0x080120fc   0x00000654   Code   RO          441    .text               bikerc522.o
    0x08012750   0x00000a90   Code   RO          456    .text               userrc522.o
    0x080131e0   0x00000134   Code   RO          474    .text               mytimer.o
    0x08013314   0x00000064   Code   RO          506    .text               app.o
    0x08013378   0x00000248   Code   RO          546    .text               task.o
    0x080135c0   0x00000044   Code   RO          587    .text               crc.o
    0x08013604   0x00000054   Code   RO          599    .text               prog.o
    0x08013658   0x00000080   Code   RO          614    .text               ziku.o
    0x080136d8   0x00000128   Code   RO          646    .text               usercard.o
    0x08013800   0x000000f4   Code   RO          661    .text               softtimer.o
    0x080138f4   0x000001a0   Code   RO          678    .text               communication3.o
    0x08013a94   0x00000250   Code   RO          698    .text               usart3.o
    0x08013ce4   0x00000400   Code   RO          718    .text               can1comm.o
    0x080140e4   0x00000260   Code   RO          738    .text               can1.o
    0x08014344   0x000000f4   Code   RO          757    .text               delay.o
    0x08014438   0x00000016   Code   RO          771    .text               sys.o
    0x0801444e   0x00000002   PAD
    0x08014450   0x00000040   Code   RO          797    .text               startup_stm32f10x_hd.o
    0x08014490   0x000000dc   Code   RO          801    .text               misc.o
    0x0801456c   0x00000358   Code   RO          825    .text               stm32f10x_gpio.o
    0x080148c4   0x000003a4   Code   RO          837    .text               stm32f10x_rcc.o
    0x08014c68   0x0000030c   Code   RO          851    .text               stm32f10x_spi.o
    0x08014f74   0x00000408   Code   RO          863    .text               stm32f10x_usart.o
    0x0801537c   0x000000c4   Code   RO          887    .text               stm32f10x_bkp.o
    0x08015440   0x000009e8   Code   RO          899    .text               stm32f10x_can.o
    0x08015e28   0x00000048   Code   RO          923    .text               stm32f10x_crc.o
    0x08015e70   0x000005bc   Code   RO          983    .text               stm32f10x_flash.o
    0x0801642c   0x000000cc   Code   RO         1019    .text               stm32f10x_pwr.o
    0x080164f8   0x00000144   Code   RO         1031    .text               stm32f10x_rtc.o
    0x0801663c   0x00000e1a   Code   RO         1055    .text               stm32f10x_tim.o
    0x08017456   0x00000002   PAD
    0x08017458   0x000008ac   Code   RO         1079    .text               os_core.o
    0x08017d04   0x00000818   Code   RO         1099    .text               os_flag.o
    0x0801851c   0x000005e8   Code   RO         1141    .text               os_q.o
    0x08018b04   0x00000388   Code   RO         1153    .text               os_sem.o
    0x08018e8c   0x000007cc   Code   RO         1165    .text               os_task.o
    0x08019658   0x000001b8   Code   RO         1177    .text               os_time.o
    0x08019810   0x000000b4   Code   RO         1195    .text               os_cpu_a.o
    0x080198c4   0x000000ae   Code   RO         1198    .text               os_cpu_c.o
    0x08019972   0x00000002   PAD
    0x08019974   0x00000028   Code   RO         1233    .text               c_w.l(noretval__2sprintf.o)
    0x0801999c   0x00000052   Code   RO         1237    .text               c_w.l(_printf_pad.o)
    0x080199ee   0x00000002   PAD
    0x080199f0   0x00000078   Code   RO         1239    .text               c_w.l(_printf_dec.o)
    0x08019a68   0x0000010e   Code   RO         1249    .text               c_w.l(__printf_wp.o)
    0x08019b76   0x00000058   Code   RO         1263    .text               c_w.l(memcmp.o)
    0x08019bce   0x0000008a   Code   RO         1265    .text               c_w.l(rt_memcpy_v6.o)
    0x08019c58   0x00000044   Code   RO         1267    .text               c_w.l(rt_memclr.o)
    0x08019c9c   0x0000004e   Code   RO         1269    .text               c_w.l(rt_memclr_w.o)
    0x08019cea   0x00000006   Code   RO         1271    .text               c_w.l(heapauxi.o)
    0x08019cf0   0x000000b8   Code   RO         1276    .text               c_w.l(_printf_intcommon.o)
    0x08019da8   0x00000030   Code   RO         1278    .text               c_w.l(_printf_char_common.o)
    0x08019dd8   0x0000000a   Code   RO         1280    .text               c_w.l(_sputc.o)
    0x08019de2   0x00000064   Code   RO         1283    .text               c_w.l(rt_memcpy_w.o)
    0x08019e46   0x0000004a   Code   RO         1302    .text               c_w.l(sys_stackheap_outer.o)
    0x08019e90   0x0000000c   Code   RO         1304    .text               c_w.l(exit.o)
    0x08019e9c   0x00000008   Code   RO         1312    .text               c_w.l(libspace.o)
    0x08019ea4   0x0000000c   Code   RO         1371    .text               c_w.l(sys_exit.o)
    0x08019eb0   0x00000002   Code   RO         1382    .text               c_w.l(use_no_semi.o)
    0x08019eb2   0x00000000   Code   RO         1384    .text               c_w.l(indicate_semi.o)
    0x08019eb2   0x0000000e   Code   RO         1251    i._is_digit         c_w.l(__printf_wp.o)
    0x08019ec0   0x00000018   Data   RO          408    .constdata          rtc.o
    0x08019ed8   0x000005f0   Data   RO          616    .constdata          ziku.o
    0x0801a4c8   0x00000100   Data   RO         1081    .constdata          os_core.o
    0x0801a5c8   0x00000020   Data   RO         1436    Region$$Table       anon$$obj.o


    Execution Region RW_IRAM1 (Base: 0x20000000, Size: 0x00005110, Max: 0x0000c000, ABSOLUTE, COMPRESSED[0x000000a8])

    Base Addr    Size         Type   Attr      Idx    E Section Name        Object

    0x20000000   0x00000014   Data   RW          184    .data               system_stm32f10x.o
    0x20000014   0x00000001   Data   RW          323    .data               wt588d16.o
    0x20000015   0x00000001   PAD
    0x20000016   0x00000004   Data   RW          353    .data               sst25vf016.o
    0x2000001a   0x00000001   Data   RW          389    .data               myflash.o
    0x2000001b   0x00000001   PAD
    0x2000001c   0x00000002   Data   RW          409    .data               rtc.o
    0x2000001e   0x00000003   Data   RW          457    .data               userrc522.o
    0x20000021   0x00000003   PAD
    0x20000024   0x00000008   Data   RW          475    .data               mytimer.o
    0x2000002c   0x0000000e   Data   RW          548    .data               task.o
    0x2000003a   0x00000001   Data   RW          617    .data               ziku.o
    0x2000003b   0x00000012   Data   RW          647    .data               usercard.o
    0x2000004d   0x00000003   PAD
    0x20000050   0x00000021   Data   RW          662    .data               softtimer.o
    0x20000071   0x00000003   PAD
    0x20000074   0x00000036   Data   RW          680    .data               communication3.o
    0x200000aa   0x00000002   PAD
    0x200000ac   0x00000018   Data   RW          720    .data               can1comm.o
    0x200000c4   0x00000078   Data   RW          740    .data               can1.o
    0x2000013c   0x00000004   Data   RW          758    .data               delay.o
    0x20000140   0x00000014   Data   RW          838    .data               stm32f10x_rcc.o
    0x20000154   0x00000048   Data   RW         1082    .data               os_core.o
    0x2000019c   0x00000500   Zero   RW          322    .bss                wt588d16.o
    0x2000069c   0x00001061   Zero   RW          352    .bss                sst25vf016.o
    0x200016fd   0x00000001   PAD
    0x200016fe   0x0000000a   Zero   RW          407    .bss                rtc.o
    0x20001708   0x00001084   Zero   RW          547    .bss                task.o
    0x2000278c   0x00000c18   Zero   RW          679    .bss                communication3.o
    0x200033a4   0x00000850   Zero   RW          699    .bss                usart3.o
    0x20003bf4   0x00000428   Zero   RW          719    .bss                can1comm.o
    0x2000401c   0x00000014   Zero   RW          739    .bss                can1.o
    0x20004030   0x00000a80   Zero   RW         1080    .bss                os_core.o
    0x20004ab0   0x00000060   Zero   RW         1313    .bss                c_w.l(libspace.o)
    0x20004b10   0x00000200   Zero   RW          795    HEAP                startup_stm32f10x_hd.o
    0x20004d10   0x00000400   Zero   RW          794    STACK               startup_stm32f10x_hd.o


==============================================================================

Image component sizes


      Code (inc. data)   RO Data    RW Data    ZI Data      Debug   Object Name

       100          0          0          0          0        725   app.o
       116          4          0          0          0        765   beep.o
      1620          8          0          0          0       6794   bikerc522.o
       608         28          0        120         20       3775   can1.o
      1024         34          0         24       1064       7727   can1comm.o
       416         60          0         54       3096      17569   communication3.o
         0          0          0          0          0         32   core_cm3.o
        68          4          0          0          0        972   crc.o
       244         20          0          4          0       1191   delay.o
       892          8          0          0          0       3598   lcd12864.o
       120          6          0          0          0        669   led.o
        44         10          0          0          0     282164   main.o
       220         20          0          0          0       1697   misc.o
       152          8          0          1          0       1361   myflash.o
       264          8          0          0          0       1110   myspi.o
       308         12          0          8          0       2022   mytimer.o
       880          4          0          0          0       3641   oled.o
      2220        220        256         72       2688      14615   os_core.o
       180         36          0          0          0        268   os_cpu_a.o
       174          0          0          0          0      10178   os_cpu_c.o
      2072         40          0          0          0       6660   os_flag.o
      1512         32          0          0          0       5401   os_q.o
       904         16          0          0          0       3746   os_sem.o
      1996         70          0          0          0       7309   os_task.o
       440         30          0          0          0       1718   os_time.o
        84         12          0          0          0        940   prog.o
      1032         28         24          2         10       3732   rtc.o
       244          8          0         33          0       2148   softtimer.o
       380         14          0          0          0        895   speaker.o
      1260         32          0          4       4193       5494   sst25vf016.o
        64         26        304          0       1536        736   startup_stm32f10x_hd.o
       196          8          0          0          0       3356   stm32f10x_bkp.o
      2536         36          0          0          0       7748   stm32f10x_can.o
        72          4          0          0          0       1610   stm32f10x_crc.o
      1468         34          0          0          0       7926   stm32f10x_flash.o
       856         40          0          0          0       5541   stm32f10x_gpio.o
        22          0          0          0          0        947   stm32f10x_it.o
       204         16          0          0          0       1867   stm32f10x_pwr.o
       932         44          0         20          0       8656   stm32f10x_rcc.o
       324          4          0          0          0       2614   stm32f10x_rtc.o
       780         14          0          0          0       6422   stm32f10x_spi.o
      3610         88          0          0          0      22024   stm32f10x_tim.o
      1032         22          0          0          0       8264   stm32f10x_usart.o
       272          8          0          0          0       1069   stm32spi1.o
       284          8          0          0          0       1073   stm32spi2.o
        22          0          0          0          0        401   sys.o
       476         36          0         20          0       1579   system_stm32f10x.o
       584        160          0         14       4228       2798   task.o
       592         18          0          0       2128       2736   usart3.o
       296         24          0         18          0       1862   usercard.o
      2704         22          0          3          0       9948   userrc522.o
      1716         36          0          1       1280       8331   wt588d16.o
       128         20       1520          1          0       1486   ziku.o

    ----------------------------------------------------------------------
     38752       1440       2136        412      20244     507910   Object Totals
         0          0         32          0          0          0   (incl. Generated)
         8          0          0         13          1          0   (incl. Padding)

    ----------------------------------------------------------------------

      Code (inc. data)   RO Data    RW Data    ZI Data      Debug   Library Member Name

        90          0          0          0          0          0   __dczerorl2.o
         8          0          0          0          0         68   __main.o
       284          0          0          0          0        156   __printf_wp.o
        52          8          0          0          0          0   __scatter.o
        28          0          0          0          0          0   __scatter_zi.o
        48          6          0          0          0         96   _printf_char_common.o
         6          0          0          0          0          0   _printf_d.o
       120         18          0          0          0         92   _printf_dec.o
       184          0          0          0          0         88   _printf_intcommon.o
        82          0          0          0          0        108   _printf_pad.o
         0          0          0          0          0          0   _printf_percent.o
         4          0          0          0          0          0   _printf_percent_end.o
        10          0          0          0          0         68   _sputc.o
        12          0          0          0          0         72   exit.o
         6          0          0          0          0        152   heapauxi.o
         0          0          0          0          0          0   indicate_semi.o
         2          0          0          0          0          0   libinit.o
         2          0          0          0          0          0   libinit2.o
         2          0          0          0          0          0   libshutdown.o
         2          0          0          0          0          0   libshutdown2.o
         8          4          0          0         96         68   libspace.o
        88          0          0          0          0         76   memcmp.o
        40          6          0          0          0         84   noretval__2sprintf.o
        68          0          0          0          0         68   rt_memclr.o
        78          0          0          0          0         80   rt_memclr_w.o
       138          0          0          0          0         68   rt_memcpy_v6.o
       100          0          0          0          0         80   rt_memcpy_w.o
         0          0          0          0          0          0   rtentry.o
        12          0          0          0          0          0   rtentry2.o
         6          0          0          0          0          0   rtentry4.o
         2          0          0          0          0          0   rtexit.o
        10          0          0          0          0          0   rtexit2.o
        12          4          0          0          0         68   sys_exit.o
        74          0          0          0          0         80   sys_stackheap_outer.o
         2          0          0          0          0         68   use_no_semi.o

    ----------------------------------------------------------------------
      1584         46          0          0         96       1640   Library Totals
         4          0          0          0          0          0   (incl. Padding)

    ----------------------------------------------------------------------

      Code (inc. data)   RO Data    RW Data    ZI Data      Debug   Library Name

      1580         46          0          0         96       1640   c_w.l

    ----------------------------------------------------------------------
      1584         46          0          0         96       1640   Library Totals

    ----------------------------------------------------------------------

==============================================================================


      Code (inc. data)   RO Data    RW Data    ZI Data      Debug   

     40336       1486       2136        412      20340     503726   Grand Totals
     40336       1486       2136        168      20340     503726   ELF Image Totals (compressed)
     40336       1486       2136        168          0          0   ROM Totals

==============================================================================

    Total RO  Size (Code + RO Data)                42472 (  41.48kB)
    Total RW  Size (RW Data + ZI Data)             20752 (  20.27kB)
    Total ROM Size (Code + RO Data + RW Data)      42640 (  41.64kB)

==============================================================================

