ARM Linker, 5.03 [Build 24] [MDK-ARM Professional]

==============================================================================

Section Cross References

    main.o(.text) refers to delay.o(.text) for delay_init
    main.o(.text) refers to sst25vf016.o(.text) for SST25_Init
    main.o(.text) refers to usart3.o(.text) for uart3_init
    main.o(.text) refers to crc.o(.text) for CRC_Config
    main.o(.text) refers to lcd12864.o(.text) for lcd12864_init
    main.o(.text) refers to myflash.o(.text) for FlashRead
    main.o(.text) refers to rt_memcpy_v6.o(.text) for __aeabi_memcpy
    main.o(.text) refers to communication3.o(.text) for comm3_Analyse
    main.o(.text) refers to iap.o(.text) for IAP_WRITE
    main.o(.text) refers to stm32f10x_usart.o(.text) for USART_ITConfig
    main.o(.text) refers to stm32f10x_flash.o(.text) for FLASH_Unlock
    main.o(.text) refers to core_cm3.o(.emb_text) for __set_MSP
    main.o(.text) refers to main.o(.data) for dataTest
    main.o(.text) refers to usart3.o(.data) for uart3_flag
    main.o(.text) refers to usart3.o(.bss) for uart3_Rx
    main.o(.text) refers to main.o(.bss) for UART3_Rx
    main.o(.text) refers to communication3.o(.data) for R_iapRequestInfo
    main.o(.text) refers to common.o(.data) for JumpAddress
    stm32f10x_it.o(.text) refers to common.o(.text) for Serial_PutString
    system_stm32f10x.o(.text) refers to system_stm32f10x.o(.data) for SystemCoreClock
    common.o(.text) refers to stm32f10x_usart.o(.text) for USART_SendData
    common.o(.text) refers to stm32f10x_flash.o(.text) for FLASH_GetWriteProtectionOptionByte
    common.o(.text) refers to common.o(.data) for UserMemoryMask
    common.o(.text) refers to common.o(.constdata) for .constdata
    common.o(.text) refers to ymodem.o(.data) for FlashDestination
    common.o(.text) refers to download.o(.text) for SerialDownload
    common.o(.text) refers to upload.o(.text) for SerialUpload
    common.o(.text) refers to core_cm3.o(.emb_text) for __set_MSP
    common.o(.text) refers to stm32f10x_rcc.o(.text) for RCC_APB2PeriphClockCmd
    common.o(.text) refers to stm32f10x_gpio.o(.text) for GPIO_Init
    myspi.o(.text) refers to stm32f10x_rcc.o(.text) for RCC_APB2PeriphClockCmd
    myspi.o(.text) refers to stm32f10x_gpio.o(.text) for GPIO_Init
    sst25vf016.o(.text) refers to myspi.o(.text) for Rec_1_Char
    sst25vf016.o(.text) refers to sst25vf016.o(.data) for fac_id
    sst25vf016.o(.text) refers to sst25vf016.o(.bss) for SPI_FLASH_BUF
    lcd12864.o(.text) refers to stm32f10x_rcc.o(.text) for RCC_APB2PeriphClockCmd
    lcd12864.o(.text) refers to stm32f10x_gpio.o(.text) for GPIO_Init
    lcd12864.o(.text) refers to sst25vf016.o(.text) for SST25_ReadFlash
    crc.o(.text) refers to stm32f10x_rcc.o(.text) for RCC_AHBPeriphClockCmd
    crc.o(.text) refers to stm32f10x_crc.o(.text) for CRC_ResetDR
    iap.o(.text) refers to _printf_pad.o(.text) for _printf_pre_padding
    iap.o(.text) refers to _printf_percent.o(.ARM.Collect$$_printf_percent$$00000000) for _printf_percent
    iap.o(.text) refers to _printf_d.o(.ARM.Collect$$_printf_percent$$00000009) for _printf_d
    iap.o(.text) refers to _printf_dec.o(.text) for _printf_int_dec
    iap.o(.text) refers to stm32f10x_flash.o(.text) for FLASH_ProgramHalfWord
    iap.o(.text) refers to sst25vf016.o(.text) for SST25_ReadFlash
    iap.o(.text) refers to crc.o(.text) for CRC_GetVal
    iap.o(.text) refers to lcd12864.o(.text) for Show_Str
    iap.o(.text) refers to noretval__2sprintf.o(.text) for __2sprintf
    iap.o(.text) refers to myflash.o(.text) for FlashWrite
    iap.o(.text) refers to main.o(.data) for F_programFinish
    prog.o(.text) refers to sst25vf016.o(.text) for SPI_Flash_Write
    prog.o(.text) refers to usart3.o(.text) for uart3_putString
    usart3.o(.text) refers to stm32f10x_rcc.o(.text) for RCC_APB2PeriphClockCmd
    usart3.o(.text) refers to stm32f10x_usart.o(.text) for USART_DeInit
    usart3.o(.text) refers to stm32f10x_gpio.o(.text) for GPIO_Init
    usart3.o(.text) refers to misc.o(.text) for NVIC_Init
    usart3.o(.text) refers to rt_memclr.o(.text) for __aeabi_memclr
    usart3.o(.text) refers to usart3.o(.bss) for uart3_Rx
    usart3.o(.text) refers to usart3.o(.data) for uart3_flag
    communication3.o(.text) refers to rt_memcpy_v6.o(.text) for __aeabi_memcpy
    communication3.o(.text) refers to crc.o(.text) for CRC_GetVal
    communication3.o(.text) refers to usart3.o(.text) for uart3_putString
    communication3.o(.text) refers to prog.o(.text) for progWrite
    communication3.o(.text) refers to communication3.o(.data) for R_iapRequestInfo
    communication3.o(.text) refers to main.o(.data) for F_startIAP
    communication3.o(.text) refers to communication3.o(.bss) for R_programUpdateInfo
    communication3.o(.data) refers to communication3.o(.text) for comm3_iapRequest
    startup_stm32f10x_hd.o(STACK) refers (Special) to heapauxi.o(.text) for __use_two_region_memory
[...]
    libinit2.o(.ARM.Collect$$libinit$$00000012) refers to libinit2.o(.ARM.Collect$$libinit$$0000000D) for .ARM.Collect$$libinit$$0000000D
    libinit2.o(.ARM.Collect$$libinit$$00000014) refers to libinit2.o(.ARM.Collect$$libinit$$0000000D) for .ARM.Collect$$libinit$$0000000D
    libinit2.o(.ARM.Collect$$libinit$$00000016) refers to libinit2.o(.ARM.Collect$$libinit$$0000000D) for .ARM.Collect$$libinit$$0000000D
    libinit2.o(.ARM.Collect$$libinit$$00000024) refers to argv_veneer.o(.emb_text) for __ARM_argv_veneer
    libinit2.o(.ARM.Collect$$libinit$$00000025) refers to argv_veneer.o(.emb_text) for __ARM_argv_veneer
    rtexit2.o(.ARM.Collect$$rtexit$$00000003) refers to libshutdown.o(.ARM.Collect$$libshutdown$$00000000) for __rt_lib_shutdown
    rtexit2.o(.ARM.Collect$$rtexit$$00000004) refers to usart.o(.text) for _sys_exit
    rtexit2.o(.ARM.exidx) refers to rtexit2.o(.ARM.Collect$$rtexit$$00000001) for .ARM.Collect$$rtexit$$00000001
    rtexit2.o(.ARM.exidx) refers to rtexit2.o(.ARM.Collect$$rtexit$$00000003) for .ARM.Collect$$rtexit$$00000003
    rtexit2.o(.ARM.exidx) refers to rtexit2.o(.ARM.Collect$$rtexit$$00000004) for .ARM.Collect$$rtexit$$00000004
    argv_veneer.o(.emb_text) refers to no_argv.o(.text) for __ARM_get_argv
    _get_argv_nomalloc.o(.text) refers (Special) to hrguard.o(.text) for __heap_region$guard
    _get_argv_nomalloc.o(.text) refers to defsig_rtmem_outer.o(.text) for __rt_SIGRTMEM
    _get_argv_nomalloc.o(.text) refers to sys_command.o(.text) for _sys_command_string
    libshutdown.o(.ARM.Collect$$libshutdown$$00000000) refers (Special) to libshutdown2.o(.ARM.Collect$$libshutdown$$00000006) for __rt_lib_shutdown_fp_trap_1
    libshutdown.o(.ARM.Collect$$libshutdown$$00000000) refers (Special) to libshutdown2.o(.ARM.Collect$$libshutdown$$0000000E) for __rt_lib_shutdown_heap_1
    libshutdown.o(.ARM.Collect$$libshutdown$$00000000) refers (Special) to libshutdown2.o(.ARM.Collect$$libshutdown$$0000000F) for __rt_lib_shutdown_return
    libshutdown.o(.ARM.Collect$$libshutdown$$00000000) refers (Special) to libshutdown2.o(.ARM.Collect$$libshutdown$$00000009) for __rt_lib_shutdown_signal_1
    libshutdown.o(.ARM.Collect$$libshutdown$$00000000) refers (Special) to libshutdown2.o(.ARM.Collect$$libshutdown$$00000003) for __rt_lib_shutdown_stdio_1
    libshutdown.o(.ARM.Collect$$libshutdown$$00000000) refers (Special) to libshutdown2.o(.ARM.Collect$$libshutdown$$0000000B) for __rt_lib_shutdown_user_alloc_1
    sys_command.o(.text) refers (Special) to use_no_semi.o(.text) for __I$use$semihosting
    sys_command.o(.text) refers (Special) to indicate_semi.o(.text) for __semihosting_library_function
    defsig_rtmem_outer.o(.text) refers to defsig_rtmem_inner.o(.text) for __rt_SIGRTMEM_inner
    defsig_rtmem_outer.o(.text) refers to defsig_exit.o(.text) for __sig_exit
    defsig_rtmem_formal.o(.text) refers to rt_raise.o(.text) for __rt_raise
    rt_raise.o(.text) refers to __raise.o(.text) for __raise
    rt_raise.o(.text) refers to usart.o(.text) for _sys_exit
    defsig_exit.o(.text) refers to usart.o(.text) for _sys_exit
    defsig_rtmem_inner.o(.text) refers to defsig_general.o(.text) for __default_signal_display
    __raise.o(.text) refers to defsig.o(CL$$defsig) for __default_signal_handler
    defsig_general.o(.text) refers to sys_wrch.o(.text) for _ttywrch
    sys_wrch.o(.text) refers (Special) to use_no_semi.o(.text) for __I$use$semihosting
    sys_wrch.o(.text) refers (Special) to indicate_semi.o(.text) for __semihosting_library_function
    defsig.o(CL$$defsig) refers to defsig_rtmem_inner.o(.text) for __rt_SIGRTMEM_inner
    defsig_abrt_inner.o(.text) refers to defsig_general.o(.text) for __default_signal_display
    defsig_fpe_inner.o(.text) refers to defsig_general.o(.text) for __default_signal_display
    defsig_rtred_inner.o(.text) refers to defsig_general.o(.text) for __default_signal_display
    defsig_stak_inner.o(.text) refers to defsig_general.o(.text) for __default_signal_display
    defsig_pvfn_inner.o(.text) refers to defsig_general.o(.text) for __default_signal_display
    defsig_cppl_inner.o(.text) refers to defsig_general.o(.text) for __default_signal_display
    defsig_segv_inner.o(.text) refers to defsig_general.o(.text) for __default_signal_display
    defsig_other.o(.text) refers to defsig_general.o(.text) for __default_signal_display


==============================================================================

Removing Unused input sections from the image.

    Removing lcd12864.o(.data), (64 bytes).
    Removing prog.o(.bss), (1024 bytes).
    Removing stm32f10x_adc.o(.text), (1102 bytes).
    Removing stm32f10x_bkp.o(.text), (196 bytes).
    Removing stm32f10x_can.o(.text), (2536 bytes).
    Removing stm32f10x_cec.o(.text), (288 bytes).
    Removing stm32f10x_dac.o(.text), (396 bytes).
    Removing stm32f10x_dbgmcu.o(.text), (48 bytes).
    Removing stm32f10x_dma.o(.text), (592 bytes).
    Removing stm32f10x_exti.o(.text), (284 bytes).
    Removing stm32f10x_fsmc.o(.text), (1560 bytes).
    Removing stm32f10x_i2c.o(.text), (1028 bytes).
    Removing stm32f10x_iwdg.o(.text), (64 bytes).
    Removing stm32f10x_pwr.o(.text), (204 bytes).
    Removing stm32f10x_rtc.o(.text), (324 bytes).
    Removing stm32f10x_sdio.o(.text), (472 bytes).
    Removing stm32f10x_spi.o(.text), (780 bytes).
    Removing stm32f10x_tim.o(.text), (3610 bytes).
    Removing stm32f10x_wwdg.o(.text), (136 bytes).
    Removing sys.o(.text), (12 bytes).

20 unused section(s) (total 14720 bytes) removed from the image.

==============================================================================

Image Symbol Table

    Local Symbols

    Symbol Name                              Value     Ov Type        Size  Object(Section)

    ../clib/angel/boardlib.s                 0x00000000   Number         0  boardinit2.o ABSOLUTE
    ../clib/angel/boardlib.s                 0x00000000   Number         0  boardinit3.o ABSOLUTE
    ../clib/angel/boardlib.s                 0x00000000   Number         0  boardinit1.o ABSOLUTE
    ../clib/angel/boardlib.s                 0x00000000   Number         0  boardshut.o ABSOLUTE
    ../clib/angel/dczerorl.s                 0x00000000   Number         0  __dczerorl.o ABSOLUTE
    ../clib/angel/handlers.s                 0x00000000   Number         0  __scatter_zi.o ABSOLUTE
    ../clib/angel/kernel.s                   0x00000000   Number         0  rtentry4.o ABSOLUTE
    ../clib/angel/kernel.s                   0x00000000   Number         0  rtexit.o ABSOLUTE
    ../clib/angel/kernel.s                   0x00000000   Number         0  rtexit2.o ABSOLUTE
    ../clib/angel/kernel.s                   0x00000000   Number         0  rtentry2.o ABSOLUTE
    ../clib/angel/kernel.s                   0x00000000   Number         0  rtentry.o ABSOLUTE
    ../clib/angel/rt.s                       0x00000000   Number         0  rt_raise.o ABSOLUTE
    ../clib/angel/scatter.s                  0x00000000   Number         0  __scatter.o ABSOLUTE
    ../clib/angel/startup.s                  0x00000000   Number         0  __main.o ABSOLUTE
    ../clib/angel/sys.s                      0x00000000   Number         0  libspace.o ABSOLUTE
    ../clib/angel/sys.s                      0x00000000   Number         0  use_no_semi_2.o ABSOLUTE
    ../clib/angel/sys.s                      0x00000000   Number         0  indicate_semi.o ABSOLUTE
    ../clib/angel/sys.s                      0x00000000   Number         0  sys_stackheap_outer.o ABSOLUTE
    ../clib/angel/sys.s                      0x00000000   Number         0  use_no_semi.o ABSOLUTE
    ../clib/angel/sysapp.c                   0x00000000   Number         0  sys_command.o ABSOLUTE
    ../clib/angel/sysapp.c                   0x00000000   Number         0  sys_wrch.o ABSOLUTE
    ../clib/armsys.c                         0x00000000   Number         0  no_argv.o ABSOLUTE
    ../clib/armsys.c                         0x00000000   Number         0  argv_veneer.o ABSOLUTE
    ../clib/armsys.c                         0x00000000   Number         0  argv_veneer.o ABSOLUTE
    ../clib/armsys.c                         0x00000000   Number         0  _get_argv_nomalloc.o ABSOLUTE
    ../clib/heapalloc.c                      0x00000000   Number         0  hrguard.o ABSOLUTE
    ../clib/heapaux.c                        0x00000000   Number         0  heapauxi.o ABSOLUTE
    ../clib/libinit.s                        0x00000000   Number         0  libinit.o ABSOLUTE
    ../clib/libinit.s                        0x00000000   Number         0  libshutdown2.o ABSOLUTE
    ../clib/libinit.s                        0x00000000   Number         0  libinit2.o ABSOLUTE
    ../clib/libinit.s                        0x00000000   Number         0  libshutdown.o ABSOLUTE
    ../clib/memcpset.s                       0x00000000   Number         0  rt_memclr_w.o ABSOLUTE
    ../clib/memcpset.s                       0x00000000   Number         0  rt_memcpy_w.o ABSOLUTE
    ../clib/memcpset.s                       0x00000000   Number         0  rt_memclr.o ABSOLUTE
    ../clib/memcpset.s                       0x00000000   Number         0  rt_memcpy_v6.o ABSOLUTE
    ../clib/misc.s                           0x00000000   Number         0  printf_stubs.o ABSOLUTE
    ../clib/printf.c                         0x00000000   Number         0  _sputc.o ABSOLUTE
    ../clib/printf.c                         0x00000000   Number         0  _printf_pad.o ABSOLUTE
    ../clib/printf.c                         0x00000000   Number         0  __printf_ss_wp.o ABSOLUTE
    ../clib/printf.c                         0x00000000   Number         0  __printf_flags_ss_wp.o ABSOLUTE
    ../clib/printf.c                         0x00000000   Number         0  __printf_flags_wp.o ABSOLUTE
    ../clib/printf.c                         0x00000000   Number         0  __2sprintf.o ABSOLUTE
    ../clib/printf.c                         0x00000000   Number         0  __printf_flags.o ABSOLUTE
    ../clib/printf.c                         0x00000000   Number         0  _printf_char_common.o ABSOLUTE
    ../clib/printf.c                         0x00000000   Number         0  _printf_intcommon.o ABSOLUTE
    ../clib/printf.c                         0x00000000   Number         0  noretval__2sprintf.o ABSOLUTE
    ../clib/printf.c                         0x00000000   Number         0  __printf_wp.o ABSOLUTE
    ../clib/printf.c                         0x00000000   Number         0  __printf.o ABSOLUTE
    ../clib/printf.c                         0x00000000   Number         0  __printf_flags_ss.o ABSOLUTE
    ../clib/printf.c                         0x00000000   Number         0  _printf_dec.o ABSOLUTE
    ../clib/printf.c                         0x00000000   Number         0  __printf_nopercent.o ABSOLUTE
    ../clib/printf.c                         0x00000000   Number         0  __printf_ss.o ABSOLUTE
    ../clib/printf_percent.s                 0x00000000   Number         0  _printf_percent_end.o ABSOLUTE
    ../clib/printf_percent.s                 0x00000000   Number         0  _printf_percent.o ABSOLUTE
    ../clib/printf_percent.s                 0x00000000   Number         0  _printf_d.o ABSOLUTE
    ../clib/signal.c                         0x00000000   Number         0  defsig_segv_inner.o ABSOLUTE
    ../clib/signal.c                         0x00000000   Number         0  defsig_other.o ABSOLUTE
    ../clib/signal.c                         0x00000000   Number         0  defsig_rtmem_formal.o ABSOLUTE
    ../clib/signal.c                         0x00000000   Number         0  defsig_rtmem_inner.o ABSOLUTE
    ../clib/signal.c                         0x00000000   Number         0  defsig_exit.o ABSOLUTE
    ../clib/signal.c                         0x00000000   Number         0  defsig_general.o ABSOLUTE
    ../clib/signal.c                         0x00000000   Number         0  defsig_abrt_inner.o ABSOLUTE
    ../clib/signal.c                         0x00000000   Number         0  defsig_fpe_inner.o ABSOLUTE
    ../clib/signal.c                         0x00000000   Number         0  defsig_rtmem_outer.o ABSOLUTE
    ../clib/signal.c                         0x00000000   Number         0  defsig_rtred_inner.o ABSOLUTE
    ../clib/signal.c                         0x00000000   Number         0  __raise.o ABSOLUTE
    ../clib/signal.c                         0x00000000   Number         0  defsig_stak_inner.o ABSOLUTE
    ../clib/signal.c                         0x00000000   Number         0  defsig_pvfn_inner.o ABSOLUTE
    ../clib/signal.c                         0x00000000   Number         0  defsig_cppl_inner.o ABSOLUTE
    ../clib/signal.s                         0x00000000   Number         0  defsig.o ABSOLUTE
    ../clib/stdlib.c                         0x00000000   Number         0  exit.o ABSOLUTE
    ../fplib/fpinit.s                        0x00000000   Number         0  fpinit.o ABSOLUTE
    ..\APP\crc\CRC.c                         0x00000000   Number         0  crc.o ABSOLUTE
    ..\APP\iap\iap.c                         0x00000000   Number         0  iap.o ABSOLUTE
    ..\APP\prog\prog.c                       0x00000000   Number         0  prog.o ABSOLUTE
    ..\CORE\core_cm3.c                       0x00000000   Number         0  core_cm3.o ABSOLUTE
    ..\CORE\startup_stm32f10x_hd.s           0x00000000   Number         0  startup_stm32f10x_hd.o ABSOLUTE
    ..\Comm\communication3\communication3.c  0x00000000   Number         0  communication3.o ABSOLUTE
    ..\Comm\usart3\usart3.c                  0x00000000   Number         0  usart3.o ABSOLUTE
    ..\HARDWARE\myflash\myflash.c            0x00000000   Number         0  myflash.o ABSOLUTE
    ..\HighDrivers\LCD12864\lcd12864.c       0x00000000   Number         0  lcd12864.o ABSOLUTE
    ..\HighDrivers\sst25vf016\sst25VF016.c   0x00000000   Number         0  sst25vf016.o ABSOLUTE
    ..\IAP\download.c                        0x00000000   Number         0  download.o ABSOLUTE
    ..\IAP\upload.c                          0x00000000   Number         0  upload.o ABSOLUTE
    ..\IAP\ymodem.c                          0x00000000   Number         0  ymodem.o ABSOLUTE
    ..\LowDrivers\mySpi\mySpi.c              0x00000000   Number         0  myspi.o ABSOLUTE
    ..\STM32F10x_FWLib\src\misc.c            0x00000000   Number         0  misc.o ABSOLUTE
    ..\STM32F10x_FWLib\src\stm32f10x_adc.c   0x00000000   Number         0  stm32f10x_adc.o ABSOLUTE
    ..\STM32F10x_FWLib\src\stm32f10x_bkp.c   0x00000000   Number         0  stm32f10x_bkp.o ABSOLUTE
    ..\STM32F10x_FWLib\src\stm32f10x_can.c   0x00000000   Number         0  stm32f10x_can.o ABSOLUTE
    ..\STM32F10x_FWLib\src\stm32f10x_cec.c   0x00000000   Number         0  stm32f10x_cec.o ABSOLUTE
    ..\STM32F10x_FWLib\src\stm32f10x_crc.c   0x00000000   Number         0  stm32f10x_crc.o ABSOLUTE
    ..\STM32F10x_FWLib\src\stm32f10x_dac.c   0x00000000   Number         0  stm32f10x_dac.o ABSOLUTE
    ..\STM32F10x_FWLib\src\stm32f10x_dbgmcu.c 0x00000000   Number         0  stm32f10x_dbgmcu.o ABSOLUTE
    ..\STM32F10x_FWLib\src\stm32f10x_dma.c   0x00000000   Number         0  stm32f10x_dma.o ABSOLUTE
    ..\STM32F10x_FWLib\src\stm32f10x_exti.c  0x00000000   Number         0  stm32f10x_exti.o ABSOLUTE
    ..\STM32F10x_FWLib\src\stm32f10x_flash.c 0x00000000   Number         0  stm32f10x_flash.o ABSOLUTE
    ..\STM32F10x_FWLib\src\stm32f10x_fsmc.c  0x00000000   Number         0  stm32f10x_fsmc.o ABSOLUTE
    ..\STM32F10x_FWLib\src\stm32f10x_gpio.c  0x00000000   Number         0  stm32f10x_gpio.o ABSOLUTE
    ..\STM32F10x_FWLib\src\stm32f10x_i2c.c   0x00000000   Number         0  stm32f10x_i2c.o ABSOLUTE
    ..\STM32F10x_FWLib\src\stm32f10x_iwdg.c  0x00000000   Number         0  stm32f10x_iwdg.o ABSOLUTE
    ..\STM32F10x_FWLib\src\stm32f10x_pwr.c   0x00000000   Number         0  stm32f10x_pwr.o ABSOLUTE
    ..\STM32F10x_FWLib\src\stm32f10x_rcc.c   0x00000000   Number         0  stm32f10x_rcc.o ABSOLUTE
    ..\STM32F10x_FWLib\src\stm32f10x_rtc.c   0x00000000   Number         0  stm32f10x_rtc.o ABSOLUTE
    ..\STM32F10x_FWLib\src\stm32f10x_sdio.c  0x00000000   Number         0  stm32f10x_sdio.o ABSOLUTE
    ..\STM32F10x_FWLib\src\stm32f10x_spi.c   0x00000000   Number         0  stm32f10x_spi.o ABSOLUTE
    ..\STM32F10x_FWLib\src\stm32f10x_tim.c   0x00000000   Number         0  stm32f10x_tim.o ABSOLUTE
    ..\STM32F10x_FWLib\src\stm32f10x_usart.c 0x00000000   Number         0  stm32f10x_usart.o ABSOLUTE
    ..\STM32F10x_FWLib\src\stm32f10x_wwdg.c  0x00000000   Number         0  stm32f10x_wwdg.o ABSOLUTE
    ..\SYSTEM\delay\delay.c                  0x00000000   Number         0  delay.o ABSOLUTE
    ..\SYSTEM\sys\sys.c                      0x00000000   Number         0  sys.o ABSOLUTE
    ..\SYSTEM\usart\usart.c                  0x00000000   Number         0  usart.o ABSOLUTE
    ..\\CORE\\core_cm3.c                     0x00000000   Number         0  core_cm3.o ABSOLUTE
    common.c                                 0x00000000   Number         0  common.o ABSOLUTE
    dc.s                                     0x00000000   Number         0  dc.o ABSOLUTE
    main.c                                   0x00000000   Number         0  main.o ABSOLUTE
    stm32f10x_it.c                           0x00000000   Number         0  stm32f10x_it.o ABSOLUTE
    system_stm32f10x.c                       0x00000000   Number         0  system_stm32f10x.o ABSOLUTE
    RESET                                    0x08000000   Section      304  startup_stm32f10x_hd.o(RESET)
    !!!main                                  0x08000130   Section        8  __main.o(!!!main)
    !!!scatter                               0x08000138   Section       52  __scatter.o(!!!scatter)
    !!dczerorl                               0x0800016c   Section       58  __dczerorl.o(!!dczerorl)
    !!handler_zi                             0x080001a8   Section       28  __scatter_zi.o(!!handler_zi)
    .ARM.Collect$$_printf_percent$$00000000  0x080001c4   Section        0  _printf_percent.o(.ARM.Collect$$_printf_percent$$00000000)
    .ARM.Collect$$_printf_percent$$00000009  0x080001c4   Section        6  _printf_d.o(.ARM.Collect$$_printf_percent$$00000009)
    .ARM.Collect$$_printf_percent$$00000017  0x080001ca   Section        4  _printf_percent_end.o(.ARM.Collect$$_printf_percent$$00000017)
    .ARM.Collect$$libinit$$00000000          0x080001ce   Section        2  libinit.o(.ARM.Collect$$libinit$$00000000)
    .ARM.Collect$$libinit$$00000002          0x080001d0   Section        0  libinit2.o(.ARM.Collect$$libinit$$00000002)
    .ARM.Collect$$libinit$$00000008          0x080001d0   Section        0  libinit2.o(.ARM.Collect$$libinit$$00000008)
    .ARM.Collect$$libinit$$0000000A          0x080001d0   Section        0  libinit2.o(.ARM.Collect$$libinit$$0000000A)
    .ARM.Collect$$libinit$$0000000C          0x080001d0   Section        0  libinit2.o(.ARM.Collect$$libinit$$0000000C)
    .ARM.Collect$$libinit$$0000000F          0x080001d0   Section        0  libinit2.o(.ARM.Collect$$libinit$$0000000F)
    .ARM.Collect$$libinit$$00000011          0x080001d0   Section        0  libinit2.o(.ARM.Collect$$libinit$$00000011)
    .ARM.Collect$$libinit$$00000013          0x080001d0   Section        0  libinit2.o(.ARM.Collect$$libinit$$00000013)
    .ARM.Collect$$libinit$$00000015          0x080001d0   Section        0  libinit2.o(.ARM.Collect$$libinit$$00000015)
    .ARM.Collect$$libinit$$00000017          0x080001d0   Section        0  libinit2.o(.ARM.Collect$$libinit$$00000017)
    .ARM.Collect$$libinit$$00000019          0x080001d0   Section        0  libinit2.o(.ARM.Collect$$libinit$$00000019)
    .ARM.Collect$$libinit$$0000001B          0x080001d0   Section        0  libinit2.o(.ARM.Collect$$libinit$$0000001B)
    .ARM.Collect$$libinit$$0000001D          0x080001d0   Section        0  libinit2.o(.ARM.Collect$$libinit$$0000001D)
    .ARM.Collect$$libinit$$0000001F          0x080001d0   Section        0  libinit2.o(.ARM.Collect$$libinit$$0000001F)
    .ARM.Collect$$libinit$$00000021          0x080001d0   Section        0  libinit2.o(.ARM.Collect$$libinit$$00000021)
    .ARM.Collect$$libinit$$00000023          0x080001d0   Section        0  libinit2.o(.ARM.Collect$$libinit$$00000023)
    .ARM.Collect$$libinit$$0000002A          0x080001d0   Section        0  libinit2.o(.ARM.Collect$$libinit$$0000002A)
    .ARM.Collect$$libinit$$0000002C          0x080001d0   Section        0  libinit2.o(.ARM.Collect$$libinit$$0000002C)
    .ARM.Collect$$libinit$$0000002E          0x080001d0   Section        0  libinit2.o(.ARM.Collect$$libinit$$0000002E)
    .ARM.Collect$$libinit$$00000030          0x080001d0   Section        0  libinit2.o(.ARM.Collect$$libinit$$00000030)
    .ARM.Collect$$libinit$$00000031          0x080001d0   Section        2  libinit2.o(.ARM.Collect$$libinit$$00000031)
    .ARM.Collect$$libshutdown$$00000000      0x080001d2   Section        2  libshutdown.o(.ARM.Collect$$libshutdown$$00000000)
    .ARM.Collect$$libshutdown$$00000003      0x080001d4   Section        0  libshutdown2.o(.ARM.Collect$$libshutdown$$00000003)
    .ARM.Collect$$libshutdown$$00000006      0x080001d4   Section        0  libshutdown2.o(.ARM.Collect$$libshutdown$$00000006)
    .ARM.Collect$$libshutdown$$00000009      0x080001d4   Section        0  libshutdown2.o(.ARM.Collect$$libshutdown$$00000009)
    .ARM.Collect$$libshutdown$$0000000B      0x080001d4   Section        0  libshutdown2.o(.ARM.Collect$$libshutdown$$0000000B)
    .ARM.Collect$$libshutdown$$0000000E      0x080001d4   Section        0  libshutdown2.o(.ARM.Collect$$libshutdown$$0000000E)
    .ARM.Collect$$libshutdown$$0000000F      0x080001d4   Section        2  libshutdown2.o(.ARM.Collect$$libshutdown$$0000000F)
    .ARM.Collect$$rtentry$$00000000          0x080001d6   Section        0  rtentry.o(.ARM.Collect$$rtentry$$00000000)
    .ARM.Collect$$rtentry$$00000002          0x080001d6   Section        0  rtentry2.o(.ARM.Collect$$rtentry$$00000002)
    .ARM.Collect$$rtentry$$00000004          0x080001d6   Section        6  rtentry4.o(.ARM.Collect$$rtentry$$00000004)
    .ARM.Collect$$rtentry$$00000009          0x080001dc   Section        0  rtentry2.o(.ARM.Collect$$rtentry$$00000009)
    .ARM.Collect$$rtentry$$0000000A          0x080001dc   Section        4  rtentry2.o(.ARM.Collect$$rtentry$$0000000A)
    .ARM.Collect$$rtentry$$0000000C          0x080001e0   Section        0  rtentry2.o(.ARM.Collect$$rtentry$$0000000C)
    .ARM.Collect$$rtentry$$0000000D          0x080001e0   Section        8  rtentry2.o(.ARM.Collect$$rtentry$$0000000D)
    .ARM.Collect$$rtexit$$00000000           0x080001e8   Section        2  rtexit.o(.ARM.Collect$$rtexit$$00000000)
    .ARM.Collect$$rtexit$$00000002           0x080001ea   Section        0  rtexit2.o(.ARM.Collect$$rtexit$$00000002)
    .ARM.Collect$$rtexit$$00000003           0x080001ea   Section        4  rtexit2.o(.ARM.Collect$$rtexit$$00000003)
    .ARM.Collect$$rtexit$$00000004           0x080001ee   Section        6  rtexit2.o(.ARM.Collect$$rtexit$$00000004)
    .emb_text                                0x080001f4   Section       32  core_cm3.o(.emb_text)
    .text                                    0x08000214   Section        0  main.o(.text)
    NVIC_SystemReset                         0x08000389   Thumb Code    26  main.o(.text)
    .text                                    0x080003f8   Section        0  stm32f10x_it.o(.text)
    .text                                    0x08000428   Section        0  system_stm32f10x.o(.text)
    SetSysClockTo72                          0x08000429   Thumb Code   212  system_stm32f10x.o(.text)
    SetSysClock                              0x080004fd   Thumb Code     8  system_stm32f10x.o(.text)
    .text                                    0x08000604   Section        0  common.o(.text)
    .text                                    0x08000da0   Section        0  myspi.o(.text)
    .text                                    0x08000ea8   Section        0  sst25vf016.o(.text)
    .text                                    0x08001234   Section        0  lcd12864.o(.text)
    .text                                    0x080015b0   Section        0  crc.o(.text)
    .text                                    0x080015f4   Section        0  iap.o(.text)
    .text                                    0x0800176c   Section        0  prog.o(.text)
    .text                                    0x080017c0   Section        0  usart3.o(.text)
    .text                                    0x080019ec   Section        0  communication3.o(.text)
    comm3_iapRequest                         0x080019ed   Thumb Code    24  communication3.o(.text)
    comm3_iapErase                           0x08001a05   Thumb Code     8  communication3.o(.text)
    comm3_iapProgram                         0x08001a0d   Thumb Code     8  communication3.o(.text)
    comm3_iapReset                           0x08001a15   Thumb Code     8  communication3.o(.text)
    comm3_iapUpdate                          0x08001a1d   Thumb Code    56  communication3.o(.text)
    comm3_FunctionHandle                     0x08001a55   Thumb Code    46  communication3.o(.text)
    .text                                    0x08001acc   Section       64  startup_stm32f10x_hd.o(.text)
    .text                                    0x08001b0c   Section        0  misc.o(.text)
    .text                                    0x08001be8   Section        0  stm32f10x_flash.o(.text)
    .text                                    0x080021a4   Section        0  stm32f10x_gpio.o(.text)
    .text                                    0x080024fc   Section        0  stm32f10x_rcc.o(.text)
    .text                                    0x080028a0   Section        0  stm32f10x_usart.o(.text)
    .text                                    0x08002ca8   Section        0  stm32f10x_crc.o(.text)
    .text                                    0x08002cf0   Section        0  delay.o(.text)
    .text                                    0x08002dd0   Section        0  usart.o(.text)
    .text                                    0x08002f10   Section        0  myflash.o(.text)
    .text                                    0x08002fa8   Section        0  download.o(.text)
    .text                                    0x08003160   Section        0  upload.o(.text)
    .text                                    0x08003258   Section        0  ymodem.o(.text)
    Receive_Byte                             0x08003259   Thumb Code    34  ymodem.o(.text)
    Send_Byte                                0x0800327b   Thumb Code    14  ymodem.o(.text)
    Receive_Packet                           0x08003289   Thumb Code   188  ymodem.o(.text)
    .text                                    0x080039a8   Section        2  use_no_semi_2.o(.text)
    .text                                    0x080039ac   Section        0  noretval__2sprintf.o(.text)
    .text                                    0x080039d4   Section        0  _printf_pad.o(.text)
    .text                                    0x08003a28   Section        0  _printf_dec.o(.text)
    .text                                    0x08003aa0   Section        0  __printf_wp.o(.text)
    .text                                    0x08003bae   Section      138  rt_memcpy_v6.o(.text)
    .text                                    0x08003c38   Section       68  rt_memclr.o(.text)
    .text                                    0x08003c7c   Section        0  heapauxi.o(.text)
    .text                                    0x08003c82   Section        2  use_no_semi.o(.text)
    .text                                    0x08003c84   Section        0  _printf_intcommon.o(.text)
    .text                                    0x08003d3c   Section        0  _printf_char_common.o(.text)
    _printf_input_char                       0x08003d3d   Thumb Code    10  _printf_char_common.o(.text)
    .text                                    0x08003d6c   Section        0  _sputc.o(.text)
    .text                                    0x08003d76   Section      100  rt_memcpy_w.o(.text)
    .text                                    0x08003dda   Section       78  rt_memclr_w.o(.text)
    .text                                    0x08003e28   Section       74  sys_stackheap_outer.o(.text)
    .text                                    0x08003e72   Section        0  exit.o(.text)
    .text                                    0x08003e80   Section        8  libspace.o(.text)
    i._is_digit                              0x08003e88   Section        0  __printf_wp.o(i._is_digit)
    .constdata                               0x08003e98   Section       74  common.o(.constdata)
    .constdata                               0x08003ee4   Section       83  download.o(.constdata)
    .data                                    0x20000000   Section       23  main.o(.data)
    .data                                    0x20000018   Section       20  system_stm32f10x.o(.data)
    .data                                    0x2000002c   Section       20  common.o(.data)
    .data                                    0x20000040   Section     4108  sst25vf016.o(.data)
    .data                                    0x2000104c   Section        1  usart3.o(.data)
    .data                                    0x20001050   Section       54  communication3.o(.data)
    comm3_Control                            0x20001050   Data          40  communication3.o(.data)
    comm3_Rx                                 0x20001078   Data           4  communication3.o(.data)
    comm3_lenRx                              0x2000107c   Data           4  communication3.o(.data)
    .data                                    0x20001086   Section       20  stm32f10x_rcc.o(.data)
    APBAHBPrescTable                         0x20001086   Data          16  stm32f10x_rcc.o(.data)
    ADCPrescTable                            0x20001096   Data           4  stm32f10x_rcc.o(.data)
    .data                                    0x2000109a   Section        4  delay.o(.data)
    fac_us                                   0x2000109a   Data           1  delay.o(.data)
    fac_ms                                   0x2000109c   Data           2  delay.o(.data)
    .data                                    0x200010a0   Section        8  usart.o(.data)
    .data                                    0x200010a8   Section        1  myflash.o(.data)
    .data                                    0x200010ac   Section       24  ymodem.o(.data)
    .bss                                     0x200010c4   Section     1060  main.o(.bss)
    .bss                                     0x200014e8   Section     5128  sst25vf016.o(.bss)
    .bss                                     0x200028f0   Section     2128  usart3.o(.bss)
    .bss                                     0x20003140   Section     1032  communication3.o(.bss)
    .bss                                     0x20003548   Section      200  usart.o(.bss)
    .bss                                     0x20003610   Section     1024  download.o(.bss)
    .bss                                     0x20003a10   Section      256  ymodem.o(.bss)
    .bss                                     0x20003b10   Section       96  libspace.o(.bss)
    HEAP                                     0x20003b70   Section      512  startup_stm32f10x_hd.o(HEAP)
    Heap_Mem                                 0x20003b70   Data         512  startup_stm32f10x_hd.o(HEAP)
    STACK                                    0x20003d70   Section     1024  startup_stm32f10x_hd.o(STACK)
    Stack_Mem                                0x20003d70   Data        1024  startup_stm32f10x_hd.o(STACK)
    __initial_sp                             0x20004170   Data           0  startup_stm32f10x_hd.o(STACK)

    Global Symbols

    Symbol Name                              Value     Ov Type        Size  Object(Section)

    BuildAttributes$$THM_ISAv4$P$D$K$B$S$PE$A:L22UL41UL21$X:L11$S22US41US21$IEEE1$IW$USESV6$~STKCKD$USESV7$~SHL$OSPACE$ROPI$EBA8$UX$STANDARDLIB$REQ8$PRES8$EABIv2 0x00000000   Number         0  anon$$obj.o ABSOLUTE
    __ARM_use_no_argv                        0x00000000   Number         0  main.o ABSOLUTE
    _printf_flags                            0x00000000   Number         0  printf_stubs.o ABSOLUTE
    _printf_return_value                     0x00000000   Number         0  printf_stubs.o ABSOLUTE
    _printf_sizespec                         0x00000000   Number         0  printf_stubs.o ABSOLUTE
    _printf_widthprec                        0x00000000   Number         0  printf_stubs.o ABSOLUTE
    __ARM_exceptions_init                     - Undefined Weak Reference
    __alloca_initialize                       - Undefined Weak Reference
    __cpp_initialize__aeabi_                  - Undefined Weak Reference
    __cxa_finalize                            - Undefined Weak Reference
    __rt_locale                               - Undefined Weak Reference
    __sigvec_lookup                           - Undefined Weak Reference
    _atexit_init                              - Undefined Weak Reference
    _call_atexit_fns                          - Undefined Weak Reference
    _clock_init                               - Undefined Weak Reference
    _fp_trap_init                             - Undefined Weak Reference
    _fp_trap_shutdown                         - Undefined Weak Reference
    _get_lc_collate                           - Undefined Weak Reference
    _get_lc_ctype                             - Undefined Weak Reference
    _get_lc_monetary                          - Undefined Weak Reference
    _get_lc_numeric                           - Undefined Weak Reference
    _get_lc_time                              - Undefined Weak Reference
    _getenv_init                              - Undefined Weak Reference
    _handle_redirection                       - Undefined Weak Reference
    _init_alloc                               - Undefined Weak Reference
    _init_user_alloc                          - Undefined Weak Reference
    _initio                                   - Undefined Weak Reference
    _printf_truncate_signed                   - Undefined Weak Reference
    _printf_truncate_unsigned                 - Undefined Weak Reference
    _rand_init                                - Undefined Weak Reference
    _signal_finish                            - Undefined Weak Reference
    _signal_init                              - Undefined Weak Reference
    _terminate_alloc                          - Undefined Weak Reference
    _terminate_user_alloc                     - Undefined Weak Reference
    _terminateio                              - Undefined Weak Reference
    __Vectors_Size                           0x00000130   Number         0  startup_stm32f10x_hd.o ABSOLUTE
    __Vectors                                0x08000000   Data           4  startup_stm32f10x_hd.o(RESET)
    __Vectors_End                            0x08000130   Data           0  startup_stm32f10x_hd.o(RESET)
    __main                                   0x08000131   Thumb Code     8  __main.o(!!!main)
    __scatterload                            0x08000139   Thumb Code     0  __scatter.o(!!!scatter)
    __scatterload_rt2                        0x08000139   Thumb Code    44  __scatter.o(!!!scatter)
    __scatterload_rt2_thumb_only             0x08000139   Thumb Code     0  __scatter.o(!!!scatter)
    __scatterload_null                       0x08000147   Thumb Code     0  __scatter.o(!!!scatter)
    __decompress                             0x0800016d   Thumb Code    58  __dczerorl.o(!!dczerorl)
    __decompress0                            0x0800016d   Thumb Code     0  __dczerorl.o(!!dczerorl)
    __scatterload_zeroinit                   0x080001a9   Thumb Code    28  __scatter_zi.o(!!handler_zi)
    _printf_d                                0x080001c5   Thumb Code     0  _printf_d.o(.ARM.Collect$$_printf_percent$$00000009)
    _printf_percent                          0x080001c5   Thumb Code     0  _printf_percent.o(.ARM.Collect$$_printf_percent$$00000000)
    _printf_percent_end                      0x080001cb   Thumb Code     0  _printf_percent_end.o(.ARM.Collect$$_printf_percent$$00000017)
    __rt_lib_init                            0x080001cf   Thumb Code     0  libinit.o(.ARM.Collect$$libinit$$00000000)
    __rt_lib_init_alloca_1                   0x080001d1   Thumb Code     0  libinit2.o(.ARM.Collect$$libinit$$0000002C)
    __rt_lib_init_argv_1                     0x080001d1   Thumb Code     0  libinit2.o(.ARM.Collect$$libinit$$0000002A)
    __rt_lib_init_atexit_1                   0x080001d1   Thumb Code     0  libinit2.o(.ARM.Collect$$libinit$$00000019)
    __rt_lib_init_clock_1                    0x080001d1   Thumb Code     0  libinit2.o(.ARM.Collect$$libinit$$0000001F)
    __rt_lib_init_cpp_1                      0x080001d1   Thumb Code     0  libinit2.o(.ARM.Collect$$libinit$$00000030)
    __rt_lib_init_exceptions_1               0x080001d1   Thumb Code     0  libinit2.o(.ARM.Collect$$libinit$$0000002E)
    __rt_lib_init_fp_1                       0x080001d1   Thumb Code     0  libinit2.o(.ARM.Collect$$libinit$$00000002)
    __rt_lib_init_fp_trap_1                  0x080001d1   Thumb Code     0  libinit2.o(.ARM.Collect$$libinit$$0000001D)
    __rt_lib_init_getenv_1                   0x080001d1   Thumb Code     0  libinit2.o(.ARM.Collect$$libinit$$00000021)
    __rt_lib_init_heap_1                     0x080001d1   Thumb Code     0  libinit2.o(.ARM.Collect$$libinit$$00000008)
    __rt_lib_init_lc_collate_1               0x080001d1   Thumb Code     0  libinit2.o(.ARM.Collect$$libinit$$0000000F)
    __rt_lib_init_lc_ctype_1                 0x080001d1   Thumb Code     0  libinit2.o(.ARM.Collect$$libinit$$00000011)
    __rt_lib_init_lc_monetary_1              0x080001d1   Thumb Code     0  libinit2.o(.ARM.Collect$$libinit$$00000013)
    __rt_lib_init_lc_numeric_1               0x080001d1   Thumb Code     0  libinit2.o(.ARM.Collect$$libinit$$00000015)
    __rt_lib_init_lc_time_1                  0x080001d1   Thumb Code     0  libinit2.o(.ARM.Collect$$libinit$$00000017)
    __rt_lib_init_rand_1                     0x080001d1   Thumb Code     0  libinit2.o(.ARM.Collect$$libinit$$0000000C)
    __rt_lib_init_return                     0x080001d1   Thumb Code     0  libinit2.o(.ARM.Collect$$libinit$$00000031)
    __rt_lib_init_signal_1                   0x080001d1   Thumb Code     0  libinit2.o(.ARM.Collect$$libinit$$0000001B)
    __rt_lib_init_stdio_1                    0x080001d1   Thumb Code     0  libinit2.o(.ARM.Collect$$libinit$$00000023)
    __rt_lib_init_user_alloc_1               0x080001d1   Thumb Code     0  libinit2.o(.ARM.Collect$$libinit$$0000000A)
    __rt_lib_shutdown                        0x080001d3   Thumb Code     0  libshutdown.o(.ARM.Collect$$libshutdown$$00000000)
    __rt_lib_shutdown_fp_trap_1              0x080001d5   Thumb Code     0  libshutdown2.o(.ARM.Collect$$libshutdown$$00000006)
    __rt_lib_shutdown_heap_1                 0x080001d5   Thumb Code     0  libshutdown2.o(.ARM.Collect$$libshutdown$$0000000E)
    __rt_lib_shutdown_return                 0x080001d5   Thumb Code     0  libshutdown2.o(.ARM.Collect$$libshutdown$$0000000F)
    __rt_lib_shutdown_signal_1               0x080001d5   Thumb Code     0  libshutdown2.o(.ARM.Collect$$libshutdown$$00000009)
    __rt_lib_shutdown_stdio_1                0x080001d5   Thumb Code     0  libshutdown2.o(.ARM.Collect$$libshutdown$$00000003)
    __rt_lib_shutdown_user_alloc_1           0x080001d5   Thumb Code     0  libshutdown2.o(.ARM.Collect$$libshutdown$$0000000B)
    __rt_entry                               0x080001d7   Thumb Code     0  rtentry.o(.ARM.Collect$$rtentry$$00000000)
    __rt_entry_presh_1                       0x080001d7   Thumb Code     0  rtentry2.o(.ARM.Collect$$rtentry$$00000002)
    __rt_entry_sh                            0x080001d7   Thumb Code     0  rtentry4.o(.ARM.Collect$$rtentry$$00000004)
    __rt_entry_li                            0x080001dd   Thumb Code     0  rtentry2.o(.ARM.Collect$$rtentry$$0000000A)
    __rt_entry_postsh_1                      0x080001dd   Thumb Code     0  rtentry2.o(.ARM.Collect$$rtentry$$00000009)
    __rt_entry_main                          0x080001e1   Thumb Code     0  rtentry2.o(.ARM.Collect$$rtentry$$0000000D)
    __rt_entry_postli_1                      0x080001e1   Thumb Code     0  rtentry2.o(.ARM.Collect$$rtentry$$0000000C)
    __rt_exit                                0x080001e9   Thumb Code     0  rtexit.o(.ARM.Collect$$rtexit$$00000000)
    __rt_exit_ls                             0x080001eb   Thumb Code     0  rtexit2.o(.ARM.Collect$$rtexit$$00000003)
    __rt_exit_prels_1                        0x080001eb   Thumb Code     0  rtexit2.o(.ARM.Collect$$rtexit$$00000002)
    __rt_exit_exit                           0x080001ef   Thumb Code     0  rtexit2.o(.ARM.Collect$$rtexit$$00000004)
    __get_PSP                                0x080001f5   Thumb Code     6  core_cm3.o(.emb_text)
    __set_PSP                                0x080001fb   Thumb Code     6  core_cm3.o(.emb_text)
    __get_MSP                                0x08000201   Thumb Code     6  core_cm3.o(.emb_text)
    __set_MSP                                0x08000207   Thumb Code     6  core_cm3.o(.emb_text)
    __REV16                                  0x0800020d   Thumb Code     4  core_cm3.o(.emb_text)
    __REVSH                                  0x08000211   Thumb Code     4  core_cm3.o(.emb_text)
    main                                     0x08000215   Thumb Code   372  main.o(.text)
    NMI_Handler                              0x080003f9   Thumb Code     2  stm32f10x_it.o(.text)
    HardFault_Handler                        0x080003fb   Thumb Code    10  stm32f10x_it.o(.text)
    MemManage_Handler                        0x08000405   Thumb Code     4  stm32f10x_it.o(.text)
    BusFault_Handler                         0x08000409   Thumb Code     4  stm32f10x_it.o(.text)
    UsageFault_Handler                       0x0800040d   Thumb Code     4  stm32f10x_it.o(.text)
    SVC_Handler                              0x08000411   Thumb Code     2  stm32f10x_it.o(.text)
    DebugMon_Handler                         0x08000413   Thumb Code     2  stm32f10x_it.o(.text)
    PendSV_Handler                           0x08000415   Thumb Code     2  stm32f10x_it.o(.text)
    SysTick_Handler                          0x08000417   Thumb Code     2  stm32f10x_it.o(.text)
    SystemInit                               0x08000505   Thumb Code    78  system_stm32f10x.o(.text)
    SystemCoreClockUpdate                    0x08000553   Thumb Code   142  system_stm32f10x.o(.text)
    Int2Str                                  0x08000605   Thumb Code    84  common.o(.text)
    Str2Int                                  0x08000659   Thumb Code   260  common.o(.text)
    SerialPutChar                            0x0800075d   Thumb Code    28  common.o(.text)
    Serial_PutString                         0x08000779   Thumb Code    22  common.o(.text)
    SerialKeyPressed                         0x0800078f   Thumb Code    30  common.o(.text)
    GetKey                                   0x080007ad   Thumb Code    28  common.o(.text)
    GetInputString                           0x080007c9   Thumb Code    90  common.o(.text)
    GetIntegerInput                          0x08000823   Thumb Code    80  common.o(.text)
    FLASH_PagesMask                          0x08000873   Thumb Code    24  common.o(.text)
    FLASH_DisableWriteProtectionPages        0x0800088b   Thumb Code   192  common.o(.text)
    Main_Menu                                0x0800094b   Thumb Code   720  common.o(.text)
    IAP_Init                                 0x08000c1b   Thumb Code   114  common.o(.text)
    spi_delay                                0x08000da1   Thumb Code    24  myspi.o(.text)
    MYSPI_Init                               0x08000db9   Thumb Code    94  myspi.o(.text)
    Send_1_Char                              0x08000e17   Thumb Code    80  myspi.o(.text)
    Rec_1_Char                               0x08000e67   Thumb Code    58  myspi.o(.text)
    SPI_Flash_ReadByte                       0x08000ea9   Thumb Code     8  sst25vf016.o(.text)
    SPI_Flash_SendByte                       0x08000eb1   Thumb Code    12  sst25vf016.o(.text)
    SST25_Init                               0x08000ebd   Thumb Code    14  sst25vf016.o(.text)
    Read_CMD                                 0x08000ecb   Thumb Code    32  sst25vf016.o(.text)
    FlashReadID                              0x08000eeb   Thumb Code    58  sst25vf016.o(.text)
    Busy_Test                                0x08000f25   Thumb Code    20  sst25vf016.o(.text)
    Write_EN                                 0x08000f39   Thumb Code    24  sst25vf016.o(.text)
    Write_DIS                                0x08000f51   Thumb Code    28  sst25vf016.o(.text)
    Write_CMD                                0x08000f6d   Thumb Code    48  sst25vf016.o(.text)
    SST25_ReadFlash                          0x08000f9d   Thumb Code    78  sst25vf016.o(.text)
    Page_Clr                                 0x08000feb   Thumb Code    60  sst25vf016.o(.text)
    EraseSectors                             0x08001027   Thumb Code    28  sst25vf016.o(.text)
    SST25_WriteFlash                         0x08001043   Thumb Code   168  sst25vf016.o(.text)
    SST25_WriteFlash2                        0x080010eb   Thumb Code   142  sst25vf016.o(.text)
    SPI_Flash_Write                          0x08001179   Thumb Code   126  sst25vf016.o(.text)
    testFlash                                0x080011f7   Thumb Code    40  sst25vf016.o(.text)
    delay                                    0x08001235   Thumb Code    26  lcd12864.o(.text)
    LCD_Pin_Init                             0x0800124f   Thumb Code    68  lcd12864.o(.text)
    writecommand                             0x08001293   Thumb Code    84  lcd12864.o(.text)
    writedata                                0x080012e7   Thumb Code    86  lcd12864.o(.text)
    disp_clear                               0x0800133d   Thumb Code    62  lcd12864.o(.text)
    disp_full                                0x0800137b   Thumb Code    62  lcd12864.o(.text)
    lcd12864_init                            0x080013b9   Thumb Code   144  lcd12864.o(.text)
    lcd_address                              0x08001449   Thumb Code    58  lcd12864.o(.text)
    display_graphic_8x16                     0x08001483   Thumb Code    82  lcd12864.o(.text)
    display_graphic_16x16                    0x080014d5   Thumb Code   100  lcd12864.o(.text)
    Show_Str                                 0x08001539   Thumb Code    76  lcd12864.o(.text)
    Show_StrInLine                           0x08001585   Thumb Code    36  lcd12864.o(.text)
    CRC_Config                               0x080015b1   Thumb Code    12  crc.o(.text)
    CRC_GetVal                               0x080015bd   Thumb Code    52  crc.o(.text)
    STMFLASH_Write_NoCheck                   0x080015f5   Thumb Code    40  iap.o(.text)
    IAP_WriteSTMFLASH                        0x0800161d   Thumb Code   118  iap.o(.text)
    IAP_WRITE                                0x08001693   Thumb Code   158  iap.o(.text)
    progWrite                                0x0800176d   Thumb Code    72  prog.o(.text)
    uart3_init                               0x080017c1   Thumb Code   180  usart3.o(.text)
    Uart3RcvData                             0x08001875   Thumb Code   216  usart3.o(.text)
    USART3_IRQHandler                        0x0800194d   Thumb Code    40  usart3.o(.text)
    uart3_putchar                            0x08001975   Thumb Code    20  usart3.o(.text)
    uart3_send                               0x08001989   Thumb Code    28  usart3.o(.text)
    uart3_putString                          0x080019a5   Thumb Code    22  usart3.o(.text)
    Rcv3BufClearAll                          0x080019bb   Thumb Code    22  usart3.o(.text)
    Rcv3BufInit                              0x080019d1   Thumb Code    10  usart3.o(.text)
    comm3_Analyse                            0x08001a83   Thumb Code    28  communication3.o(.text)
    Reset_Handler                            0x08001acd   Thumb Code     8  startup_stm32f10x_hd.o(.text)
    ADC1_2_IRQHandler                        0x08001ae7   Thumb Code     0  startup_stm32f10x_hd.o(.text)
    ADC3_IRQHandler                          0x08001ae7   Thumb Code     0  startup_stm32f10x_hd.o(.text)
    CAN1_RX1_IRQHandler                      0x08001ae7   Thumb Code     0  startup_stm32f10x_hd.o(.text)
    CAN1_SCE_IRQHandler                      0x08001ae7   Thumb Code     0  startup_stm32f10x_hd.o(.text)
    DMA1_Channel1_IRQHandler                 0x08001ae7   Thumb Code     0  startup_stm32f10x_hd.o(.text)
    DMA1_Channel2_IRQHandler                 0x08001ae7   Thumb Code     0  startup_stm32f10x_hd.o(.text)
    DMA1_Channel3_IRQHandler                 0x08001ae7   Thumb Code     0  startup_stm32f10x_hd.o(.text)
    DMA1_Channel4_IRQHandler                 0x08001ae7   Thumb Code     0  startup_stm32f10x_hd.o(.text)
    DMA1_Channel5_IRQHandler                 0x08001ae7   Thumb Code     0  startup_stm32f10x_hd.o(.text)
    DMA1_Channel6_IRQHandler                 0x08001ae7   Thumb Code     0  startup_stm32f10x_hd.o(.text)
    DMA1_Channel7_IRQHandler                 0x08001ae7   Thumb Code     0  startup_stm32f10x_hd.o(.text)
    DMA2_Channel1_IRQHandler                 0x08001ae7   Thumb Code     0  startup_stm32f10x_hd.o(.text)
    DMA2_Channel2_IRQHandler                 0x08001ae7   Thumb Code     0  startup_stm32f10x_hd.o(.text)
    DMA2_Channel3_IRQHandler                 0x08001ae7   Thumb Code     0  startup_stm32f10x_hd.o(.text)
    DMA2_Channel4_5_IRQHandler               0x08001ae7   Thumb Code     0  startup_stm32f10x_hd.o(.text)
    EXTI0_IRQHandler                         0x08001ae7   Thumb Code     0  startup_stm32f10x_hd.o(.text)
    EXTI15_10_IRQHandler                     0x08001ae7   Thumb Code     0  startup_stm32f10x_hd.o(.text)
    EXTI1_IRQHandler                         0x08001ae7   Thumb Code     0  startup_stm32f10x_hd.o(.text)
    EXTI2_IRQHandler                         0x08001ae7   Thumb Code     0  startup_stm32f10x_hd.o(.text)
    EXTI3_IRQHandler                         0x08001ae7   Thumb Code     0  startup_stm32f10x_hd.o(.text)
    EXTI4_IRQHandler                         0x08001ae7   Thumb Code     0  startup_stm32f10x_hd.o(.text)
    EXTI9_5_IRQHandler                       0x08001ae7   Thumb Code     0  startup_stm32f10x_hd.o(.text)
    FLASH_IRQHandler                         0x08001ae7   Thumb Code     0  startup_stm32f10x_hd.o(.text)
    FSMC_IRQHandler                          0x08001ae7   Thumb Code     0  startup_stm32f10x_hd.o(.text)
    I2C1_ER_IRQHandler                       0x08001ae7   Thumb Code     0  startup_stm32f10x_hd.o(.text)
    I2C1_EV_IRQHandler                       0x08001ae7   Thumb Code     0  startup_stm32f10x_hd.o(.text)
    I2C2_ER_IRQHandler                       0x08001ae7   Thumb Code     0  startup_stm32f10x_hd.o(.text)
    I2C2_EV_IRQHandler                       0x08001ae7   Thumb Code     0  startup_stm32f10x_hd.o(.text)
    PVD_IRQHandler                           0x08001ae7   Thumb Code     0  startup_stm32f10x_hd.o(.text)
    RCC_IRQHandler                           0x08001ae7   Thumb Code     0  startup_stm32f10x_hd.o(.text)
    RTCAlarm_IRQHandler                      0x08001ae7   Thumb Code     0  startup_stm32f10x_hd.o(.text)
    RTC_IRQHandler                           0x08001ae7   Thumb Code     0  startup_stm32f10x_hd.o(.text)
    SDIO_IRQHandler                          0x08001ae7   Thumb Code     0  startup_stm32f10x_hd.o(.text)
    SPI1_IRQHandler                          0x08001ae7   Thumb Code     0  startup_stm32f10x_hd.o(.text)
    SPI2_IRQHandler                          0x08001ae7   Thumb Code     0  startup_stm32f10x_hd.o(.text)
    SPI3_IRQHandler                          0x08001ae7   Thumb Code     0  startup_stm32f10x_hd.o(.text)
    TAMPER_IRQHandler                        0x08001ae7   Thumb Code     0  startup_stm32f10x_hd.o(.text)
    TIM1_BRK_IRQHandler                      0x08001ae7   Thumb Code     0  startup_stm32f10x_hd.o(.text)
    TIM1_CC_IRQHandler                       0x08001ae7   Thumb Code     0  startup_stm32f10x_hd.o(.text)
    TIM1_TRG_COM_IRQHandler                  0x08001ae7   Thumb Code     0  startup_stm32f10x_hd.o(.text)
    TIM1_UP_IRQHandler                       0x08001ae7   Thumb Code     0  startup_stm32f10x_hd.o(.text)
    TIM2_IRQHandler                          0x08001ae7   Thumb Code     0  startup_stm32f10x_hd.o(.text)
    TIM3_IRQHandler                          0x08001ae7   Thumb Code     0  startup_stm32f10x_hd.o(.text)
    TIM4_IRQHandler                          0x08001ae7   Thumb Code     0  startup_stm32f10x_hd.o(.text)
    TIM5_IRQHandler                          0x08001ae7   Thumb Code     0  startup_stm32f10x_hd.o(.text)
    TIM6_IRQHandler                          0x08001ae7   Thumb Code     0  startup_stm32f10x_hd.o(.text)
    TIM7_IRQHandler                          0x08001ae7   Thumb Code     0  startup_stm32f10x_hd.o(.text)
    TIM8_BRK_IRQHandler                      0x08001ae7   Thumb Code     0  startup_stm32f10x_hd.o(.text)
    TIM8_CC_IRQHandler                       0x08001ae7   Thumb Code     0  startup_stm32f10x_hd.o(.text)
    TIM8_TRG_COM_IRQHandler                  0x08001ae7   Thumb Code     0  startup_stm32f10x_hd.o(.text)
    TIM8_UP_IRQHandler                       0x08001ae7   Thumb Code     0  startup_stm32f10x_hd.o(.text)
    UART4_IRQHandler                         0x08001ae7   Thumb Code     0  startup_stm32f10x_hd.o(.text)
    UART5_IRQHandler                         0x08001ae7   Thumb Code     0  startup_stm32f10x_hd.o(.text)
    USART2_IRQHandler                        0x08001ae7   Thumb Code     0  startup_stm32f10x_hd.o(.text)
    USBWakeUp_IRQHandler                     0x08001ae7   Thumb Code     0  startup_stm32f10x_hd.o(.text)
    USB_HP_CAN1_TX_IRQHandler                0x08001ae7   Thumb Code     0  startup_stm32f10x_hd.o(.text)
    USB_LP_CAN1_RX0_IRQHandler               0x08001ae7   Thumb Code     0  startup_stm32f10x_hd.o(.text)
    WWDG_IRQHandler                          0x08001ae7   Thumb Code     0  startup_stm32f10x_hd.o(.text)
    __user_initial_stackheap                 0x08001ae9   Thumb Code     0  startup_stm32f10x_hd.o(.text)
    NVIC_PriorityGroupConfig                 0x08001b0d   Thumb Code    10  misc.o(.text)
    NVIC_Init                                0x08001b17   Thumb Code   102  misc.o(.text)
    NVIC_SetVectorTable                      0x08001b7d   Thumb Code    14  misc.o(.text)
    NVIC_SystemLPConfig                      0x08001b8b   Thumb Code    34  misc.o(.text)
    SysTick_CLKSourceConfig                  0x08001bad   Thumb Code    40  misc.o(.text)
    FLASH_SetLatency                         0x08001be9   Thumb Code    18  stm32f10x_flash.o(.text)
    FLASH_HalfCycleAccessCmd                 0x08001bfb   Thumb Code    22  stm32f10x_flash.o(.text)
    FLASH_PrefetchBufferCmd                  0x08001c11   Thumb Code    22  stm32f10x_flash.o(.text)
    FLASH_Unlock                             0x08001c27   Thumb Code    12  stm32f10x_flash.o(.text)
    FLASH_UnlockBank1                        0x08001c33   Thumb Code    12  stm32f10x_flash.o(.text)
    FLASH_Lock                               0x08001c3f   Thumb Code    14  stm32f10x_flash.o(.text)
    FLASH_LockBank1                          0x08001c4d   Thumb Code    14  stm32f10x_flash.o(.text)
    FLASH_GetBank1Status                     0x08001c5b   Thumb Code    48  stm32f10x_flash.o(.text)
    FLASH_WaitForLastOperation               0x08001c8b   Thumb Code    38  stm32f10x_flash.o(.text)
    FLASH_ErasePage                          0x08001cb1   Thumb Code    72  stm32f10x_flash.o(.text)
    FLASH_EraseAllPages                      0x08001cf9   Thumb Code    68  stm32f10x_flash.o(.text)
    FLASH_WaitForLastBank1Operation          0x08001d3d   Thumb Code    38  stm32f10x_flash.o(.text)
    FLASH_EraseAllBank1Pages                 0x08001d63   Thumb Code    68  stm32f10x_flash.o(.text)
    FLASH_GetReadOutProtectionStatus         0x08001da7   Thumb Code    20  stm32f10x_flash.o(.text)
    FLASH_EraseOptionBytes                   0x08001dbb   Thumb Code   150  stm32f10x_flash.o(.text)
    FLASH_ProgramWord                        0x08001e51   Thumb Code   102  stm32f10x_flash.o(.text)
    FLASH_ProgramHalfWord                    0x08001eb7   Thumb Code    60  stm32f10x_flash.o(.text)
    FLASH_ProgramOptionByteData              0x08001ef3   Thumb Code    72  stm32f10x_flash.o(.text)
    FLASH_EnableWriteProtection              0x08001f3b   Thumb Code   200  stm32f10x_flash.o(.text)
    FLASH_ReadOutProtection                  0x08002003   Thumb Code   156  stm32f10x_flash.o(.text)
    FLASH_UserOptionByteConfig               0x0800209f   Thumb Code    88  stm32f10x_flash.o(.text)
    FLASH_GetUserOptionByte                  0x080020f7   Thumb Code     8  stm32f10x_flash.o(.text)
    FLASH_GetWriteProtectionOptionByte       0x080020ff   Thumb Code     6  stm32f10x_flash.o(.text)
    FLASH_GetPrefetchBufferStatus            0x08002105   Thumb Code    20  stm32f10x_flash.o(.text)
    FLASH_ITConfig                           0x08002119   Thumb Code    26  stm32f10x_flash.o(.text)
    FLASH_GetFlagStatus                      0x08002133   Thumb Code    42  stm32f10x_flash.o(.text)
    FLASH_ClearFlag                          0x0800215d   Thumb Code     6  stm32f10x_flash.o(.text)
    FLASH_GetStatus                          0x08002163   Thumb Code    48  stm32f10x_flash.o(.text)
    GPIO_DeInit                              0x080021a5   Thumb Code   172  stm32f10x_gpio.o(.text)
    GPIO_AFIODeInit                          0x08002251   Thumb Code    20  stm32f10x_gpio.o(.text)
    GPIO_Init                                0x08002265   Thumb Code   274  stm32f10x_gpio.o(.text)
    GPIO_StructInit                          0x08002377   Thumb Code    16  stm32f10x_gpio.o(.text)
    GPIO_ReadInputDataBit                    0x08002387   Thumb Code    18  stm32f10x_gpio.o(.text)
    GPIO_ReadInputData                       0x08002399   Thumb Code     8  stm32f10x_gpio.o(.text)
    GPIO_ReadOutputDataBit                   0x080023a1   Thumb Code    18  stm32f10x_gpio.o(.text)
    GPIO_ReadOutputData                      0x080023b3   Thumb Code     8  stm32f10x_gpio.o(.text)
    GPIO_SetBits                             0x080023bb   Thumb Code     4  stm32f10x_gpio.o(.text)
    GPIO_ResetBits                           0x080023bf   Thumb Code     4  stm32f10x_gpio.o(.text)
    GPIO_WriteBit                            0x080023c3   Thumb Code    10  stm32f10x_gpio.o(.text)
    GPIO_Write                               0x080023cd   Thumb Code     4  stm32f10x_gpio.o(.text)
    GPIO_PinLockConfig                       0x080023d1   Thumb Code    18  stm32f10x_gpio.o(.text)
    GPIO_EventOutputConfig                   0x080023e3   Thumb Code    26  stm32f10x_gpio.o(.text)
    GPIO_EventOutputCmd                      0x080023fd   Thumb Code     6  stm32f10x_gpio.o(.text)
    GPIO_PinRemapConfig                      0x08002403   Thumb Code   138  stm32f10x_gpio.o(.text)
    GPIO_EXTILineConfig                      0x0800248d   Thumb Code    66  stm32f10x_gpio.o(.text)
    GPIO_ETH_MediaInterfaceConfig            0x080024cf   Thumb Code     6  stm32f10x_gpio.o(.text)
    RCC_DeInit                               0x080024fd   Thumb Code    64  stm32f10x_rcc.o(.text)
    RCC_HSEConfig                            0x0800253d   Thumb Code    70  stm32f10x_rcc.o(.text)
    RCC_GetFlagStatus                        0x08002583   Thumb Code    56  stm32f10x_rcc.o(.text)
    RCC_WaitForHSEStartUp                    0x080025bb   Thumb Code    56  stm32f10x_rcc.o(.text)
    RCC_AdjustHSICalibrationValue            0x080025f3   Thumb Code    20  stm32f10x_rcc.o(.text)
    RCC_HSICmd                               0x08002607   Thumb Code     6  stm32f10x_rcc.o(.text)
    RCC_PLLConfig                            0x0800260d   Thumb Code    24  stm32f10x_rcc.o(.text)
    RCC_PLLCmd                               0x08002625   Thumb Code     6  stm32f10x_rcc.o(.text)
    RCC_SYSCLKConfig                         0x0800262b   Thumb Code    18  stm32f10x_rcc.o(.text)
    RCC_GetSYSCLKSource                      0x0800263d   Thumb Code    10  stm32f10x_rcc.o(.text)
    RCC_HCLKConfig                           0x08002647   Thumb Code    18  stm32f10x_rcc.o(.text)
    RCC_PCLK1Config                          0x08002659   Thumb Code    18  stm32f10x_rcc.o(.text)
    RCC_PCLK2Config                          0x0800266b   Thumb Code    20  stm32f10x_rcc.o(.text)
    RCC_ITConfig                             0x0800267f   Thumb Code    26  stm32f10x_rcc.o(.text)
    RCC_USBCLKConfig                         0x08002699   Thumb Code     6  stm32f10x_rcc.o(.text)
    RCC_ADCCLKConfig                         0x0800269f   Thumb Code    18  stm32f10x_rcc.o(.text)
    RCC_LSEConfig                            0x080026b1   Thumb Code    44  stm32f10x_rcc.o(.text)
    RCC_LSICmd                               0x080026dd   Thumb Code     6  stm32f10x_rcc.o(.text)
    RCC_RTCCLKConfig                         0x080026e3   Thumb Code    12  stm32f10x_rcc.o(.text)
    RCC_RTCCLKCmd                            0x080026ef   Thumb Code     8  stm32f10x_rcc.o(.text)
    RCC_GetClocksFreq                        0x080026f7   Thumb Code   192  stm32f10x_rcc.o(.text)
    RCC_AHBPeriphClockCmd                    0x080027b7   Thumb Code    26  stm32f10x_rcc.o(.text)
    RCC_APB2PeriphClockCmd                   0x080027d1   Thumb Code    26  stm32f10x_rcc.o(.text)
    RCC_APB1PeriphClockCmd                   0x080027eb   Thumb Code    26  stm32f10x_rcc.o(.text)
    RCC_APB2PeriphResetCmd                   0x08002805   Thumb Code    26  stm32f10x_rcc.o(.text)
    RCC_APB1PeriphResetCmd                   0x0800281f   Thumb Code    26  stm32f10x_rcc.o(.text)
    RCC_BackupResetCmd                       0x08002839   Thumb Code     8  stm32f10x_rcc.o(.text)
    RCC_ClockSecuritySystemCmd               0x08002841   Thumb Code     6  stm32f10x_rcc.o(.text)
    RCC_MCOConfig                            0x08002847   Thumb Code     6  stm32f10x_rcc.o(.text)
    RCC_ClearFlag                            0x0800284d   Thumb Code    14  stm32f10x_rcc.o(.text)
    RCC_GetITStatus                          0x0800285b   Thumb Code    20  stm32f10x_rcc.o(.text)
    RCC_ClearITPendingBit                    0x0800286f   Thumb Code     6  stm32f10x_rcc.o(.text)
    USART_DeInit                             0x080028a1   Thumb Code   134  stm32f10x_usart.o(.text)
    USART_Init                               0x08002927   Thumb Code   210  stm32f10x_usart.o(.text)
    USART_StructInit                         0x080029f9   Thumb Code    24  stm32f10x_usart.o(.text)
    USART_ClockInit                          0x08002a11   Thumb Code    34  stm32f10x_usart.o(.text)
    USART_ClockStructInit                    0x08002a33   Thumb Code    12  stm32f10x_usart.o(.text)
    USART_Cmd                                0x08002a3f   Thumb Code    24  stm32f10x_usart.o(.text)
    USART_ITConfig                           0x08002a57   Thumb Code    74  stm32f10x_usart.o(.text)
    USART_DMACmd                             0x08002aa1   Thumb Code    18  stm32f10x_usart.o(.text)
    USART_SetAddress                         0x08002ab3   Thumb Code    18  stm32f10x_usart.o(.text)
    USART_WakeUpConfig                       0x08002ac5   Thumb Code    18  stm32f10x_usart.o(.text)
    USART_ReceiverWakeUpCmd                  0x08002ad7   Thumb Code    24  stm32f10x_usart.o(.text)
    USART_LINBreakDetectLengthConfig         0x08002aef   Thumb Code    18  stm32f10x_usart.o(.text)
    USART_LINCmd                             0x08002b01   Thumb Code    24  stm32f10x_usart.o(.text)
    USART_SendData                           0x08002b19   Thumb Code     8  stm32f10x_usart.o(.text)
    USART_ReceiveData                        0x08002b21   Thumb Code    10  stm32f10x_usart.o(.text)
    USART_SendBreak                          0x08002b2b   Thumb Code    10  stm32f10x_usart.o(.text)
    USART_SetGuardTime                       0x08002b35   Thumb Code    16  stm32f10x_usart.o(.text)
    USART_SetPrescaler                       0x08002b45   Thumb Code    16  stm32f10x_usart.o(.text)
    USART_SmartCardCmd                       0x08002b55   Thumb Code    24  stm32f10x_usart.o(.text)
    USART_SmartCardNACKCmd                   0x08002b6d   Thumb Code    24  stm32f10x_usart.o(.text)
    USART_HalfDuplexCmd                      0x08002b85   Thumb Code    24  stm32f10x_usart.o(.text)
    USART_OverSampling8Cmd                   0x08002b9d   Thumb Code    22  stm32f10x_usart.o(.text)
    USART_OneBitMethodCmd                    0x08002bb3   Thumb Code    24  stm32f10x_usart.o(.text)
    USART_IrDAConfig                         0x08002bcb   Thumb Code    18  stm32f10x_usart.o(.text)
    USART_IrDACmd                            0x08002bdd   Thumb Code    24  stm32f10x_usart.o(.text)
    USART_GetFlagStatus                      0x08002bf5   Thumb Code    26  stm32f10x_usart.o(.text)
    USART_ClearFlag                          0x08002c0f   Thumb Code    18  stm32f10x_usart.o(.text)
    USART_GetITStatus                        0x08002c21   Thumb Code    84  stm32f10x_usart.o(.text)
    USART_ClearITPendingBit                  0x08002c75   Thumb Code    52  stm32f10x_usart.o(.text)
    CRC_ResetDR                              0x08002ca9   Thumb Code     8  stm32f10x_crc.o(.text)
    CRC_CalcCRC                              0x08002cb1   Thumb Code    10  stm32f10x_crc.o(.text)
    CRC_CalcBlockCRC                         0x08002cbb   Thumb Code    32  stm32f10x_crc.o(.text)
    CRC_GetCRC                               0x08002cdb   Thumb Code     6  stm32f10x_crc.o(.text)
    CRC_SetIDRegister                        0x08002ce1   Thumb Code     6  stm32f10x_crc.o(.text)
    CRC_GetIDRegister                        0x08002ce7   Thumb Code     6  stm32f10x_crc.o(.text)
    delay_init                               0x08002cf1   Thumb Code    50  delay.o(.text)
    delay_us                                 0x08002d23   Thumb Code    70  delay.o(.text)
    delay_ms                                 0x08002d69   Thumb Code    70  delay.o(.text)
    Delay                                    0x08002daf   Thumb Code    18  delay.o(.text)
    _sys_exit                                0x08002dd1   Thumb Code     6  usart.o(.text)
    fputc                                    0x08002dd7   Thumb Code    22  usart.o(.text)
    uart_init                                0x08002ded   Thumb Code   152  usart.o(.text)
    USART1_IRQHandler                        0x08002e85   Thumb Code   122  usart.o(.text)
    FlashRead                                0x08002f11   Thumb Code     6  myflash.o(.text)
    FlashWrite                               0x08002f17   Thumb Code   138  myflash.o(.text)
    SerialDownload                           0x08002fa9   Thumb Code   150  download.o(.text)
    SerialUpload                             0x08003161   Thumb Code    58  upload.o(.text)
    Ymodem_Receive                           0x08003345   Thumb Code   570  ymodem.o(.text)
    Ymodem_CheckResponse                     0x0800357f   Thumb Code     6  ymodem.o(.text)
    Ymodem_PrepareIntialPacket               0x08003585   Thumb Code   114  ymodem.o(.text)
    Ymodem_PreparePacket                     0x080035f7   Thumb Code   140  ymodem.o(.text)
    UpdateCRC16                              0x08003683   Thumb Code    48  ymodem.o(.text)
    Cal_CRC16                                0x080036b3   Thumb Code    52  ymodem.o(.text)
    CalChecksum                              0x080036e7   Thumb Code    24  ymodem.o(.text)
    Ymodem_SendPacket                        0x080036ff   Thumb Code    26  ymodem.o(.text)
    Ymodem_Transmit                          0x08003719   Thumb Code   650  ymodem.o(.text)
    __use_no_semihosting                     0x080039a9   Thumb Code     2  use_no_semi_2.o(.text)
    __2sprintf                               0x080039ad   Thumb Code    34  noretval__2sprintf.o(.text)
    _printf_pre_padding                      0x080039d5   Thumb Code    46  _printf_pad.o(.text)
    _printf_post_padding                     0x08003a03   Thumb Code    36  _printf_pad.o(.text)
    _printf_int_dec                          0x08003a29   Thumb Code   102  _printf_dec.o(.text)
    __printf                                 0x08003aa1   Thumb Code   270  __printf_wp.o(.text)
    __aeabi_memcpy                           0x08003baf   Thumb Code     0  rt_memcpy_v6.o(.text)
    __rt_memcpy                              0x08003baf   Thumb Code   138  rt_memcpy_v6.o(.text)
    _memcpy_lastbytes                        0x08003c15   Thumb Code     0  rt_memcpy_v6.o(.text)
    __aeabi_memclr                           0x08003c39   Thumb Code     0  rt_memclr.o(.text)
    __rt_memclr                              0x08003c39   Thumb Code    68  rt_memclr.o(.text)
    _memset                                  0x08003c3d   Thumb Code     0  rt_memclr.o(.text)
    __use_two_region_memory                  0x08003c7d   Thumb Code     2  heapauxi.o(.text)
    __rt_heap_escrow$2region                 0x08003c7f   Thumb Code     2  heapauxi.o(.text)
    __rt_heap_expand$2region                 0x08003c81   Thumb Code     2  heapauxi.o(.text)
    __I$use$semihosting                      0x08003c83   Thumb Code     0  use_no_semi.o(.text)
    __use_no_semihosting_swi                 0x08003c83   Thumb Code     2  use_no_semi.o(.text)
    _printf_int_common                       0x08003c85   Thumb Code   184  _printf_intcommon.o(.text)
    _printf_char_common                      0x08003d47   Thumb Code    32  _printf_char_common.o(.text)
    _sputc                                   0x08003d6d   Thumb Code    10  _sputc.o(.text)
    __aeabi_memcpy4                          0x08003d77   Thumb Code     0  rt_memcpy_w.o(.text)
    __aeabi_memcpy8                          0x08003d77   Thumb Code     0  rt_memcpy_w.o(.text)
    __rt_memcpy_w                            0x08003d77   Thumb Code   100  rt_memcpy_w.o(.text)
    _memcpy_lastbytes_aligned                0x08003dbf   Thumb Code     0  rt_memcpy_w.o(.text)
    __aeabi_memclr4                          0x08003ddb   Thumb Code     0  rt_memclr_w.o(.text)
    __aeabi_memclr8                          0x08003ddb   Thumb Code     0  rt_memclr_w.o(.text)
    __rt_memclr_w                            0x08003ddb   Thumb Code    78  rt_memclr_w.o(.text)
    _memset_w                                0x08003ddf   Thumb Code     0  rt_memclr_w.o(.text)
    __user_setup_stackheap                   0x08003e29   Thumb Code    74  sys_stackheap_outer.o(.text)
    exit                                     0x08003e73   Thumb Code    12  exit.o(.text)
    __user_libspace                          0x08003e81   Thumb Code     8  libspace.o(.text)
    __user_perproc_libspace                  0x08003e81   Thumb Code     0  libspace.o(.text)
    __user_perthread_libspace                0x08003e81   Thumb Code     0  libspace.o(.text)
    _is_digit                                0x08003e89   Thumb Code    14  __printf_wp.o(i._is_digit)
    Region$$Table$$Base                      0x08003f38   Number         0  anon$$obj.o(Region$$Table)
    Region$$Table$$Limit                     0x08003f58   Number         0  anon$$obj.o(Region$$Table)
    ID_write                                 0x20000000   Data           1  main.o(.data)
    dataTest                                 0x20000001   Data          12  main.o(.data)
    F_startIAP                               0x2000000d   Data           1  main.o(.data)
    F_programStart                           0x2000000e   Data           1  main.o(.data)
    F_programFinish                          0x2000000f   Data           1  main.o(.data)
    F_erase                                  0x20000010   Data           1  main.o(.data)
    F_reset                                  0x20000011   Data           1  main.o(.data)
    iap_flag                                 0x20000012   Data           1  main.o(.data)
    UART3_RxLen                              0x20000014   Data           2  main.o(.data)
    programIndex                             0x20000016   Data           1  main.o(.data)
    SystemCoreClock                          0x20000018   Data           4  system_stm32f10x.o(.data)
    AHBPrescTable                            0x2000001c   Data          16  system_stm32f10x.o(.data)
    BlockNbr                                 0x2000002c   Data           4  common.o(.data)
    UserMemoryMask                           0x20000030   Data           4  common.o(.data)
    FlashProtection                          0x20000034   Data           4  common.o(.data)
    Jump_To_Application                      0x20000038   Data           4  common.o(.data)
    JumpAddress                              0x2000003c   Data           4  common.o(.data)
    testaa                                   0x20000040   Data        4096  sst25vf016.o(.data)
    testbb                                   0x20001040   Data          10  sst25vf016.o(.data)
    fac_id                                   0x2000104a   Data           1  sst25vf016.o(.data)
    dev_id                                   0x2000104b   Data           1  sst25vf016.o(.data)
    uart3_flag                               0x2000104c   Data           1  usart3.o(.data)
    R_iapRequestInfo                         0x20001080   Data           6  communication3.o(.data)
    USART_RX_STA                             0x200010a0   Data           2  usart.o(.data)
    __stdout                                 0x200010a4   Data           4  usart.o(.data)
    FlashStatus                              0x200010a8   Data           1  myflash.o(.data)
    FlashDestination                         0x200010ac   Data           4  ymodem.o(.data)
    PageSize                                 0x200010b0   Data           2  ymodem.o(.data)
    EraseCounter                             0x200010b4   Data           4  ymodem.o(.data)
    NbrOfPage                                0x200010b8   Data           4  ymodem.o(.data)
    FLASHStatus                              0x200010bc   Data           1  ymodem.o(.data)
    RamSource                                0x200010c0   Data           4  ymodem.o(.data)
    UART3_Rx                                 0x200010c4   Data        1060  main.o(.bss)
    SPI_FLASH_BUF                            0x200014e8   Data        4096  sst25vf016.o(.bss)
    spiFlashTest1                            0x200024e8   Data        1032  sst25vf016.o(.bss)
    uart3_Rx                                 0x200028f0   Data        1064  usart3.o(.bss)
    uart3_Tx                                 0x20002d18   Data        1064  usart3.o(.bss)
    R_programUpdateInfo                      0x20003140   Data        1032  communication3.o(.bss)
    USART_RX_BUF                             0x20003548   Data         200  usart.o(.bss)
    tab_1024                                 0x20003610   Data        1024  download.o(.bss)
    file_name                                0x20003a10   Data         256  ymodem.o(.bss)
    __libspace_start                         0x20003b10   Data          96  libspace.o(.bss)
    __temporary_stack_top$libspace           0x20003b70   Data           0  libspace.o(.bss)



==============================================================================

Memory Map of the image

  Image Entry point : 0x08000131

  Load Region LR_IROM1 (Base: 0x08000000, Size: 0x0000501c, Max: 0x00010000, ABSOLUTE, COMPRESSED[0x00003fe0])

    Execution Region ER_IROM1 (Base: 0x08000000, Size: 0x00003f58, Max: 0x00010000, ABSOLUTE)

    Base Addr    Size         Type   Attr      Idx    E Section Name        Object

    0x08000000   0x00000130   Data   RO          502    RESET               startup_stm32f10x_hd.o
    0x08000130   0x00000008   Code   RO          937  * !!!main             c_w.l(__main.o)
    0x08000138   0x00000034   Code   RO         1104    !!!scatter          c_w.l(__scatter.o)
    0x0800016c   0x0000003a   Code   RO         1102    !!dczerorl          c_w.l(__dczerorl.o)
    0x080001a6   0x00000002   PAD
    0x080001a8   0x0000001c   Code   RO         1106    !!handler_zi        c_w.l(__scatter_zi.o)
    0x080001c4   0x00000000   Code   RO          930    .ARM.Collect$$_printf_percent$$00000000  c_w.l(_printf_percent.o)
    0x080001c4   0x00000006   Code   RO          929    .ARM.Collect$$_printf_percent$$00000009  c_w.l(_printf_d.o)
    0x080001ca   0x00000004   Code   RO          948    .ARM.Collect$$_printf_percent$$00000017  c_w.l(_printf_percent_end.o)
    0x080001ce   0x00000002   Code   RO          979    .ARM.Collect$$libinit$$00000000  c_w.l(libinit.o)
    0x080001d0   0x00000000   Code   RO          986    .ARM.Collect$$libinit$$00000002  c_w.l(libinit2.o)
    0x080001d0   0x00000000   Code   RO          989    .ARM.Collect$$libinit$$00000008  c_w.l(libinit2.o)
    0x080001d0   0x00000000   Code   RO          991    .ARM.Collect$$libinit$$0000000A  c_w.l(libinit2.o)
    0x080001d0   0x00000000   Code   RO          993    .ARM.Collect$$libinit$$0000000C  c_w.l(libinit2.o)
    0x080001d0   0x00000000   Code   RO          996    .ARM.Collect$$libinit$$0000000F  c_w.l(libinit2.o)
    0x080001d0   0x00000000   Code   RO          998    .ARM.Collect$$libinit$$00000011  c_w.l(libinit2.o)
    0x080001d0   0x00000000   Code   RO         1000    .ARM.Collect$$libinit$$00000013  c_w.l(libinit2.o)
    0x080001d0   0x00000000   Code   RO         1002    .ARM.Collect$$libinit$$00000015  c_w.l(libinit2.o)
    0x080001d0   0x00000000   Code   RO         1004    .ARM.Collect$$libinit$$00000017  c_w.l(libinit2.o)
    0x080001d0   0x00000000   Code   RO         1006    .ARM.Collect$$libinit$$00000019  c_w.l(libinit2.o)
    0x080001d0   0x00000000   Code   RO         1008    .ARM.Collect$$libinit$$0000001B  c_w.l(libinit2.o)
    0x080001d0   0x00000000   Code   RO         1010    .ARM.Collect$$libinit$$0000001D  c_w.l(libinit2.o)
    0x080001d0   0x00000000   Code   RO         1012    .ARM.Collect$$libinit$$0000001F  c_w.l(libinit2.o)
    0x080001d0   0x00000000   Code   RO         1014    .ARM.Collect$$libinit$$00000021  c_w.l(libinit2.o)
    0x080001d0   0x00000000   Code   RO         1016    .ARM.Collect$$libinit$$00000023  c_w.l(libinit2.o)
    0x080001d0   0x00000000   Code   RO         1020    .ARM.Collect$$libinit$$0000002A  c_w.l(libinit2.o)
    0x080001d0   0x00000000   Code   RO         1022    .ARM.Collect$$libinit$$0000002C  c_w.l(libinit2.o)
    0x080001d0   0x00000000   Code   RO         1024    .ARM.Collect$$libinit$$0000002E  c_w.l(libinit2.o)
    0x080001d0   0x00000000   Code   RO         1026    .ARM.Collect$$libinit$$00000030  c_w.l(libinit2.o)
    0x080001d0   0x00000002   Code   RO         1027    .ARM.Collect$$libinit$$00000031  c_w.l(libinit2.o)
    0x080001d2   0x00000002   Code   RO         1045    .ARM.Collect$$libshutdown$$00000000  c_w.l(libshutdown.o)
    0x080001d4   0x00000000   Code   RO         1056    .ARM.Collect$$libshutdown$$00000003  c_w.l(libshutdown2.o)
    0x080001d4   0x00000000   Code   RO         1059    .ARM.Collect$$libshutdown$$00000006  c_w.l(libshutdown2.o)
    0x080001d4   0x00000000   Code   RO         1062    .ARM.Collect$$libshutdown$$00000009  c_w.l(libshutdown2.o)
    0x080001d4   0x00000000   Code   RO         1064    .ARM.Collect$$libshutdown$$0000000B  c_w.l(libshutdown2.o)
    0x080001d4   0x00000000   Code   RO         1067    .ARM.Collect$$libshutdown$$0000000E  c_w.l(libshutdown2.o)
    0x080001d4   0x00000002   Code   RO         1068    .ARM.Collect$$libshutdown$$0000000F  c_w.l(libshutdown2.o)
    0x080001d6   0x00000000   Code   RO          941    .ARM.Collect$$rtentry$$00000000  c_w.l(rtentry.o)
    0x080001d6   0x00000000   Code   RO          954    .ARM.Collect$$rtentry$$00000002  c_w.l(rtentry2.o)
    0x080001d6   0x00000006   Code   RO          966    .ARM.Collect$$rtentry$$00000004  c_w.l(rtentry4.o)
    0x080001dc   0x00000000   Code   RO          956    .ARM.Collect$$rtentry$$00000009  c_w.l(rtentry2.o)
    0x080001dc   0x00000004   Code   RO          957    .ARM.Collect$$rtentry$$0000000A  c_w.l(rtentry2.o)
    0x080001e0   0x00000000   Code   RO          959    .ARM.Collect$$rtentry$$0000000C  c_w.l(rtentry2.o)
    0x080001e0   0x00000008   Code   RO          960    .ARM.Collect$$rtentry$$0000000D  c_w.l(rtentry2.o)
    0x080001e8   0x00000002   Code   RO          983    .ARM.Collect$$rtexit$$00000000  c_w.l(rtexit.o)
    0x080001ea   0x00000000   Code   RO         1029    .ARM.Collect$$rtexit$$00000002  c_w.l(rtexit2.o)
    0x080001ea   0x00000004   Code   RO         1030    .ARM.Collect$$rtexit$$00000003  c_w.l(rtexit2.o)
    0x080001ee   0x00000006   Code   RO         1031    .ARM.Collect$$rtexit$$00000004  c_w.l(rtexit2.o)
    0x080001f4   0x00000020   Code   RO          489    .emb_text           core_cm3.o
    0x08000214   0x000001e4   Code   RO            1    .text               main.o
    0x080003f8   0x00000030   Code   RO          151    .text               stm32f10x_it.o
    0x08000428   0x000001dc   Code   RO          265    .text               system_stm32f10x.o
    0x08000604   0x0000079c   Code   RO          283    .text               common.o
    0x08000da0   0x00000108   Code   RO          304    .text               myspi.o
    0x08000ea8   0x0000038c   Code   RO          351    .text               sst25vf016.o
    0x08001234   0x0000037c   Code   RO          373    .text               lcd12864.o
    0x080015b0   0x00000044   Code   RO          391    .text               crc.o
    0x080015f4   0x00000178   Code   RO          406    .text               iap.o
    0x0800176c   0x00000054   Code   RO          438    .text               prog.o
    0x080017c0   0x0000022c   Code   RO          453    .text               usart3.o
    0x080019ec   0x000000e0   Code   RO          472    .text               communication3.o
    0x08001acc   0x00000040   Code   RO          503    .text               startup_stm32f10x_hd.o
    0x08001b0c   0x000000dc   Code   RO          507    .text               misc.o
    0x08001be8   0x000005bc   Code   RO          519    .text               stm32f10x_flash.o
    0x080021a4   0x00000358   Code   RO          531    .text               stm32f10x_gpio.o
    0x080024fc   0x000003a4   Code   RO          543    .text               stm32f10x_rcc.o
    0x080028a0   0x00000408   Code   RO          557    .text               stm32f10x_usart.o
    0x08002ca8   0x00000048   Code   RO          617    .text               stm32f10x_crc.o
    0x08002cf0   0x000000e0   Code   RO          785    .text               delay.o
    0x08002dd0   0x00000140   Code   RO          811    .text               usart.o
    0x08002f10   0x00000098   Code   RO          834    .text               myflash.o
    0x08002fa8   0x000001b8   Code   RO          849    .text               download.o
    0x08003160   0x000000f8   Code   RO          866    .text               upload.o
    0x08003258   0x00000750   Code   RO          878    .text               ymodem.o
    0x080039a8   0x00000002   Code   RO          897    .text               c_w.l(use_no_semi_2.o)
    0x080039aa   0x00000002   PAD
    0x080039ac   0x00000028   Code   RO          901    .text               c_w.l(noretval__2sprintf.o)
    0x080039d4   0x00000052   Code   RO          905    .text               c_w.l(_printf_pad.o)
    0x08003a26   0x00000002   PAD
    0x08003a28   0x00000078   Code   RO          907    .text               c_w.l(_printf_dec.o)
    0x08003aa0   0x0000010e   Code   RO          917    .text               c_w.l(__printf_wp.o)
    0x08003bae   0x0000008a   Code   RO          931    .text               c_w.l(rt_memcpy_v6.o)
    0x08003c38   0x00000044   Code   RO          933    .text               c_w.l(rt_memclr.o)
    0x08003c7c   0x00000006   Code   RO          935    .text               c_w.l(heapauxi.o)
    0x08003c82   0x00000002   Code   RO          939    .text               c_w.l(use_no_semi.o)
    0x08003c84   0x000000b8   Code   RO          942    .text               c_w.l(_printf_intcommon.o)
    0x08003d3c   0x00000030   Code   RO          944    .text               c_w.l(_printf_char_common.o)
    0x08003d6c   0x0000000a   Code   RO          946    .text               c_w.l(_sputc.o)
    0x08003d76   0x00000064   Code   RO          949    .text               c_w.l(rt_memcpy_w.o)
    0x08003dda   0x0000004e   Code   RO          951    .text               c_w.l(rt_memclr_w.o)
    0x08003e28   0x0000004a   Code   RO          970    .text               c_w.l(sys_stackheap_outer.o)
    0x08003e72   0x0000000c   Code   RO          972    .text               c_w.l(exit.o)
    0x08003e7e   0x00000002   PAD
    0x08003e80   0x00000008   Code   RO          980    .text               c_w.l(libspace.o)
    0x08003e88   0x0000000e   Code   RO          919    i._is_digit         c_w.l(__printf_wp.o)
    0x08003e96   0x00000002   PAD
    0x08003e98   0x0000004a   Data   RO          284    .constdata          common.o
    0x08003ee2   0x00000002   PAD
    0x08003ee4   0x00000053   Data   RO          851    .constdata          download.o
    0x08003f37   0x00000001   PAD
    0x08003f38   0x00000020   Data   RO         1100    Region$$Table       anon$$obj.o


    Execution Region RW_IRAM1 (Base: 0x20000000, Size: 0x00004170, Max: 0x00005000, ABSOLUTE, COMPRESSED[0x00000088])

    Base Addr    Size         Type   Attr      Idx    E Section Name        Object

    0x20000000   0x00000017   Data   RW            3    .data               main.o
    0x20000017   0x00000001   PAD
    0x20000018   0x00000014   Data   RW          266    .data               system_stm32f10x.o
    0x2000002c   0x00000014   Data   RW          285    .data               common.o
    0x20000040   0x0000100c   Data   RW          353    .data               sst25vf016.o
    0x2000104c   0x00000001   Data   RW          455    .data               usart3.o
    0x2000104d   0x00000003   PAD
    0x20001050   0x00000036   Data   RW          474    .data               communication3.o
    0x20001086   0x00000014   Data   RW          544    .data               stm32f10x_rcc.o
    0x2000109a   0x00000004   Data   RW          786    .data               delay.o
    0x2000109e   0x00000002   PAD
    0x200010a0   0x00000008   Data   RW          813    .data               usart.o
    0x200010a8   0x00000001   Data   RW          835    .data               myflash.o
    0x200010a9   0x00000003   PAD
    0x200010ac   0x00000018   Data   RW          880    .data               ymodem.o
    0x200010c4   0x00000424   Zero   RW            2    .bss                main.o
    0x200014e8   0x00001408   Zero   RW          352    .bss                sst25vf016.o
    0x200028f0   0x00000850   Zero   RW          454    .bss                usart3.o
    0x20003140   0x00000408   Zero   RW          473    .bss                communication3.o
    0x20003548   0x000000c8   Zero   RW          812    .bss                usart.o
    0x20003610   0x00000400   Zero   RW          850    .bss                download.o
    0x20003a10   0x00000100   Zero   RW          879    .bss                ymodem.o
    0x20003b10   0x00000060   Zero   RW          981    .bss                c_w.l(libspace.o)
    0x20003b70   0x00000200   Zero   RW          501    HEAP                startup_stm32f10x_hd.o
    0x20003d70   0x00000400   Zero   RW          500    STACK               startup_stm32f10x_hd.o


==============================================================================

Image component sizes


      Code (inc. data)   RO Data    RW Data    ZI Data      Debug   Object Name

      1948        764         74         20          0      19517   common.o
       224         46          0         54       1032       2235   communication3.o
        32          0          0          0          0        508   core_cm3.o
        68          4          0          0          0        964   crc.o
       224         16          0          4          0       1389   delay.o
       440        290         83          0       1024       1081   download.o
       376         60          0          0          0       3388   iap.o
       892          8          0          0          0       3626   lcd12864.o
       484         86          0         23       1060     226514   main.o
       220         20          0          0          0       1717   misc.o
       152          8          0          1          0       1377   myflash.o
       264          8          0          0          0     205834   myspi.o
        84         12          0          0          0        952   prog.o
       908         22          0       4108       5128       4412   sst25vf016.o
        64         26        304          0       1536        748   startup_stm32f10x_hd.o
        72          4          0          0          0       1634   stm32f10x_crc.o
      1468         34          0          0          0       7950   stm32f10x_flash.o
       856         40          0          0          0       5561   stm32f10x_gpio.o
        48         16          0          0          0     234542   stm32f10x_it.o
       932         44          0         20          0       8692   stm32f10x_rcc.o
      1032         22          0          0          0       8288   stm32f10x_usart.o
       476         36          0         20          0       1611   system_stm32f10x.o
       248        190          0          0          0        459   upload.o
       320         18          0          8        200       3050   usart.o
       556         24          0          1       2128       2652   usart3.o
      1872         40          0         24        256       6668   ymodem.o

    ----------------------------------------------------------------------
     14260       1838        496       4292      12364     755369   Object Totals
         0          0         32          0          0          0   (incl. Generated)
         0          0          3          9          0          0   (incl. Padding)

    ----------------------------------------------------------------------

      Code (inc. data)   RO Data    RW Data    ZI Data      Debug   Library Member Name

        58          0          0          0          0          0   __dczerorl.o
         8          0          0          0          0         68   __main.o
       284          0          0          0          0        156   __printf_wp.o
        52          8          0          0          0          0   __scatter.o
        28          0          0          0          0          0   __scatter_zi.o
        48          6          0          0          0         96   _printf_char_common.o
         6          0          0          0          0          0   _printf_d.o
       120         18          0          0          0         92   _printf_dec.o
       184          0          0          0          0         88   _printf_intcommon.o
        82          0          0          0          0        108   _printf_pad.o
         0          0          0          0          0          0   _printf_percent.o
         4          0          0          0          0          0   _printf_percent_end.o
        10          0          0          0          0         68   _sputc.o
        12          0          0          0          0         72   exit.o
         6          0          0          0          0        152   heapauxi.o
         2          0          0          0          0          0   libinit.o
         2          0          0          0          0          0   libinit2.o
         2          0          0          0          0          0   libshutdown.o
         2          0          0          0          0          0   libshutdown2.o
         8          4          0          0         96         68   libspace.o
        40          6          0          0          0         84   noretval__2sprintf.o
        68          0          0          0          0         68   rt_memclr.o
        78          0          0          0          0         80   rt_memclr_w.o
       138          0          0          0          0         68   rt_memcpy_v6.o
       100          0          0          0          0         80   rt_memcpy_w.o
         0          0          0          0          0          0   rtentry.o
        12          0          0          0          0          0   rtentry2.o
         6          0          0          0          0          0   rtentry4.o
         2          0          0          0          0          0   rtexit.o
        10          0          0          0          0          0   rtexit2.o
        74          0          0          0          0         80   sys_stackheap_outer.o
         2          0          0          0          0         68   use_no_semi.o
         2          0          0          0          0         68   use_no_semi_2.o

    ----------------------------------------------------------------------
      1460         42          0          0         96       1564   Library Totals
        10          0          0          0          0          0   (incl. Padding)

    ----------------------------------------------------------------------

      Code (inc. data)   RO Data    RW Data    ZI Data      Debug   Library Name

      1450         42          0          0         96       1564   c_w.l

    ----------------------------------------------------------------------
      1460         42          0          0         96       1564   Library Totals

    ----------------------------------------------------------------------

==============================================================================


      Code (inc. data)   RO Data    RW Data    ZI Data      Debug   

     15720       1880        496       4292      12460     753813   Grand Totals
     15720       1880        496        136      12460     753813   ELF Image Totals (compressed)
     15720       1880        496        136          0          0   ROM Totals

==============================================================================

    Total RO  Size (Code + RO Data)                16216 (  15.84kB)
    Total RW  Size (RW Data + ZI Data)             16752 (  16.36kB)
    Total ROM Size (Code + RO Data + RW Data)      16352 (  15.97kB)

==============================================================================

